============================= test session starts =============================
platform win32 -- Python 3.14.0, pytest-9.1.1, pluggy-1.6.0 -- D:\Projects\Sentinel AI\.venv\Scripts\python.exe
cachedir: .pytest_cache
rootdir: D:\Projects\Sentinel AI
configfile: pyproject.toml
plugins: anyio-4.14.2, asyncio-1.4.0
asyncio: mode=Mode.AUTO, debug=False, asyncio_default_fixture_loop_scope=None, asyncio_default_test_loop_scope=function
collecting ... collected 5 items

tests/integration/test_conversation_e2e.py::TestConversationEndToEnd::test_conversation_lifecycle FAILED [ 20%]
tests/integration/test_conversation_e2e.py::TestConversationEndToEnd::test_messaging_and_memory_workflow FAILED [ 40%]
tests/integration/test_conversation_e2e.py::TestConversationEndToEnd::test_authorization_and_isolation FAILED [ 60%]
tests/integration/test_conversation_e2e.py::TestConversationEndToEnd::test_payload_validation FAILED [ 80%]
tests/integration/test_conversation_e2e.py::TestConversationEndToEnd::test_transaction_rollback_on_failure FAILED [100%]

================================== FAILURES ===================================
____________ TestConversationEndToEnd.test_conversation_lifecycle _____________

self = <test_conversation_e2e.TestConversationEndToEnd object at 0x00000182C020FB10>
e2e_client = <httpx.AsyncClient object at 0x00000182D936DD30>
e2e_db_setup = {'user': <app.modules.auth.models.User object at 0x00000182D9199940>, 'workspace': <app.modules.workspaces.models.Work...ject at 0x00000182D9352490>, 'other_workspace': <app.modules.workspaces.models.Workspace object at 0x00000182D93525D0>}

    async def test_conversation_lifecycle(self, e2e_client, e2e_db_setup):
        """Category 1: Test creating, retrieving, listing, and deleting a conversation."""
        workspace_id = e2e_db_setup["workspace"].id
    
        # Create
>       create_res = await e2e_client.post(
            f"/api/v1/workspaces/{workspace_id}/conversations",
            json={"title": "E2E Lifecycle"}
        )

tests\integration\test_conversation_e2e.py:155: 
_ _ _ _ _ _ _ _ _ _ _ _ _ _ _ _ _ _ _ _ _ _ _ _ _ _ _ _ _ _ _ _ _ _ _ _ _ _ _ _
.venv\Lib\site-packages\httpx\_client.py:1859: in post
    return await self.request(
.venv\Lib\site-packages\httpx\_client.py:1540: in request
    return await self.send(request, auth=auth, follow_redirects=follow_redirects)
           ^^^^^^^^^^^^^^^^^^^^^^^^^^^^^^^^^^^^^^^^^^^^^^^^^^^^^^^^^^^^^^^^^^^^^^
.venv\Lib\site-packages\httpx\_client.py:1629: in send
    response = await self._send_handling_auth(
.venv\Lib\site-packages\httpx\_client.py:1657: in _send_handling_auth
    response = await self._send_handling_redirects(
.venv\Lib\site-packages\httpx\_client.py:1694: in _send_handling_redirects
    response = await self._send_single_request(request)
               ^^^^^^^^^^^^^^^^^^^^^^^^^^^^^^^^^^^^^^^^
.venv\Lib\site-packages\httpx\_client.py:1730: in _send_single_request
    response = await transport.handle_async_request(request)
               ^^^^^^^^^^^^^^^^^^^^^^^^^^^^^^^^^^^^^^^^^^^^^
.venv\Lib\site-packages\httpx\_transports\asgi.py:170: in handle_async_request
    await self.app(scope, receive, send)
.venv\Lib\site-packages\fastapi\applications.py:1163: in __call__
    await super().__call__(scope, receive, send)
.venv\Lib\site-packages\starlette\applications.py:90: in __call__
    await self.middleware_stack(scope, receive, send)
.venv\Lib\site-packages\starlette\middleware\errors.py:186: in __call__
    raise exc
.venv\Lib\site-packages\starlette\middleware\errors.py:164: in __call__
    await self.app(scope, receive, _send)
.venv\Lib\site-packages\starlette\middleware\cors.py:88: in __call__
    await self.app(scope, receive, send)
.venv\Lib\site-packages\starlette\middleware\exceptions.py:63: in __call__
    await wrap_app_handling_exceptions(self.app, conn)(scope, receive, send)
.venv\Lib\site-packages\starlette\_exception_handler.py:53: in wrapped_app
    raise exc
.venv\Lib\site-packages\starlette\_exception_handler.py:42: in wrapped_app
    await app(scope, receive, sender)
.venv\Lib\site-packages\fastapi\middleware\asyncexitstack.py:18: in __call__
    await self.app(scope, receive, send)
.venv\Lib\site-packages\starlette\routing.py:660: in __call__
    await self.middleware_stack(scope, receive, send)
.venv\Lib\site-packages\fastapi\routing.py:2683: in app
    await route.handle(scope, receive, send)
.venv\Lib\site-packages\fastapi\routing.py:1753: in handle
    await self.original_router.handle(scope, receive, send)
.venv\Lib\site-packages\fastapi\routing.py:2738: in handle
    await included_router._handle_selected(scope, receive, send)
.venv\Lib\site-packages\fastapi\routing.py:1764: in _handle_selected
    await route.handle(scope, receive, send)
.venv\Lib\site-packages\fastapi\routing.py:1753: in handle
    await self.original_router.handle(scope, receive, send)
.venv\Lib\site-packages\fastapi\routing.py:2738: in handle
    await included_router._handle_selected(scope, receive, send)
.venv\Lib\site-packages\fastapi\routing.py:1773: in _handle_selected
    await original_route.handle(scope, receive, send)
.venv\Lib\site-packages\fastapi\routing.py:1264: in handle
    await app(scope, receive, send)
.venv\Lib\site-packages\fastapi\routing.py:150: in app
    await wrap_app_handling_exceptions(app, request)(scope, receive, send)
.venv\Lib\site-packages\starlette\_exception_handler.py:53: in wrapped_app
    raise exc
.venv\Lib\site-packages\starlette\_exception_handler.py:42: in wrapped_app
    await app(scope, receive, sender)
.venv\Lib\site-packages\fastapi\routing.py:136: in app
    response = await f(request)
               ^^^^^^^^^^^^^^^^
.venv\Lib\site-packages\fastapi\routing.py:690: in app
    raw_response = await run_endpoint_function(
.venv\Lib\site-packages\fastapi\routing.py:344: in run_endpoint_function
    return await dependant.call(**values)
           ^^^^^^^^^^^^^^^^^^^^^^^^^^^^^^
backend\app\modules\conversations\router.py:61: in create_conversation
    conversation = await service.create_conversation(
backend\app\modules\conversations\service.py:42: in create_conversation
    await self._get_workspace(workspace_id, owner_id)
backend\app\modules\conversations\service.py:163: in _get_workspace
    workspace = await self._workspace_repo.get_by_id(workspace_id, owner_id)
                ^^^^^^^^^^^^^^^^^^^^^^^^^^^^^^^^^^^^^^^^^^^^^^^^^^^^^^^^^^^^
backend\app\modules\workspaces\repository.py:30: in get_by_id
    result = await self._session.execute(
.venv\Lib\site-packages\sqlalchemy\ext\asyncio\session.py:448: in execute
    result = await greenlet_spawn(
.venv\Lib\site-packages\sqlalchemy\util\_concurrency_py3k.py:201: in greenlet_spawn
    result = context.throw(*sys.exc_info())
             ^^^^^^^^^^^^^^^^^^^^^^^^^^^^^^
.venv\Lib\site-packages\sqlalchemy\orm\session.py:2373: in execute
    return self._execute_internal(
.venv\Lib\site-packages\sqlalchemy\orm\session.py:2261: in _execute_internal
    conn = self._connection_for_bind(bind)
           ^^^^^^^^^^^^^^^^^^^^^^^^^^^^^^^
.venv\Lib\site-packages\sqlalchemy\orm\session.py:2113: in _connection_for_bind
    return trans._connection_for_bind(engine, execution_options)
           ^^^^^^^^^^^^^^^^^^^^^^^^^^^^^^^^^^^^^^^^^^^^^^^^^^^^^
<string>:2: in _connection_for_bind
    ???
.venv\Lib\site-packages\sqlalchemy\orm\state_changes.py:137: in _go
    ret_value = fn(self, *arg, **kw)
                ^^^^^^^^^^^^^^^^^^^^
.venv\Lib\site-packages\sqlalchemy\orm\session.py:1191: in _connection_for_bind
    conn = bind.connect()
           ^^^^^^^^^^^^^^
.venv\Lib\site-packages\sqlalchemy\engine\base.py:3295: in connect
    return self._connection_cls(self)
           ^^^^^^^^^^^^^^^^^^^^^^^^^^
.venv\Lib\site-packages\sqlalchemy\engine\base.py:144: in __init__
    self._dbapi_connection = engine.raw_connection()
                             ^^^^^^^^^^^^^^^^^^^^^^^
.venv\Lib\site-packages\sqlalchemy\engine\base.py:3319: in raw_connection
    return self.pool.connect()
           ^^^^^^^^^^^^^^^^^^^
.venv\Lib\site-packages\sqlalchemy\pool\base.py:448: in connect
    return _ConnectionFairy._checkout(self)
           ^^^^^^^^^^^^^^^^^^^^^^^^^^^^^^^^
.venv\Lib\site-packages\sqlalchemy\pool\base.py:1272: in _checkout
    fairy = _ConnectionRecord.checkout(pool)
            ^^^^^^^^^^^^^^^^^^^^^^^^^^^^^^^^
.venv\Lib\site-packages\sqlalchemy\pool\base.py:712: in checkout
    rec = pool._do_get()
          ^^^^^^^^^^^^^^
.venv\Lib\site-packages\sqlalchemy\pool\impl.py:178: in _do_get
    with util.safe_reraise():
         ^^^^^^^^^^^^^^^^^^^
.venv\Lib\site-packages\sqlalchemy\util\langhelpers.py:122: in __exit__
    raise exc_value.with_traceback(exc_tb)
.venv\Lib\site-packages\sqlalchemy\pool\impl.py:176: in _do_get
    return self._create_connection()
           ^^^^^^^^^^^^^^^^^^^^^^^^^
.venv\Lib\site-packages\sqlalchemy\pool\base.py:389: in _create_connection
    return _ConnectionRecord(self)
           ^^^^^^^^^^^^^^^^^^^^^^^
.venv\Lib\site-packages\sqlalchemy\pool\base.py:674: in __init__
    self.__connect()
.venv\Lib\site-packages\sqlalchemy\pool\base.py:900: in __connect
    with util.safe_reraise():
         ^^^^^^^^^^^^^^^^^^^
.venv\Lib\site-packages\sqlalchemy\util\langhelpers.py:122: in __exit__
    raise exc_value.with_traceback(exc_tb)
.venv\Lib\site-packages\sqlalchemy\pool\base.py:896: in __connect
    self.dbapi_connection = connection = pool._invoke_creator(self)
                                         ^^^^^^^^^^^^^^^^^^^^^^^^^^
.venv\Lib\site-packages\sqlalchemy\engine\create.py:667: in connect
    return dialect.connect(*cargs_tup, **cparams)
           ^^^^^^^^^^^^^^^^^^^^^^^^^^^^^^^^^^^^^^
.venv\Lib\site-packages\sqlalchemy\engine\default.py:630: in connect
    return self.loaded_dbapi.connect(*cargs, **cparams)  # type: ignore[no-any-return]  # NOQA: E501
           ^^^^^^^^^^^^^^^^^^^^^^^^^^^^^^^^^^^^^^^^^^^^
.venv\Lib\site-packages\sqlalchemy\dialects\postgresql\asyncpg.py:955: in connect
    await_only(creator_fn(*arg, **kw)),
    ^^^^^^^^^^^^^^^^^^^^^^^^^^^^^^^^^^
.venv\Lib\site-packages\sqlalchemy\util\_concurrency_py3k.py:132: in await_only
    return current.parent.switch(awaitable)  # type: ignore[no-any-return,attr-defined] # noqa: E501
           ^^^^^^^^^^^^^^^^^^^^^^^^^^^^^^^^
.venv\Lib\site-packages\sqlalchemy\util\_concurrency_py3k.py:196: in greenlet_spawn
    value = await result
            ^^^^^^^^^^^^
.venv\Lib\site-packages\asyncpg\connection.py:2443: in connect
    return await connect_utils._connect(
.venv\Lib\site-packages\asyncpg\connect_utils.py:1249: in _connect
    raise last_error or exceptions.TargetServerAttributeNotMatched(
.venv\Lib\site-packages\asyncpg\connect_utils.py:1218: in _connect
    conn = await _connect_addr(
.venv\Lib\site-packages\asyncpg\connect_utils.py:1054: in _connect_addr
    return await __connect_addr(params, True, *args)
           ^^^^^^^^^^^^^^^^^^^^^^^^^^^^^^^^^^^^^^^^^
.venv\Lib\site-packages\asyncpg\connect_utils.py:1099: in __connect_addr
    tr, pr = await connector
             ^^^^^^^^^^^^^^^
.venv\Lib\site-packages\asyncpg\connect_utils.py:969: in _create_ssl_connection
    tr, pr = await loop.create_connection(
C:\Users\Robin\AppData\Local\Programs\Python\Python314\Lib\asyncio\base_events.py:1119: in create_connection
    infos = await self._ensure_resolved(
C:\Users\Robin\AppData\Local\Programs\Python\Python314\Lib\asyncio\base_events.py:1505: in _ensure_resolved
    return await loop.getaddrinfo(host, port, family=family, type=type,
C:\Users\Robin\AppData\Local\Programs\Python\Python314\Lib\asyncio\base_events.py:936: in getaddrinfo
    return await self.run_in_executor(
C:\Users\Robin\AppData\Local\Programs\Python\Python314\Lib\concurrent\futures\thread.py:86: in run
    result = ctx.run(self.task)
             ^^^^^^^^^^^^^^^^^^
C:\Users\Robin\AppData\Local\Programs\Python\Python314\Lib\concurrent\futures\thread.py:73: in run
    return fn(*args, **kwargs)
           ^^^^^^^^^^^^^^^^^^^
_ _ _ _ _ _ _ _ _ _ _ _ _ _ _ _ _ _ _ _ _ _ _ _ _ _ _ _ _ _ _ _ _ _ _ _ _ _ _ _

host = 'postgres', port = 5432, family = 0, type = <SocketKind.SOCK_STREAM: 1>
proto = 0, flags = 0

    def getaddrinfo(host, port, family=0, type=0, proto=0, flags=0):
        """Resolve host and port into list of address info entries.
    
        Translate the host/port argument into a sequence of 5-tuples that contain
        all the necessary arguments for creating a socket connected to that service.
        host is a domain name, a string representation of an IPv4/v6 address or
        None. port is a string service name such as 'http', a numeric port number or
        None. By passing None as the value of host and port, you can pass NULL to
        the underlying C API.
    
        The family, type and proto arguments can be optionally specified in order to
        narrow the list of addresses returned. Passing zero as a value for each of
        these arguments selects the full range of results.
        """
        # We override this function since we want to translate the numeric family
        # and socket type values to enum constants.
        addrlist = []
>       for res in _socket.getaddrinfo(host, port, family, type, proto, flags):
                   ^^^^^^^^^^^^^^^^^^^^^^^^^^^^^^^^^^^^^^^^^^^^^^^^^^^^^^^^^^^
E       socket.gaierror: [Errno 11001] getaddrinfo failed

C:\Users\Robin\AppData\Local\Programs\Python\Python314\Lib\socket.py:983: gaierror
---------------------------- Captured stdout call -----------------------------
{"timestamp": "2026-07-21 03:51:27,966", "level": "ERROR", "name": "app.main", "message": "Unhandled exception.", "exc_info": "Traceback (most recent call last):\n  File \"D:\\Projects\\Sentinel AI\\.venv\\Lib\\site-packages\\starlette\\middleware\\errors.py\", line 164, in __call__\n    await self.app(scope, receive, _send)\n  File \"D:\\Projects\\Sentinel AI\\.venv\\Lib\\site-packages\\starlette\\middleware\\cors.py\", line 88, in __call__\n    await self.app(scope, receive, send)\n  File \"D:\\Projects\\Sentinel AI\\.venv\\Lib\\site-packages\\starlette\\middleware\\exceptions.py\", line 63, in __call__\n    await wrap_app_handling_exceptions(self.app, conn)(scope, receive, send)\n  File \"D:\\Projects\\Sentinel AI\\.venv\\Lib\\site-packages\\starlette\\_exception_handler.py\", line 53, in wrapped_app\n    raise exc\n  File \"D:\\Projects\\Sentinel AI\\.venv\\Lib\\site-packages\\starlette\\_exception_handler.py\", line 42, in wrapped_app\n    await app(scope, receive, sender)\n  File \"D:\\Projects\\Sentinel AI\\.venv\\Lib\\site-packages\\fastapi\\middleware\\asyncexitstack.py\", line 18, in __call__\n    await self.app(scope, receive, send)\n  File \"D:\\Projects\\Sentinel AI\\.venv\\Lib\\site-packages\\starlette\\routing.py\", line 660, in __call__\n    await self.middleware_stack(scope, receive, send)\n  File \"D:\\Projects\\Sentinel AI\\.venv\\Lib\\site-packages\\fastapi\\routing.py\", line 2683, in app\n    await route.handle(scope, receive, send)\n  File \"D:\\Projects\\Sentinel AI\\.venv\\Lib\\site-packages\\fastapi\\routing.py\", line 1753, in handle\n    await self.original_router.handle(scope, receive, send)\n  File \"D:\\Projects\\Sentinel AI\\.venv\\Lib\\site-packages\\fastapi\\routing.py\", line 2738, in handle\n    await included_router._handle_selected(scope, receive, send)\n  File \"D:\\Projects\\Sentinel AI\\.venv\\Lib\\site-packages\\fastapi\\routing.py\", line 1764, in _handle_selected\n    await route.handle(scope, receive, send)\n  File \"D:\\Projects\\Sentinel AI\\.venv\\Lib\\site-packages\\fastapi\\routing.py\", line 1753, in handle\n    await self.original_router.handle(scope, receive, send)\n  File \"D:\\Projects\\Sentinel AI\\.venv\\Lib\\site-packages\\fastapi\\routing.py\", line 2738, in handle\n    await included_router._handle_selected(scope, receive, send)\n  File \"D:\\Projects\\Sentinel AI\\.venv\\Lib\\site-packages\\fastapi\\routing.py\", line 1773, in _handle_selected\n    await original_route.handle(scope, receive, send)\n  File \"D:\\Projects\\Sentinel AI\\.venv\\Lib\\site-packages\\fastapi\\routing.py\", line 1264, in handle\n    await app(scope, receive, send)\n  File \"D:\\Projects\\Sentinel AI\\.venv\\Lib\\site-packages\\fastapi\\routing.py\", line 150, in app\n    await wrap_app_handling_exceptions(app, request)(scope, receive, send)\n  File \"D:\\Projects\\Sentinel AI\\.venv\\Lib\\site-packages\\starlette\\_exception_handler.py\", line 53, in wrapped_app\n    raise exc\n  File \"D:\\Projects\\Sentinel AI\\.venv\\Lib\\site-packages\\starlette\\_exception_handler.py\", line 42, in wrapped_app\n    await app(scope, receive, sender)\n  File \"D:\\Projects\\Sentinel AI\\.venv\\Lib\\site-packages\\fastapi\\routing.py\", line 136, in app\n    response = await f(request)\n               ^^^^^^^^^^^^^^^^\n  File \"D:\\Projects\\Sentinel AI\\.venv\\Lib\\site-packages\\fastapi\\routing.py\", line 690, in app\n    raw_response = await run_endpoint_function(\n                   ^^^^^^^^^^^^^^^^^^^^^^^^^^^^\n    ...<3 lines>...\n    )\n    ^\n  File \"D:\\Projects\\Sentinel AI\\.venv\\Lib\\site-packages\\fastapi\\routing.py\", line 344, in run_endpoint_function\n    return await dependant.call(**values)\n           ^^^^^^^^^^^^^^^^^^^^^^^^^^^^^^\n  File \"D:\\Projects\\Sentinel AI\\backend\\app\\modules\\conversations\\router.py\", line 61, in create_conversation\n    conversation = await service.create_conversation(\n                   ^^^^^^^^^^^^^^^^^^^^^^^^^^^^^^^^^^\n    ...<3 lines>...\n    )\n    ^\n  File \"D:\\Projects\\Sentinel AI\\backend\\app\\modules\\conversations\\service.py\", line 42, in create_conversation\n    await self._get_workspace(workspace_id, owner_id)\n  File \"D:\\Projects\\Sentinel AI\\backend\\app\\modules\\conversations\\service.py\", line 163, in _get_workspace\n    workspace = await self._workspace_repo.get_by_id(workspace_id, owner_id)\n                ^^^^^^^^^^^^^^^^^^^^^^^^^^^^^^^^^^^^^^^^^^^^^^^^^^^^^^^^^^^^\n  File \"D:\\Projects\\Sentinel AI\\backend\\app\\modules\\workspaces\\repository.py\", line 30, in get_by_id\n    result = await self._session.execute(\n             ^^^^^^^^^^^^^^^^^^^^^^^^^^^^\n    ...<4 lines>...\n    )\n    ^\n  File \"D:\\Projects\\Sentinel AI\\.venv\\Lib\\site-packages\\sqlalchemy\\ext\\asyncio\\session.py\", line 448, in execute\n    result = await greenlet_spawn(\n             ^^^^^^^^^^^^^^^^^^^^^\n    ...<6 lines>...\n    )\n    ^\n  File \"D:\\Projects\\Sentinel AI\\.venv\\Lib\\site-packages\\sqlalchemy\\util\\_concurrency_py3k.py\", line 201, in greenlet_spawn\n    result = context.throw(*sys.exc_info())\n  File \"D:\\Projects\\Sentinel AI\\.venv\\Lib\\site-packages\\sqlalchemy\\orm\\session.py\", line 2373, in execute\n    return self._execute_internal(\n           ~~~~~~~~~~~~~~~~~~~~~~^\n        statement,\n        ^^^^^^^^^^\n    ...<4 lines>...\n        _add_event=_add_event,\n        ^^^^^^^^^^^^^^^^^^^^^^\n    )\n    ^\n  File \"D:\\Projects\\Sentinel AI\\.venv\\Lib\\site-packages\\sqlalchemy\\orm\\session.py\", line 2261, in _execute_internal\n    conn = self._connection_for_bind(bind)\n  File \"D:\\Projects\\Sentinel AI\\.venv\\Lib\\site-packages\\sqlalchemy\\orm\\session.py\", line 2113, in _connection_for_bind\n    return trans._connection_for_bind(engine, execution_options)\n           ~~~~~~~~~~~~~~~~~~~~~~~~~~^^^^^^^^^^^^^^^^^^^^^^^^^^^\n  File \"<string>\", line 2, in _connection_for_bind\n  File \"D:\\Projects\\Sentinel AI\\.venv\\Lib\\site-packages\\sqlalchemy\\orm\\state_changes.py\", line 137, in _go\n    ret_value = fn(self, *arg, **kw)\n  File \"D:\\Projects\\Sentinel AI\\.venv\\Lib\\site-packages\\sqlalchemy\\orm\\session.py\", line 1191, in _connection_for_bind\n    conn = bind.connect()\n  File \"D:\\Projects\\Sentinel AI\\.venv\\Lib\\site-packages\\sqlalchemy\\engine\\base.py\", line 3295, in connect\n    return self._connection_cls(self)\n           ~~~~~~~~~~~~~~~~~~~~^^^^^^\n  File \"D:\\Projects\\Sentinel AI\\.venv\\Lib\\site-packages\\sqlalchemy\\engine\\base.py\", line 144, in __init__\n    self._dbapi_connection = engine.raw_connection()\n                             ~~~~~~~~~~~~~~~~~~~~~^^\n  File \"D:\\Projects\\Sentinel AI\\.venv\\Lib\\site-packages\\sqlalchemy\\engine\\base.py\", line 3319, in raw_connection\n    return self.pool.connect()\n           ~~~~~~~~~~~~~~~~~^^\n  File \"D:\\Projects\\Sentinel AI\\.venv\\Lib\\site-packages\\sqlalchemy\\pool\\base.py\", line 448, in connect\n    return _ConnectionFairy._checkout(self)\n           ~~~~~~~~~~~~~~~~~~~~~~~~~~^^^^^^\n  File \"D:\\Projects\\Sentinel AI\\.venv\\Lib\\site-packages\\sqlalchemy\\pool\\base.py\", line 1272, in _checkout\n    fairy = _ConnectionRecord.checkout(pool)\n  File \"D:\\Projects\\Sentinel AI\\.venv\\Lib\\site-packages\\sqlalchemy\\pool\\base.py\", line 712, in checkout\n    rec = pool._do_get()\n  File \"D:\\Projects\\Sentinel AI\\.venv\\Lib\\site-packages\\sqlalchemy\\pool\\impl.py\", line 178, in _do_get\n    with util.safe_reraise():\n         ~~~~~~~~~~~~~~~~~^^\n  File \"D:\\Projects\\Sentinel AI\\.venv\\Lib\\site-packages\\sqlalchemy\\util\\langhelpers.py\", line 122, in __exit__\n    raise exc_value.with_traceback(exc_tb)\n  File \"D:\\Projects\\Sentinel AI\\.venv\\Lib\\site-packages\\sqlalchemy\\pool\\impl.py\", line 176, in _do_get\n    return self._create_connection()\n           ~~~~~~~~~~~~~~~~~~~~~~~^^\n  File \"D:\\Projects\\Sentinel AI\\.venv\\Lib\\site-packages\\sqlalchemy\\pool\\base.py\", line 389, in _create_connection\n    return _ConnectionRecord(self)\n  File \"D:\\Projects\\Sentinel AI\\.venv\\Lib\\site-packages\\sqlalchemy\\pool\\base.py\", line 674, in __init__\n    self.__connect()\n    ~~~~~~~~~~~~~~^^\n  File \"D:\\Projects\\Sentinel AI\\.venv\\Lib\\site-packages\\sqlalchemy\\pool\\base.py\", line 900, in __connect\n    with util.safe_reraise():\n         ~~~~~~~~~~~~~~~~~^^\n  File \"D:\\Projects\\Sentinel AI\\.venv\\Lib\\site-packages\\sqlalchemy\\util\\langhelpers.py\", line 122, in __exit__\n    raise exc_value.with_traceback(exc_tb)\n  File \"D:\\Projects\\Sentinel AI\\.venv\\Lib\\site-packages\\sqlalchemy\\pool\\base.py\", line 896, in __connect\n    self.dbapi_connection = connection = pool._invoke_creator(self)\n                                         ~~~~~~~~~~~~~~~~~~~~^^^^^^\n  File \"D:\\Projects\\Sentinel AI\\.venv\\Lib\\site-packages\\sqlalchemy\\engine\\create.py\", line 667, in connect\n    return dialect.connect(*cargs_tup, **cparams)\n           ~~~~~~~~~~~~~~~^^^^^^^^^^^^^^^^^^^^^^^\n  File \"D:\\Projects\\Sentinel AI\\.venv\\Lib\\site-packages\\sqlalchemy\\engine\\default.py\", line 630, in connect\n    return self.loaded_dbapi.connect(*cargs, **cparams)  # type: ignore[no-any-return]  # NOQA: E501\n           ~~~~~~~~~~~~~~~~~~~~~~~~~^^^^^^^^^^^^^^^^^^^\n  File \"D:\\Projects\\Sentinel AI\\.venv\\Lib\\site-packages\\sqlalchemy\\dialects\\postgresql\\asyncpg.py\", line 955, in connect\n    await_only(creator_fn(*arg, **kw)),\n    ~~~~~~~~~~^^^^^^^^^^^^^^^^^^^^^^^^\n  File \"D:\\Projects\\Sentinel AI\\.venv\\Lib\\site-packages\\sqlalchemy\\util\\_concurrency_py3k.py\", line 132, in await_only\n    return current.parent.switch(awaitable)  # type: ignore[no-any-return,attr-defined] # noqa: E501\n           ~~~~~~~~~~~~~~~~~~~~~^^^^^^^^^^^\n  File \"D:\\Projects\\Sentinel AI\\.venv\\Lib\\site-packages\\sqlalchemy\\util\\_concurrency_py3k.py\", line 196, in greenlet_spawn\n    value = await result\n            ^^^^^^^^^^^^\n  File \"D:\\Projects\\Sentinel AI\\.venv\\Lib\\site-packages\\asyncpg\\connection.py\", line 2443, in connect\n    return await connect_utils._connect(\n           ^^^^^^^^^^^^^^^^^^^^^^^^^^^^^\n    ...<22 lines>...\n    )\n    ^\n  File \"D:\\Projects\\Sentinel AI\\.venv\\Lib\\site-packages\\asyncpg\\connect_utils.py\", line 1249, in _connect\n    raise last_error or exceptions.TargetServerAttributeNotMatched(\n    ...<2 lines>...\n    )\n  File \"D:\\Projects\\Sentinel AI\\.venv\\Lib\\site-packages\\asyncpg\\connect_utils.py\", line 1218, in _connect\n    conn = await _connect_addr(\n           ^^^^^^^^^^^^^^^^^^^^\n    ...<6 lines>...\n    )\n    ^\n  File \"D:\\Projects\\Sentinel AI\\.venv\\Lib\\site-packages\\asyncpg\\connect_utils.py\", line 1054, in _connect_addr\n    return await __connect_addr(params, True, *args)\n           ^^^^^^^^^^^^^^^^^^^^^^^^^^^^^^^^^^^^^^^^^\n  File \"D:\\Projects\\Sentinel AI\\.venv\\Lib\\site-packages\\asyncpg\\connect_utils.py\", line 1099, in __connect_addr\n    tr, pr = await connector\n             ^^^^^^^^^^^^^^^\n  File \"D:\\Projects\\Sentinel AI\\.venv\\Lib\\site-packages\\asyncpg\\connect_utils.py\", line 969, in _create_ssl_connection\n    tr, pr = await loop.create_connection(\n             ^^^^^^^^^^^^^^^^^^^^^^^^^^^^^\n    ...<2 lines>...\n        host, port)\n        ^^^^^^^^^^^\n  File \"C:\\Users\\Robin\\AppData\\Local\\Programs\\Python\\Python314\\Lib\\asyncio\\base_events.py\", line 1119, in create_connection\n    infos = await self._ensure_resolved(\n            ^^^^^^^^^^^^^^^^^^^^^^^^^^^^\n        (host, port), family=family,\n        ^^^^^^^^^^^^^^^^^^^^^^^^^^^^\n        type=socket.SOCK_STREAM, proto=proto, flags=flags, loop=self)\n        ^^^^^^^^^^^^^^^^^^^^^^^^^^^^^^^^^^^^^^^^^^^^^^^^^^^^^^^^^^^^^\n  File \"C:\\Users\\Robin\\AppData\\Local\\Programs\\Python\\Python314\\Lib\\asyncio\\base_events.py\", line 1505, in _ensure_resolved\n    return await loop.getaddrinfo(host, port, family=family, type=type,\n           ^^^^^^^^^^^^^^^^^^^^^^^^^^^^^^^^^^^^^^^^^^^^^^^^^^^^^^^^^^^^\n                                  proto=proto, flags=flags)\n                                  ^^^^^^^^^^^^^^^^^^^^^^^^^\n  File \"C:\\Users\\Robin\\AppData\\Local\\Programs\\Python\\Python314\\Lib\\asyncio\\base_events.py\", line 936, in getaddrinfo\n    return await self.run_in_executor(\n           ^^^^^^^^^^^^^^^^^^^^^^^^^^^\n        None, getaddr_func, host, port, family, type, proto, flags)\n        ^^^^^^^^^^^^^^^^^^^^^^^^^^^^^^^^^^^^^^^^^^^^^^^^^^^^^^^^^^^\n  File \"C:\\Users\\Robin\\AppData\\Local\\Programs\\Python\\Python314\\Lib\\concurrent\\futures\\thread.py\", line 86, in run\n    result = ctx.run(self.task)\n  File \"C:\\Users\\Robin\\AppData\\Local\\Programs\\Python\\Python314\\Lib\\concurrent\\futures\\thread.py\", line 73, in run\n    return fn(*args, **kwargs)\n  File \"C:\\Users\\Robin\\AppData\\Local\\Programs\\Python\\Python314\\Lib\\socket.py\", line 983, in getaddrinfo\n    for res in _socket.getaddrinfo(host, port, family, type, proto, flags):\n               ~~~~~~~~~~~~~~~~~~~^^^^^^^^^^^^^^^^^^^^^^^^^^^^^^^^^^^^^^^^\nsocket.gaierror: [Errno 11001] getaddrinfo failed", "path": "http://test/api/v1/workspaces/db534791-2539-437a-b64d-89f7681ba801/conversations", "error": "[Errno 11001] getaddrinfo failed"}
------------------------------ Captured log call ------------------------------
ERROR    app.main:main.py:118 Unhandled exception.
Traceback (most recent call last):
  File "D:\Projects\Sentinel AI\.venv\Lib\site-packages\starlette\middleware\errors.py", line 164, in __call__
    await self.app(scope, receive, _send)
  File "D:\Projects\Sentinel AI\.venv\Lib\site-packages\starlette\middleware\cors.py", line 88, in __call__
    await self.app(scope, receive, send)
  File "D:\Projects\Sentinel AI\.venv\Lib\site-packages\starlette\middleware\exceptions.py", line 63, in __call__
    await wrap_app_handling_exceptions(self.app, conn)(scope, receive, send)
  File "D:\Projects\Sentinel AI\.venv\Lib\site-packages\starlette\_exception_handler.py", line 53, in wrapped_app
    raise exc
  File "D:\Projects\Sentinel AI\.venv\Lib\site-packages\starlette\_exception_handler.py", line 42, in wrapped_app
    await app(scope, receive, sender)
  File "D:\Projects\Sentinel AI\.venv\Lib\site-packages\fastapi\middleware\asyncexitstack.py", line 18, in __call__
    await self.app(scope, receive, send)
  File "D:\Projects\Sentinel AI\.venv\Lib\site-packages\starlette\routing.py", line 660, in __call__
    await self.middleware_stack(scope, receive, send)
  File "D:\Projects\Sentinel AI\.venv\Lib\site-packages\fastapi\routing.py", line 2683, in app
    await route.handle(scope, receive, send)
  File "D:\Projects\Sentinel AI\.venv\Lib\site-packages\fastapi\routing.py", line 1753, in handle
    await self.original_router.handle(scope, receive, send)
  File "D:\Projects\Sentinel AI\.venv\Lib\site-packages\fastapi\routing.py", line 2738, in handle
    await included_router._handle_selected(scope, receive, send)
  File "D:\Projects\Sentinel AI\.venv\Lib\site-packages\fastapi\routing.py", line 1764, in _handle_selected
    await route.handle(scope, receive, send)
  File "D:\Projects\Sentinel AI\.venv\Lib\site-packages\fastapi\routing.py", line 1753, in handle
    await self.original_router.handle(scope, receive, send)
  File "D:\Projects\Sentinel AI\.venv\Lib\site-packages\fastapi\routing.py", line 2738, in handle
    await included_router._handle_selected(scope, receive, send)
  File "D:\Projects\Sentinel AI\.venv\Lib\site-packages\fastapi\routing.py", line 1773, in _handle_selected
    await original_route.handle(scope, receive, send)
  File "D:\Projects\Sentinel AI\.venv\Lib\site-packages\fastapi\routing.py", line 1264, in handle
    await app(scope, receive, send)
  File "D:\Projects\Sentinel AI\.venv\Lib\site-packages\fastapi\routing.py", line 150, in app
    await wrap_app_handling_exceptions(app, request)(scope, receive, send)
  File "D:\Projects\Sentinel AI\.venv\Lib\site-packages\starlette\_exception_handler.py", line 53, in wrapped_app
    raise exc
  File "D:\Projects\Sentinel AI\.venv\Lib\site-packages\starlette\_exception_handler.py", line 42, in wrapped_app
    await app(scope, receive, sender)
  File "D:\Projects\Sentinel AI\.venv\Lib\site-packages\fastapi\routing.py", line 136, in app
    response = await f(request)
               ^^^^^^^^^^^^^^^^
  File "D:\Projects\Sentinel AI\.venv\Lib\site-packages\fastapi\routing.py", line 690, in app
    raw_response = await run_endpoint_function(
                   ^^^^^^^^^^^^^^^^^^^^^^^^^^^^
    ...<3 lines>...
    )
    ^
  File "D:\Projects\Sentinel AI\.venv\Lib\site-packages\fastapi\routing.py", line 344, in run_endpoint_function
    return await dependant.call(**values)
           ^^^^^^^^^^^^^^^^^^^^^^^^^^^^^^
  File "D:\Projects\Sentinel AI\backend\app\modules\conversations\router.py", line 61, in create_conversation
    conversation = await service.create_conversation(
                   ^^^^^^^^^^^^^^^^^^^^^^^^^^^^^^^^^^
    ...<3 lines>...
    )
    ^
  File "D:\Projects\Sentinel AI\backend\app\modules\conversations\service.py", line 42, in create_conversation
    await self._get_workspace(workspace_id, owner_id)
  File "D:\Projects\Sentinel AI\backend\app\modules\conversations\service.py", line 163, in _get_workspace
    workspace = await self._workspace_repo.get_by_id(workspace_id, owner_id)
                ^^^^^^^^^^^^^^^^^^^^^^^^^^^^^^^^^^^^^^^^^^^^^^^^^^^^^^^^^^^^
  File "D:\Projects\Sentinel AI\backend\app\modules\workspaces\repository.py", line 30, in get_by_id
    result = await self._session.execute(
             ^^^^^^^^^^^^^^^^^^^^^^^^^^^^
    ...<4 lines>...
    )
    ^
  File "D:\Projects\Sentinel AI\.venv\Lib\site-packages\sqlalchemy\ext\asyncio\session.py", line 448, in execute
    result = await greenlet_spawn(
             ^^^^^^^^^^^^^^^^^^^^^
    ...<6 lines>...
    )
    ^
  File "D:\Projects\Sentinel AI\.venv\Lib\site-packages\sqlalchemy\util\_concurrency_py3k.py", line 201, in greenlet_spawn
    result = context.throw(*sys.exc_info())
  File "D:\Projects\Sentinel AI\.venv\Lib\site-packages\sqlalchemy\orm\session.py", line 2373, in execute
    return self._execute_internal(
           ~~~~~~~~~~~~~~~~~~~~~~^
        statement,
        ^^^^^^^^^^
    ...<4 lines>...
        _add_event=_add_event,
        ^^^^^^^^^^^^^^^^^^^^^^
    )
    ^
  File "D:\Projects\Sentinel AI\.venv\Lib\site-packages\sqlalchemy\orm\session.py", line 2261, in _execute_internal
    conn = self._connection_for_bind(bind)
  File "D:\Projects\Sentinel AI\.venv\Lib\site-packages\sqlalchemy\orm\session.py", line 2113, in _connection_for_bind
    return trans._connection_for_bind(engine, execution_options)
           ~~~~~~~~~~~~~~~~~~~~~~~~~~^^^^^^^^^^^^^^^^^^^^^^^^^^^
  File "<string>", line 2, in _connection_for_bind
  File "D:\Projects\Sentinel AI\.venv\Lib\site-packages\sqlalchemy\orm\state_changes.py", line 137, in _go
    ret_value = fn(self, *arg, **kw)
  File "D:\Projects\Sentinel AI\.venv\Lib\site-packages\sqlalchemy\orm\session.py", line 1191, in _connection_for_bind
    conn = bind.connect()
  File "D:\Projects\Sentinel AI\.venv\Lib\site-packages\sqlalchemy\engine\base.py", line 3295, in connect
    return self._connection_cls(self)
           ~~~~~~~~~~~~~~~~~~~~^^^^^^
  File "D:\Projects\Sentinel AI\.venv\Lib\site-packages\sqlalchemy\engine\base.py", line 144, in __init__
    self._dbapi_connection = engine.raw_connection()
                             ~~~~~~~~~~~~~~~~~~~~~^^
  File "D:\Projects\Sentinel AI\.venv\Lib\site-packages\sqlalchemy\engine\base.py", line 3319, in raw_connection
    return self.pool.connect()
           ~~~~~~~~~~~~~~~~~^^
  File "D:\Projects\Sentinel AI\.venv\Lib\site-packages\sqlalchemy\pool\base.py", line 448, in connect
    return _ConnectionFairy._checkout(self)
           ~~~~~~~~~~~~~~~~~~~~~~~~~~^^^^^^
  File "D:\Projects\Sentinel AI\.venv\Lib\site-packages\sqlalchemy\pool\base.py", line 1272, in _checkout
    fairy = _ConnectionRecord.checkout(pool)
  File "D:\Projects\Sentinel AI\.venv\Lib\site-packages\sqlalchemy\pool\base.py", line 712, in checkout
    rec = pool._do_get()
  File "D:\Projects\Sentinel AI\.venv\Lib\site-packages\sqlalchemy\pool\impl.py", line 178, in _do_get
    with util.safe_reraise():
         ~~~~~~~~~~~~~~~~~^^
  File "D:\Projects\Sentinel AI\.venv\Lib\site-packages\sqlalchemy\util\langhelpers.py", line 122, in __exit__
    raise exc_value.with_traceback(exc_tb)
  File "D:\Projects\Sentinel AI\.venv\Lib\site-packages\sqlalchemy\pool\impl.py", line 176, in _do_get
    return self._create_connection()
           ~~~~~~~~~~~~~~~~~~~~~~~^^
  File "D:\Projects\Sentinel AI\.venv\Lib\site-packages\sqlalchemy\pool\base.py", line 389, in _create_connection
    return _ConnectionRecord(self)
  File "D:\Projects\Sentinel AI\.venv\Lib\site-packages\sqlalchemy\pool\base.py", line 674, in __init__
    self.__connect()
    ~~~~~~~~~~~~~~^^
  File "D:\Projects\Sentinel AI\.venv\Lib\site-packages\sqlalchemy\pool\base.py", line 900, in __connect
    with util.safe_reraise():
         ~~~~~~~~~~~~~~~~~^^
  File "D:\Projects\Sentinel AI\.venv\Lib\site-packages\sqlalchemy\util\langhelpers.py", line 122, in __exit__
    raise exc_value.with_traceback(exc_tb)
  File "D:\Projects\Sentinel AI\.venv\Lib\site-packages\sqlalchemy\pool\base.py", line 896, in __connect
    self.dbapi_connection = connection = pool._invoke_creator(self)
                                         ~~~~~~~~~~~~~~~~~~~~^^^^^^
  File "D:\Projects\Sentinel AI\.venv\Lib\site-packages\sqlalchemy\engine\create.py", line 667, in connect
    return dialect.connect(*cargs_tup, **cparams)
           ~~~~~~~~~~~~~~~^^^^^^^^^^^^^^^^^^^^^^^
  File "D:\Projects\Sentinel AI\.venv\Lib\site-packages\sqlalchemy\engine\default.py", line 630, in connect
    return self.loaded_dbapi.connect(*cargs, **cparams)  # type: ignore[no-any-return]  # NOQA: E501
           ~~~~~~~~~~~~~~~~~~~~~~~~~^^^^^^^^^^^^^^^^^^^
  File "D:\Projects\Sentinel AI\.venv\Lib\site-packages\sqlalchemy\dialects\postgresql\asyncpg.py", line 955, in connect
    await_only(creator_fn(*arg, **kw)),
    ~~~~~~~~~~^^^^^^^^^^^^^^^^^^^^^^^^
  File "D:\Projects\Sentinel AI\.venv\Lib\site-packages\sqlalchemy\util\_concurrency_py3k.py", line 132, in await_only
    return current.parent.switch(awaitable)  # type: ignore[no-any-return,attr-defined] # noqa: E501
           ~~~~~~~~~~~~~~~~~~~~~^^^^^^^^^^^
  File "D:\Projects\Sentinel AI\.venv\Lib\site-packages\sqlalchemy\util\_concurrency_py3k.py", line 196, in greenlet_spawn
    value = await result
            ^^^^^^^^^^^^
  File "D:\Projects\Sentinel AI\.venv\Lib\site-packages\asyncpg\connection.py", line 2443, in connect
    return await connect_utils._connect(
           ^^^^^^^^^^^^^^^^^^^^^^^^^^^^^
    ...<22 lines>...
    )
    ^
  File "D:\Projects\Sentinel AI\.venv\Lib\site-packages\asyncpg\connect_utils.py", line 1249, in _connect
    raise last_error or exceptions.TargetServerAttributeNotMatched(
    ...<2 lines>...
    )
  File "D:\Projects\Sentinel AI\.venv\Lib\site-packages\asyncpg\connect_utils.py", line 1218, in _connect
    conn = await _connect_addr(
           ^^^^^^^^^^^^^^^^^^^^
    ...<6 lines>...
    )
    ^
  File "D:\Projects\Sentinel AI\.venv\Lib\site-packages\asyncpg\connect_utils.py", line 1054, in _connect_addr
    return await __connect_addr(params, True, *args)
           ^^^^^^^^^^^^^^^^^^^^^^^^^^^^^^^^^^^^^^^^^
  File "D:\Projects\Sentinel AI\.venv\Lib\site-packages\asyncpg\connect_utils.py", line 1099, in __connect_addr
    tr, pr = await connector
             ^^^^^^^^^^^^^^^
  File "D:\Projects\Sentinel AI\.venv\Lib\site-packages\asyncpg\connect_utils.py", line 969, in _create_ssl_connection
    tr, pr = await loop.create_connection(
             ^^^^^^^^^^^^^^^^^^^^^^^^^^^^^
    ...<2 lines>...
        host, port)
        ^^^^^^^^^^^
  File "C:\Users\Robin\AppData\Local\Programs\Python\Python314\Lib\asyncio\base_events.py", line 1119, in create_connection
    infos = await self._ensure_resolved(
            ^^^^^^^^^^^^^^^^^^^^^^^^^^^^
        (host, port), family=family,
        ^^^^^^^^^^^^^^^^^^^^^^^^^^^^
        type=socket.SOCK_STREAM, proto=proto, flags=flags, loop=self)
        ^^^^^^^^^^^^^^^^^^^^^^^^^^^^^^^^^^^^^^^^^^^^^^^^^^^^^^^^^^^^^
  File "C:\Users\Robin\AppData\Local\Programs\Python\Python314\Lib\asyncio\base_events.py", line 1505, in _ensure_resolved
    return await loop.getaddrinfo(host, port, family=family, type=type,
           ^^^^^^^^^^^^^^^^^^^^^^^^^^^^^^^^^^^^^^^^^^^^^^^^^^^^^^^^^^^^
                                  proto=proto, flags=flags)
                                  ^^^^^^^^^^^^^^^^^^^^^^^^^
  File "C:\Users\Robin\AppData\Local\Programs\Python\Python314\Lib\asyncio\base_events.py", line 936, in getaddrinfo
    return await self.run_in_executor(
           ^^^^^^^^^^^^^^^^^^^^^^^^^^^
        None, getaddr_func, host, port, family, type, proto, flags)
        ^^^^^^^^^^^^^^^^^^^^^^^^^^^^^^^^^^^^^^^^^^^^^^^^^^^^^^^^^^^
  File "C:\Users\Robin\AppData\Local\Programs\Python\Python314\Lib\concurrent\futures\thread.py", line 86, in run
    result = ctx.run(self.task)
  File "C:\Users\Robin\AppData\Local\Programs\Python\Python314\Lib\concurrent\futures\thread.py", line 73, in run
    return fn(*args, **kwargs)
  File "C:\Users\Robin\AppData\Local\Programs\Python\Python314\Lib\socket.py", line 983, in getaddrinfo
    for res in _socket.getaddrinfo(host, port, family, type, proto, flags):
               ~~~~~~~~~~~~~~~~~~~^^^^^^^^^^^^^^^^^^^^^^^^^^^^^^^^^^^^^^^^
socket.gaierror: [Errno 11001] getaddrinfo failed
_________ TestConversationEndToEnd.test_messaging_and_memory_workflow _________

self = <test_conversation_e2e.TestConversationEndToEnd object at 0x00000182D9256AD0>
e2e_client = <httpx.AsyncClient object at 0x00000182D97A5450>
e2e_db_setup = {'user': <app.modules.auth.models.User object at 0x00000182D92579D0>, 'workspace': <app.modules.workspaces.models.Work...ject at 0x00000182D94A2060>, 'other_workspace': <app.modules.workspaces.models.Workspace object at 0x00000182D94A16E0>}
mock_llm = <test_conversation_e2e.MockE2ELLMProvider object at 0x00000182D941B750>

    async def test_messaging_and_memory_workflow(self, e2e_client, e2e_db_setup, mock_llm):
        """Categories 2 & 3: Test sending messages, growing history, and chronological ordering."""
        workspace_id = e2e_db_setup["workspace"].id
    
>       create_res = await e2e_client.post(
            f"/api/v1/workspaces/{workspace_id}/conversations",
            json={"title": "E2E Messaging"}
        )

tests\integration\test_conversation_e2e.py:188: 
_ _ _ _ _ _ _ _ _ _ _ _ _ _ _ _ _ _ _ _ _ _ _ _ _ _ _ _ _ _ _ _ _ _ _ _ _ _ _ _
.venv\Lib\site-packages\httpx\_client.py:1859: in post
    return await self.request(
.venv\Lib\site-packages\httpx\_client.py:1540: in request
    return await self.send(request, auth=auth, follow_redirects=follow_redirects)
           ^^^^^^^^^^^^^^^^^^^^^^^^^^^^^^^^^^^^^^^^^^^^^^^^^^^^^^^^^^^^^^^^^^^^^^
.venv\Lib\site-packages\httpx\_client.py:1629: in send
    response = await self._send_handling_auth(
.venv\Lib\site-packages\httpx\_client.py:1657: in _send_handling_auth
    response = await self._send_handling_redirects(
.venv\Lib\site-packages\httpx\_client.py:1694: in _send_handling_redirects
    response = await self._send_single_request(request)
               ^^^^^^^^^^^^^^^^^^^^^^^^^^^^^^^^^^^^^^^^
.venv\Lib\site-packages\httpx\_client.py:1730: in _send_single_request
    response = await transport.handle_async_request(request)
               ^^^^^^^^^^^^^^^^^^^^^^^^^^^^^^^^^^^^^^^^^^^^^
.venv\Lib\site-packages\httpx\_transports\asgi.py:170: in handle_async_request
    await self.app(scope, receive, send)
.venv\Lib\site-packages\fastapi\applications.py:1163: in __call__
    await super().__call__(scope, receive, send)
.venv\Lib\site-packages\starlette\applications.py:90: in __call__
    await self.middleware_stack(scope, receive, send)
.venv\Lib\site-packages\starlette\middleware\errors.py:186: in __call__
    raise exc
.venv\Lib\site-packages\starlette\middleware\errors.py:164: in __call__
    await self.app(scope, receive, _send)
.venv\Lib\site-packages\starlette\middleware\cors.py:88: in __call__
    await self.app(scope, receive, send)
.venv\Lib\site-packages\starlette\middleware\exceptions.py:63: in __call__
    await wrap_app_handling_exceptions(self.app, conn)(scope, receive, send)
.venv\Lib\site-packages\starlette\_exception_handler.py:53: in wrapped_app
    raise exc
.venv\Lib\site-packages\starlette\_exception_handler.py:42: in wrapped_app
    await app(scope, receive, sender)
.venv\Lib\site-packages\fastapi\middleware\asyncexitstack.py:18: in __call__
    await self.app(scope, receive, send)
.venv\Lib\site-packages\starlette\routing.py:660: in __call__
    await self.middleware_stack(scope, receive, send)
.venv\Lib\site-packages\fastapi\routing.py:2683: in app
    await route.handle(scope, receive, send)
.venv\Lib\site-packages\fastapi\routing.py:1753: in handle
    await self.original_router.handle(scope, receive, send)
.venv\Lib\site-packages\fastapi\routing.py:2738: in handle
    await included_router._handle_selected(scope, receive, send)
.venv\Lib\site-packages\fastapi\routing.py:1764: in _handle_selected
    await route.handle(scope, receive, send)
.venv\Lib\site-packages\fastapi\routing.py:1753: in handle
    await self.original_router.handle(scope, receive, send)
.venv\Lib\site-packages\fastapi\routing.py:2738: in handle
    await included_router._handle_selected(scope, receive, send)
.venv\Lib\site-packages\fastapi\routing.py:1773: in _handle_selected
    await original_route.handle(scope, receive, send)
.venv\Lib\site-packages\fastapi\routing.py:1264: in handle
    await app(scope, receive, send)
.venv\Lib\site-packages\fastapi\routing.py:150: in app
    await wrap_app_handling_exceptions(app, request)(scope, receive, send)
.venv\Lib\site-packages\starlette\_exception_handler.py:53: in wrapped_app
    raise exc
.venv\Lib\site-packages\starlette\_exception_handler.py:42: in wrapped_app
    await app(scope, receive, sender)
.venv\Lib\site-packages\fastapi\routing.py:136: in app
    response = await f(request)
               ^^^^^^^^^^^^^^^^
.venv\Lib\site-packages\fastapi\routing.py:690: in app
    raw_response = await run_endpoint_function(
.venv\Lib\site-packages\fastapi\routing.py:344: in run_endpoint_function
    return await dependant.call(**values)
           ^^^^^^^^^^^^^^^^^^^^^^^^^^^^^^
backend\app\modules\conversations\router.py:61: in create_conversation
    conversation = await service.create_conversation(
backend\app\modules\conversations\service.py:42: in create_conversation
    await self._get_workspace(workspace_id, owner_id)
backend\app\modules\conversations\service.py:163: in _get_workspace
    workspace = await self._workspace_repo.get_by_id(workspace_id, owner_id)
                ^^^^^^^^^^^^^^^^^^^^^^^^^^^^^^^^^^^^^^^^^^^^^^^^^^^^^^^^^^^^
backend\app\modules\workspaces\repository.py:30: in get_by_id
    result = await self._session.execute(
.venv\Lib\site-packages\sqlalchemy\ext\asyncio\session.py:448: in execute
    result = await greenlet_spawn(
.venv\Lib\site-packages\sqlalchemy\util\_concurrency_py3k.py:201: in greenlet_spawn
    result = context.throw(*sys.exc_info())
             ^^^^^^^^^^^^^^^^^^^^^^^^^^^^^^
.venv\Lib\site-packages\sqlalchemy\orm\session.py:2373: in execute
    return self._execute_internal(
.venv\Lib\site-packages\sqlalchemy\orm\session.py:2261: in _execute_internal
    conn = self._connection_for_bind(bind)
           ^^^^^^^^^^^^^^^^^^^^^^^^^^^^^^^
.venv\Lib\site-packages\sqlalchemy\orm\session.py:2113: in _connection_for_bind
    return trans._connection_for_bind(engine, execution_options)
           ^^^^^^^^^^^^^^^^^^^^^^^^^^^^^^^^^^^^^^^^^^^^^^^^^^^^^
<string>:2: in _connection_for_bind
    ???
.venv\Lib\site-packages\sqlalchemy\orm\state_changes.py:137: in _go
    ret_value = fn(self, *arg, **kw)
                ^^^^^^^^^^^^^^^^^^^^
.venv\Lib\site-packages\sqlalchemy\orm\session.py:1191: in _connection_for_bind
    conn = bind.connect()
           ^^^^^^^^^^^^^^
.venv\Lib\site-packages\sqlalchemy\engine\base.py:3295: in connect
    return self._connection_cls(self)
           ^^^^^^^^^^^^^^^^^^^^^^^^^^
.venv\Lib\site-packages\sqlalchemy\engine\base.py:144: in __init__
    self._dbapi_connection = engine.raw_connection()
                             ^^^^^^^^^^^^^^^^^^^^^^^
.venv\Lib\site-packages\sqlalchemy\engine\base.py:3319: in raw_connection
    return self.pool.connect()
           ^^^^^^^^^^^^^^^^^^^
.venv\Lib\site-packages\sqlalchemy\pool\base.py:448: in connect
    return _ConnectionFairy._checkout(self)
           ^^^^^^^^^^^^^^^^^^^^^^^^^^^^^^^^
.venv\Lib\site-packages\sqlalchemy\pool\base.py:1272: in _checkout
    fairy = _ConnectionRecord.checkout(pool)
            ^^^^^^^^^^^^^^^^^^^^^^^^^^^^^^^^
.venv\Lib\site-packages\sqlalchemy\pool\base.py:712: in checkout
    rec = pool._do_get()
          ^^^^^^^^^^^^^^
.venv\Lib\site-packages\sqlalchemy\pool\impl.py:178: in _do_get
    with util.safe_reraise():
         ^^^^^^^^^^^^^^^^^^^
.venv\Lib\site-packages\sqlalchemy\util\langhelpers.py:122: in __exit__
    raise exc_value.with_traceback(exc_tb)
.venv\Lib\site-packages\sqlalchemy\pool\impl.py:176: in _do_get
    return self._create_connection()
           ^^^^^^^^^^^^^^^^^^^^^^^^^
.venv\Lib\site-packages\sqlalchemy\pool\base.py:389: in _create_connection
    return _ConnectionRecord(self)
           ^^^^^^^^^^^^^^^^^^^^^^^
.venv\Lib\site-packages\sqlalchemy\pool\base.py:674: in __init__
    self.__connect()
.venv\Lib\site-packages\sqlalchemy\pool\base.py:900: in __connect
    with util.safe_reraise():
         ^^^^^^^^^^^^^^^^^^^
.venv\Lib\site-packages\sqlalchemy\util\langhelpers.py:122: in __exit__
    raise exc_value.with_traceback(exc_tb)
.venv\Lib\site-packages\sqlalchemy\pool\base.py:896: in __connect
    self.dbapi_connection = connection = pool._invoke_creator(self)
                                         ^^^^^^^^^^^^^^^^^^^^^^^^^^
.venv\Lib\site-packages\sqlalchemy\engine\create.py:667: in connect
    return dialect.connect(*cargs_tup, **cparams)
           ^^^^^^^^^^^^^^^^^^^^^^^^^^^^^^^^^^^^^^
.venv\Lib\site-packages\sqlalchemy\engine\default.py:630: in connect
    return self.loaded_dbapi.connect(*cargs, **cparams)  # type: ignore[no-any-return]  # NOQA: E501
           ^^^^^^^^^^^^^^^^^^^^^^^^^^^^^^^^^^^^^^^^^^^^
.venv\Lib\site-packages\sqlalchemy\dialects\postgresql\asyncpg.py:955: in connect
    await_only(creator_fn(*arg, **kw)),
    ^^^^^^^^^^^^^^^^^^^^^^^^^^^^^^^^^^
.venv\Lib\site-packages\sqlalchemy\util\_concurrency_py3k.py:132: in await_only
    return current.parent.switch(awaitable)  # type: ignore[no-any-return,attr-defined] # noqa: E501
           ^^^^^^^^^^^^^^^^^^^^^^^^^^^^^^^^
.venv\Lib\site-packages\sqlalchemy\util\_concurrency_py3k.py:196: in greenlet_spawn
    value = await result
            ^^^^^^^^^^^^
.venv\Lib\site-packages\asyncpg\connection.py:2443: in connect
    return await connect_utils._connect(
.venv\Lib\site-packages\asyncpg\connect_utils.py:1249: in _connect
    raise last_error or exceptions.TargetServerAttributeNotMatched(
.venv\Lib\site-packages\asyncpg\connect_utils.py:1218: in _connect
    conn = await _connect_addr(
.venv\Lib\site-packages\asyncpg\connect_utils.py:1054: in _connect_addr
    return await __connect_addr(params, True, *args)
           ^^^^^^^^^^^^^^^^^^^^^^^^^^^^^^^^^^^^^^^^^
.venv\Lib\site-packages\asyncpg\connect_utils.py:1099: in __connect_addr
    tr, pr = await connector
             ^^^^^^^^^^^^^^^
.venv\Lib\site-packages\asyncpg\connect_utils.py:969: in _create_ssl_connection
    tr, pr = await loop.create_connection(
C:\Users\Robin\AppData\Local\Programs\Python\Python314\Lib\asyncio\base_events.py:1119: in create_connection
    infos = await self._ensure_resolved(
C:\Users\Robin\AppData\Local\Programs\Python\Python314\Lib\asyncio\base_events.py:1505: in _ensure_resolved
    return await loop.getaddrinfo(host, port, family=family, type=type,
C:\Users\Robin\AppData\Local\Programs\Python\Python314\Lib\asyncio\base_events.py:936: in getaddrinfo
    return await self.run_in_executor(
C:\Users\Robin\AppData\Local\Programs\Python\Python314\Lib\concurrent\futures\thread.py:86: in run
    result = ctx.run(self.task)
             ^^^^^^^^^^^^^^^^^^
C:\Users\Robin\AppData\Local\Programs\Python\Python314\Lib\concurrent\futures\thread.py:73: in run
    return fn(*args, **kwargs)
           ^^^^^^^^^^^^^^^^^^^
_ _ _ _ _ _ _ _ _ _ _ _ _ _ _ _ _ _ _ _ _ _ _ _ _ _ _ _ _ _ _ _ _ _ _ _ _ _ _ _

host = 'postgres', port = 5432, family = 0, type = <SocketKind.SOCK_STREAM: 1>
proto = 0, flags = 0

    def getaddrinfo(host, port, family=0, type=0, proto=0, flags=0):
        """Resolve host and port into list of address info entries.
    
        Translate the host/port argument into a sequence of 5-tuples that contain
        all the necessary arguments for creating a socket connected to that service.
        host is a domain name, a string representation of an IPv4/v6 address or
        None. port is a string service name such as 'http', a numeric port number or
        None. By passing None as the value of host and port, you can pass NULL to
        the underlying C API.
    
        The family, type and proto arguments can be optionally specified in order to
        narrow the list of addresses returned. Passing zero as a value for each of
        these arguments selects the full range of results.
        """
        # We override this function since we want to translate the numeric family
        # and socket type values to enum constants.
        addrlist = []
>       for res in _socket.getaddrinfo(host, port, family, type, proto, flags):
                   ^^^^^^^^^^^^^^^^^^^^^^^^^^^^^^^^^^^^^^^^^^^^^^^^^^^^^^^^^^^
E       socket.gaierror: [Errno 11001] getaddrinfo failed

C:\Users\Robin\AppData\Local\Programs\Python\Python314\Lib\socket.py:983: gaierror
---------------------------- Captured stdout call -----------------------------
{"timestamp": "2026-07-21 03:51:32,428", "level": "ERROR", "name": "app.main", "message": "Unhandled exception.", "exc_info": "Traceback (most recent call last):\n  File \"D:\\Projects\\Sentinel AI\\.venv\\Lib\\site-packages\\starlette\\middleware\\errors.py\", line 164, in __call__\n    await self.app(scope, receive, _send)\n  File \"D:\\Projects\\Sentinel AI\\.venv\\Lib\\site-packages\\starlette\\middleware\\cors.py\", line 88, in __call__\n    await self.app(scope, receive, send)\n  File \"D:\\Projects\\Sentinel AI\\.venv\\Lib\\site-packages\\starlette\\middleware\\exceptions.py\", line 63, in __call__\n    await wrap_app_handling_exceptions(self.app, conn)(scope, receive, send)\n  File \"D:\\Projects\\Sentinel AI\\.venv\\Lib\\site-packages\\starlette\\_exception_handler.py\", line 53, in wrapped_app\n    raise exc\n  File \"D:\\Projects\\Sentinel AI\\.venv\\Lib\\site-packages\\starlette\\_exception_handler.py\", line 42, in wrapped_app\n    await app(scope, receive, sender)\n  File \"D:\\Projects\\Sentinel AI\\.venv\\Lib\\site-packages\\fastapi\\middleware\\asyncexitstack.py\", line 18, in __call__\n    await self.app(scope, receive, send)\n  File \"D:\\Projects\\Sentinel AI\\.venv\\Lib\\site-packages\\starlette\\routing.py\", line 660, in __call__\n    await self.middleware_stack(scope, receive, send)\n  File \"D:\\Projects\\Sentinel AI\\.venv\\Lib\\site-packages\\fastapi\\routing.py\", line 2683, in app\n    await route.handle(scope, receive, send)\n  File \"D:\\Projects\\Sentinel AI\\.venv\\Lib\\site-packages\\fastapi\\routing.py\", line 1753, in handle\n    await self.original_router.handle(scope, receive, send)\n  File \"D:\\Projects\\Sentinel AI\\.venv\\Lib\\site-packages\\fastapi\\routing.py\", line 2738, in handle\n    await included_router._handle_selected(scope, receive, send)\n  File \"D:\\Projects\\Sentinel AI\\.venv\\Lib\\site-packages\\fastapi\\routing.py\", line 1764, in _handle_selected\n    await route.handle(scope, receive, send)\n  File \"D:\\Projects\\Sentinel AI\\.venv\\Lib\\site-packages\\fastapi\\routing.py\", line 1753, in handle\n    await self.original_router.handle(scope, receive, send)\n  File \"D:\\Projects\\Sentinel AI\\.venv\\Lib\\site-packages\\fastapi\\routing.py\", line 2738, in handle\n    await included_router._handle_selected(scope, receive, send)\n  File \"D:\\Projects\\Sentinel AI\\.venv\\Lib\\site-packages\\fastapi\\routing.py\", line 1773, in _handle_selected\n    await original_route.handle(scope, receive, send)\n  File \"D:\\Projects\\Sentinel AI\\.venv\\Lib\\site-packages\\fastapi\\routing.py\", line 1264, in handle\n    await app(scope, receive, send)\n  File \"D:\\Projects\\Sentinel AI\\.venv\\Lib\\site-packages\\fastapi\\routing.py\", line 150, in app\n    await wrap_app_handling_exceptions(app, request)(scope, receive, send)\n  File \"D:\\Projects\\Sentinel AI\\.venv\\Lib\\site-packages\\starlette\\_exception_handler.py\", line 53, in wrapped_app\n    raise exc\n  File \"D:\\Projects\\Sentinel AI\\.venv\\Lib\\site-packages\\starlette\\_exception_handler.py\", line 42, in wrapped_app\n    await app(scope, receive, sender)\n  File \"D:\\Projects\\Sentinel AI\\.venv\\Lib\\site-packages\\fastapi\\routing.py\", line 136, in app\n    response = await f(request)\n               ^^^^^^^^^^^^^^^^\n  File \"D:\\Projects\\Sentinel AI\\.venv\\Lib\\site-packages\\fastapi\\routing.py\", line 690, in app\n    raw_response = await run_endpoint_function(\n                   ^^^^^^^^^^^^^^^^^^^^^^^^^^^^\n    ...<3 lines>...\n    )\n    ^\n  File \"D:\\Projects\\Sentinel AI\\.venv\\Lib\\site-packages\\fastapi\\routing.py\", line 344, in run_endpoint_function\n    return await dependant.call(**values)\n           ^^^^^^^^^^^^^^^^^^^^^^^^^^^^^^\n  File \"D:\\Projects\\Sentinel AI\\backend\\app\\modules\\conversations\\router.py\", line 61, in create_conversation\n    conversation = await service.create_conversation(\n                   ^^^^^^^^^^^^^^^^^^^^^^^^^^^^^^^^^^\n    ...<3 lines>...\n    )\n    ^\n  File \"D:\\Projects\\Sentinel AI\\backend\\app\\modules\\conversations\\service.py\", line 42, in create_conversation\n    await self._get_workspace(workspace_id, owner_id)\n  File \"D:\\Projects\\Sentinel AI\\backend\\app\\modules\\conversations\\service.py\", line 163, in _get_workspace\n    workspace = await self._workspace_repo.get_by_id(workspace_id, owner_id)\n                ^^^^^^^^^^^^^^^^^^^^^^^^^^^^^^^^^^^^^^^^^^^^^^^^^^^^^^^^^^^^\n  File \"D:\\Projects\\Sentinel AI\\backend\\app\\modules\\workspaces\\repository.py\", line 30, in get_by_id\n    result = await self._session.execute(\n             ^^^^^^^^^^^^^^^^^^^^^^^^^^^^\n    ...<4 lines>...\n    )\n    ^\n  File \"D:\\Projects\\Sentinel AI\\.venv\\Lib\\site-packages\\sqlalchemy\\ext\\asyncio\\session.py\", line 448, in execute\n    result = await greenlet_spawn(\n             ^^^^^^^^^^^^^^^^^^^^^\n    ...<6 lines>...\n    )\n    ^\n  File \"D:\\Projects\\Sentinel AI\\.venv\\Lib\\site-packages\\sqlalchemy\\util\\_concurrency_py3k.py\", line 201, in greenlet_spawn\n    result = context.throw(*sys.exc_info())\n  File \"D:\\Projects\\Sentinel AI\\.venv\\Lib\\site-packages\\sqlalchemy\\orm\\session.py\", line 2373, in execute\n    return self._execute_internal(\n           ~~~~~~~~~~~~~~~~~~~~~~^\n        statement,\n        ^^^^^^^^^^\n    ...<4 lines>...\n        _add_event=_add_event,\n        ^^^^^^^^^^^^^^^^^^^^^^\n    )\n    ^\n  File \"D:\\Projects\\Sentinel AI\\.venv\\Lib\\site-packages\\sqlalchemy\\orm\\session.py\", line 2261, in _execute_internal\n    conn = self._connection_for_bind(bind)\n  File \"D:\\Projects\\Sentinel AI\\.venv\\Lib\\site-packages\\sqlalchemy\\orm\\session.py\", line 2113, in _connection_for_bind\n    return trans._connection_for_bind(engine, execution_options)\n           ~~~~~~~~~~~~~~~~~~~~~~~~~~^^^^^^^^^^^^^^^^^^^^^^^^^^^\n  File \"<string>\", line 2, in _connection_for_bind\n  File \"D:\\Projects\\Sentinel AI\\.venv\\Lib\\site-packages\\sqlalchemy\\orm\\state_changes.py\", line 137, in _go\n    ret_value = fn(self, *arg, **kw)\n  File \"D:\\Projects\\Sentinel AI\\.venv\\Lib\\site-packages\\sqlalchemy\\orm\\session.py\", line 1191, in _connection_for_bind\n    conn = bind.connect()\n  File \"D:\\Projects\\Sentinel AI\\.venv\\Lib\\site-packages\\sqlalchemy\\engine\\base.py\", line 3295, in connect\n    return self._connection_cls(self)\n           ~~~~~~~~~~~~~~~~~~~~^^^^^^\n  File \"D:\\Projects\\Sentinel AI\\.venv\\Lib\\site-packages\\sqlalchemy\\engine\\base.py\", line 144, in __init__\n    self._dbapi_connection = engine.raw_connection()\n                             ~~~~~~~~~~~~~~~~~~~~~^^\n  File \"D:\\Projects\\Sentinel AI\\.venv\\Lib\\site-packages\\sqlalchemy\\engine\\base.py\", line 3319, in raw_connection\n    return self.pool.connect()\n           ~~~~~~~~~~~~~~~~~^^\n  File \"D:\\Projects\\Sentinel AI\\.venv\\Lib\\site-packages\\sqlalchemy\\pool\\base.py\", line 448, in connect\n    return _ConnectionFairy._checkout(self)\n           ~~~~~~~~~~~~~~~~~~~~~~~~~~^^^^^^\n  File \"D:\\Projects\\Sentinel AI\\.venv\\Lib\\site-packages\\sqlalchemy\\pool\\base.py\", line 1272, in _checkout\n    fairy = _ConnectionRecord.checkout(pool)\n  File \"D:\\Projects\\Sentinel AI\\.venv\\Lib\\site-packages\\sqlalchemy\\pool\\base.py\", line 712, in checkout\n    rec = pool._do_get()\n  File \"D:\\Projects\\Sentinel AI\\.venv\\Lib\\site-packages\\sqlalchemy\\pool\\impl.py\", line 178, in _do_get\n    with util.safe_reraise():\n         ~~~~~~~~~~~~~~~~~^^\n  File \"D:\\Projects\\Sentinel AI\\.venv\\Lib\\site-packages\\sqlalchemy\\util\\langhelpers.py\", line 122, in __exit__\n    raise exc_value.with_traceback(exc_tb)\n  File \"D:\\Projects\\Sentinel AI\\.venv\\Lib\\site-packages\\sqlalchemy\\pool\\impl.py\", line 176, in _do_get\n    return self._create_connection()\n           ~~~~~~~~~~~~~~~~~~~~~~~^^\n  File \"D:\\Projects\\Sentinel AI\\.venv\\Lib\\site-packages\\sqlalchemy\\pool\\base.py\", line 389, in _create_connection\n    return _ConnectionRecord(self)\n  File \"D:\\Projects\\Sentinel AI\\.venv\\Lib\\site-packages\\sqlalchemy\\pool\\base.py\", line 674, in __init__\n    self.__connect()\n    ~~~~~~~~~~~~~~^^\n  File \"D:\\Projects\\Sentinel AI\\.venv\\Lib\\site-packages\\sqlalchemy\\pool\\base.py\", line 900, in __connect\n    with util.safe_reraise():\n         ~~~~~~~~~~~~~~~~~^^\n  File \"D:\\Projects\\Sentinel AI\\.venv\\Lib\\site-packages\\sqlalchemy\\util\\langhelpers.py\", line 122, in __exit__\n    raise exc_value.with_traceback(exc_tb)\n  File \"D:\\Projects\\Sentinel AI\\.venv\\Lib\\site-packages\\sqlalchemy\\pool\\base.py\", line 896, in __connect\n    self.dbapi_connection = connection = pool._invoke_creator(self)\n                                         ~~~~~~~~~~~~~~~~~~~~^^^^^^\n  File \"D:\\Projects\\Sentinel AI\\.venv\\Lib\\site-packages\\sqlalchemy\\engine\\create.py\", line 667, in connect\n    return dialect.connect(*cargs_tup, **cparams)\n           ~~~~~~~~~~~~~~~^^^^^^^^^^^^^^^^^^^^^^^\n  File \"D:\\Projects\\Sentinel AI\\.venv\\Lib\\site-packages\\sqlalchemy\\engine\\default.py\", line 630, in connect\n    return self.loaded_dbapi.connect(*cargs, **cparams)  # type: ignore[no-any-return]  # NOQA: E501\n           ~~~~~~~~~~~~~~~~~~~~~~~~~^^^^^^^^^^^^^^^^^^^\n  File \"D:\\Projects\\Sentinel AI\\.venv\\Lib\\site-packages\\sqlalchemy\\dialects\\postgresql\\asyncpg.py\", line 955, in connect\n    await_only(creator_fn(*arg, **kw)),\n    ~~~~~~~~~~^^^^^^^^^^^^^^^^^^^^^^^^\n  File \"D:\\Projects\\Sentinel AI\\.venv\\Lib\\site-packages\\sqlalchemy\\util\\_concurrency_py3k.py\", line 132, in await_only\n    return current.parent.switch(awaitable)  # type: ignore[no-any-return,attr-defined] # noqa: E501\n           ~~~~~~~~~~~~~~~~~~~~~^^^^^^^^^^^\n  File \"D:\\Projects\\Sentinel AI\\.venv\\Lib\\site-packages\\sqlalchemy\\util\\_concurrency_py3k.py\", line 196, in greenlet_spawn\n    value = await result\n            ^^^^^^^^^^^^\n  File \"D:\\Projects\\Sentinel AI\\.venv\\Lib\\site-packages\\asyncpg\\connection.py\", line 2443, in connect\n    return await connect_utils._connect(\n           ^^^^^^^^^^^^^^^^^^^^^^^^^^^^^\n    ...<22 lines>...\n    )\n    ^\n  File \"D:\\Projects\\Sentinel AI\\.venv\\Lib\\site-packages\\asyncpg\\connect_utils.py\", line 1249, in _connect\n    raise last_error or exceptions.TargetServerAttributeNotMatched(\n    ...<2 lines>...\n    )\n  File \"D:\\Projects\\Sentinel AI\\.venv\\Lib\\site-packages\\asyncpg\\connect_utils.py\", line 1218, in _connect\n    conn = await _connect_addr(\n           ^^^^^^^^^^^^^^^^^^^^\n    ...<6 lines>...\n    )\n    ^\n  File \"D:\\Projects\\Sentinel AI\\.venv\\Lib\\site-packages\\asyncpg\\connect_utils.py\", line 1054, in _connect_addr\n    return await __connect_addr(params, True, *args)\n           ^^^^^^^^^^^^^^^^^^^^^^^^^^^^^^^^^^^^^^^^^\n  File \"D:\\Projects\\Sentinel AI\\.venv\\Lib\\site-packages\\asyncpg\\connect_utils.py\", line 1099, in __connect_addr\n    tr, pr = await connector\n             ^^^^^^^^^^^^^^^\n  File \"D:\\Projects\\Sentinel AI\\.venv\\Lib\\site-packages\\asyncpg\\connect_utils.py\", line 969, in _create_ssl_connection\n    tr, pr = await loop.create_connection(\n             ^^^^^^^^^^^^^^^^^^^^^^^^^^^^^\n    ...<2 lines>...\n        host, port)\n        ^^^^^^^^^^^\n  File \"C:\\Users\\Robin\\AppData\\Local\\Programs\\Python\\Python314\\Lib\\asyncio\\base_events.py\", line 1119, in create_connection\n    infos = await self._ensure_resolved(\n            ^^^^^^^^^^^^^^^^^^^^^^^^^^^^\n        (host, port), family=family,\n        ^^^^^^^^^^^^^^^^^^^^^^^^^^^^\n        type=socket.SOCK_STREAM, proto=proto, flags=flags, loop=self)\n        ^^^^^^^^^^^^^^^^^^^^^^^^^^^^^^^^^^^^^^^^^^^^^^^^^^^^^^^^^^^^^\n  File \"C:\\Users\\Robin\\AppData\\Local\\Programs\\Python\\Python314\\Lib\\asyncio\\base_events.py\", line 1505, in _ensure_resolved\n    return await loop.getaddrinfo(host, port, family=family, type=type,\n           ^^^^^^^^^^^^^^^^^^^^^^^^^^^^^^^^^^^^^^^^^^^^^^^^^^^^^^^^^^^^\n                                  proto=proto, flags=flags)\n                                  ^^^^^^^^^^^^^^^^^^^^^^^^^\n  File \"C:\\Users\\Robin\\AppData\\Local\\Programs\\Python\\Python314\\Lib\\asyncio\\base_events.py\", line 936, in getaddrinfo\n    return await self.run_in_executor(\n           ^^^^^^^^^^^^^^^^^^^^^^^^^^^\n        None, getaddr_func, host, port, family, type, proto, flags)\n        ^^^^^^^^^^^^^^^^^^^^^^^^^^^^^^^^^^^^^^^^^^^^^^^^^^^^^^^^^^^\n  File \"C:\\Users\\Robin\\AppData\\Local\\Programs\\Python\\Python314\\Lib\\concurrent\\futures\\thread.py\", line 86, in run\n    result = ctx.run(self.task)\n  File \"C:\\Users\\Robin\\AppData\\Local\\Programs\\Python\\Python314\\Lib\\concurrent\\futures\\thread.py\", line 73, in run\n    return fn(*args, **kwargs)\n  File \"C:\\Users\\Robin\\AppData\\Local\\Programs\\Python\\Python314\\Lib\\socket.py\", line 983, in getaddrinfo\n    for res in _socket.getaddrinfo(host, port, family, type, proto, flags):\n               ~~~~~~~~~~~~~~~~~~~^^^^^^^^^^^^^^^^^^^^^^^^^^^^^^^^^^^^^^^^\nsocket.gaierror: [Errno 11001] getaddrinfo failed", "path": "http://test/api/v1/workspaces/65e09e12-f763-44cb-998c-621cedf953ce/conversations", "error": "[Errno 11001] getaddrinfo failed"}
------------------------------ Captured log call ------------------------------
ERROR    app.main:main.py:118 Unhandled exception.
Traceback (most recent call last):
  File "D:\Projects\Sentinel AI\.venv\Lib\site-packages\starlette\middleware\errors.py", line 164, in __call__
    await self.app(scope, receive, _send)
  File "D:\Projects\Sentinel AI\.venv\Lib\site-packages\starlette\middleware\cors.py", line 88, in __call__
    await self.app(scope, receive, send)
  File "D:\Projects\Sentinel AI\.venv\Lib\site-packages\starlette\middleware\exceptions.py", line 63, in __call__
    await wrap_app_handling_exceptions(self.app, conn)(scope, receive, send)
  File "D:\Projects\Sentinel AI\.venv\Lib\site-packages\starlette\_exception_handler.py", line 53, in wrapped_app
    raise exc
  File "D:\Projects\Sentinel AI\.venv\Lib\site-packages\starlette\_exception_handler.py", line 42, in wrapped_app
    await app(scope, receive, sender)
  File "D:\Projects\Sentinel AI\.venv\Lib\site-packages\fastapi\middleware\asyncexitstack.py", line 18, in __call__
    await self.app(scope, receive, send)
  File "D:\Projects\Sentinel AI\.venv\Lib\site-packages\starlette\routing.py", line 660, in __call__
    await self.middleware_stack(scope, receive, send)
  File "D:\Projects\Sentinel AI\.venv\Lib\site-packages\fastapi\routing.py", line 2683, in app
    await route.handle(scope, receive, send)
  File "D:\Projects\Sentinel AI\.venv\Lib\site-packages\fastapi\routing.py", line 1753, in handle
    await self.original_router.handle(scope, receive, send)
  File "D:\Projects\Sentinel AI\.venv\Lib\site-packages\fastapi\routing.py", line 2738, in handle
    await included_router._handle_selected(scope, receive, send)
  File "D:\Projects\Sentinel AI\.venv\Lib\site-packages\fastapi\routing.py", line 1764, in _handle_selected
    await route.handle(scope, receive, send)
  File "D:\Projects\Sentinel AI\.venv\Lib\site-packages\fastapi\routing.py", line 1753, in handle
    await self.original_router.handle(scope, receive, send)
  File "D:\Projects\Sentinel AI\.venv\Lib\site-packages\fastapi\routing.py", line 2738, in handle
    await included_router._handle_selected(scope, receive, send)
  File "D:\Projects\Sentinel AI\.venv\Lib\site-packages\fastapi\routing.py", line 1773, in _handle_selected
    await original_route.handle(scope, receive, send)
  File "D:\Projects\Sentinel AI\.venv\Lib\site-packages\fastapi\routing.py", line 1264, in handle
    await app(scope, receive, send)
  File "D:\Projects\Sentinel AI\.venv\Lib\site-packages\fastapi\routing.py", line 150, in app
    await wrap_app_handling_exceptions(app, request)(scope, receive, send)
  File "D:\Projects\Sentinel AI\.venv\Lib\site-packages\starlette\_exception_handler.py", line 53, in wrapped_app
    raise exc
  File "D:\Projects\Sentinel AI\.venv\Lib\site-packages\starlette\_exception_handler.py", line 42, in wrapped_app
    await app(scope, receive, sender)
  File "D:\Projects\Sentinel AI\.venv\Lib\site-packages\fastapi\routing.py", line 136, in app
    response = await f(request)
               ^^^^^^^^^^^^^^^^
  File "D:\Projects\Sentinel AI\.venv\Lib\site-packages\fastapi\routing.py", line 690, in app
    raw_response = await run_endpoint_function(
                   ^^^^^^^^^^^^^^^^^^^^^^^^^^^^
    ...<3 lines>...
    )
    ^
  File "D:\Projects\Sentinel AI\.venv\Lib\site-packages\fastapi\routing.py", line 344, in run_endpoint_function
    return await dependant.call(**values)
           ^^^^^^^^^^^^^^^^^^^^^^^^^^^^^^
  File "D:\Projects\Sentinel AI\backend\app\modules\conversations\router.py", line 61, in create_conversation
    conversation = await service.create_conversation(
                   ^^^^^^^^^^^^^^^^^^^^^^^^^^^^^^^^^^
    ...<3 lines>...
    )
    ^
  File "D:\Projects\Sentinel AI\backend\app\modules\conversations\service.py", line 42, in create_conversation
    await self._get_workspace(workspace_id, owner_id)
  File "D:\Projects\Sentinel AI\backend\app\modules\conversations\service.py", line 163, in _get_workspace
    workspace = await self._workspace_repo.get_by_id(workspace_id, owner_id)
                ^^^^^^^^^^^^^^^^^^^^^^^^^^^^^^^^^^^^^^^^^^^^^^^^^^^^^^^^^^^^
  File "D:\Projects\Sentinel AI\backend\app\modules\workspaces\repository.py", line 30, in get_by_id
    result = await self._session.execute(
             ^^^^^^^^^^^^^^^^^^^^^^^^^^^^
    ...<4 lines>...
    )
    ^
  File "D:\Projects\Sentinel AI\.venv\Lib\site-packages\sqlalchemy\ext\asyncio\session.py", line 448, in execute
    result = await greenlet_spawn(
             ^^^^^^^^^^^^^^^^^^^^^
    ...<6 lines>...
    )
    ^
  File "D:\Projects\Sentinel AI\.venv\Lib\site-packages\sqlalchemy\util\_concurrency_py3k.py", line 201, in greenlet_spawn
    result = context.throw(*sys.exc_info())
  File "D:\Projects\Sentinel AI\.venv\Lib\site-packages\sqlalchemy\orm\session.py", line 2373, in execute
    return self._execute_internal(
           ~~~~~~~~~~~~~~~~~~~~~~^
        statement,
        ^^^^^^^^^^
    ...<4 lines>...
        _add_event=_add_event,
        ^^^^^^^^^^^^^^^^^^^^^^
    )
    ^
  File "D:\Projects\Sentinel AI\.venv\Lib\site-packages\sqlalchemy\orm\session.py", line 2261, in _execute_internal
    conn = self._connection_for_bind(bind)
  File "D:\Projects\Sentinel AI\.venv\Lib\site-packages\sqlalchemy\orm\session.py", line 2113, in _connection_for_bind
    return trans._connection_for_bind(engine, execution_options)
           ~~~~~~~~~~~~~~~~~~~~~~~~~~^^^^^^^^^^^^^^^^^^^^^^^^^^^
  File "<string>", line 2, in _connection_for_bind
  File "D:\Projects\Sentinel AI\.venv\Lib\site-packages\sqlalchemy\orm\state_changes.py", line 137, in _go
    ret_value = fn(self, *arg, **kw)
  File "D:\Projects\Sentinel AI\.venv\Lib\site-packages\sqlalchemy\orm\session.py", line 1191, in _connection_for_bind
    conn = bind.connect()
  File "D:\Projects\Sentinel AI\.venv\Lib\site-packages\sqlalchemy\engine\base.py", line 3295, in connect
    return self._connection_cls(self)
           ~~~~~~~~~~~~~~~~~~~~^^^^^^
  File "D:\Projects\Sentinel AI\.venv\Lib\site-packages\sqlalchemy\engine\base.py", line 144, in __init__
    self._dbapi_connection = engine.raw_connection()
                             ~~~~~~~~~~~~~~~~~~~~~^^
  File "D:\Projects\Sentinel AI\.venv\Lib\site-packages\sqlalchemy\engine\base.py", line 3319, in raw_connection
    return self.pool.connect()
           ~~~~~~~~~~~~~~~~~^^
  File "D:\Projects\Sentinel AI\.venv\Lib\site-packages\sqlalchemy\pool\base.py", line 448, in connect
    return _ConnectionFairy._checkout(self)
           ~~~~~~~~~~~~~~~~~~~~~~~~~~^^^^^^
  File "D:\Projects\Sentinel AI\.venv\Lib\site-packages\sqlalchemy\pool\base.py", line 1272, in _checkout
    fairy = _ConnectionRecord.checkout(pool)
  File "D:\Projects\Sentinel AI\.venv\Lib\site-packages\sqlalchemy\pool\base.py", line 712, in checkout
    rec = pool._do_get()
  File "D:\Projects\Sentinel AI\.venv\Lib\site-packages\sqlalchemy\pool\impl.py", line 178, in _do_get
    with util.safe_reraise():
         ~~~~~~~~~~~~~~~~~^^
  File "D:\Projects\Sentinel AI\.venv\Lib\site-packages\sqlalchemy\util\langhelpers.py", line 122, in __exit__
    raise exc_value.with_traceback(exc_tb)
  File "D:\Projects\Sentinel AI\.venv\Lib\site-packages\sqlalchemy\pool\impl.py", line 176, in _do_get
    return self._create_connection()
           ~~~~~~~~~~~~~~~~~~~~~~~^^
  File "D:\Projects\Sentinel AI\.venv\Lib\site-packages\sqlalchemy\pool\base.py", line 389, in _create_connection
    return _ConnectionRecord(self)
  File "D:\Projects\Sentinel AI\.venv\Lib\site-packages\sqlalchemy\pool\base.py", line 674, in __init__
    self.__connect()
    ~~~~~~~~~~~~~~^^
  File "D:\Projects\Sentinel AI\.venv\Lib\site-packages\sqlalchemy\pool\base.py", line 900, in __connect
    with util.safe_reraise():
         ~~~~~~~~~~~~~~~~~^^
  File "D:\Projects\Sentinel AI\.venv\Lib\site-packages\sqlalchemy\util\langhelpers.py", line 122, in __exit__
    raise exc_value.with_traceback(exc_tb)
  File "D:\Projects\Sentinel AI\.venv\Lib\site-packages\sqlalchemy\pool\base.py", line 896, in __connect
    self.dbapi_connection = connection = pool._invoke_creator(self)
                                         ~~~~~~~~~~~~~~~~~~~~^^^^^^
  File "D:\Projects\Sentinel AI\.venv\Lib\site-packages\sqlalchemy\engine\create.py", line 667, in connect
    return dialect.connect(*cargs_tup, **cparams)
           ~~~~~~~~~~~~~~~^^^^^^^^^^^^^^^^^^^^^^^
  File "D:\Projects\Sentinel AI\.venv\Lib\site-packages\sqlalchemy\engine\default.py", line 630, in connect
    return self.loaded_dbapi.connect(*cargs, **cparams)  # type: ignore[no-any-return]  # NOQA: E501
           ~~~~~~~~~~~~~~~~~~~~~~~~~^^^^^^^^^^^^^^^^^^^
  File "D:\Projects\Sentinel AI\.venv\Lib\site-packages\sqlalchemy\dialects\postgresql\asyncpg.py", line 955, in connect
    await_only(creator_fn(*arg, **kw)),
    ~~~~~~~~~~^^^^^^^^^^^^^^^^^^^^^^^^
  File "D:\Projects\Sentinel AI\.venv\Lib\site-packages\sqlalchemy\util\_concurrency_py3k.py", line 132, in await_only
    return current.parent.switch(awaitable)  # type: ignore[no-any-return,attr-defined] # noqa: E501
           ~~~~~~~~~~~~~~~~~~~~~^^^^^^^^^^^
  File "D:\Projects\Sentinel AI\.venv\Lib\site-packages\sqlalchemy\util\_concurrency_py3k.py", line 196, in greenlet_spawn
    value = await result
            ^^^^^^^^^^^^
  File "D:\Projects\Sentinel AI\.venv\Lib\site-packages\asyncpg\connection.py", line 2443, in connect
    return await connect_utils._connect(
           ^^^^^^^^^^^^^^^^^^^^^^^^^^^^^
    ...<22 lines>...
    )
    ^
  File "D:\Projects\Sentinel AI\.venv\Lib\site-packages\asyncpg\connect_utils.py", line 1249, in _connect
    raise last_error or exceptions.TargetServerAttributeNotMatched(
    ...<2 lines>...
    )
  File "D:\Projects\Sentinel AI\.venv\Lib\site-packages\asyncpg\connect_utils.py", line 1218, in _connect
    conn = await _connect_addr(
           ^^^^^^^^^^^^^^^^^^^^
    ...<6 lines>...
    )
    ^
  File "D:\Projects\Sentinel AI\.venv\Lib\site-packages\asyncpg\connect_utils.py", line 1054, in _connect_addr
    return await __connect_addr(params, True, *args)
           ^^^^^^^^^^^^^^^^^^^^^^^^^^^^^^^^^^^^^^^^^
  File "D:\Projects\Sentinel AI\.venv\Lib\site-packages\asyncpg\connect_utils.py", line 1099, in __connect_addr
    tr, pr = await connector
             ^^^^^^^^^^^^^^^
  File "D:\Projects\Sentinel AI\.venv\Lib\site-packages\asyncpg\connect_utils.py", line 969, in _create_ssl_connection
    tr, pr = await loop.create_connection(
             ^^^^^^^^^^^^^^^^^^^^^^^^^^^^^
    ...<2 lines>...
        host, port)
        ^^^^^^^^^^^
  File "C:\Users\Robin\AppData\Local\Programs\Python\Python314\Lib\asyncio\base_events.py", line 1119, in create_connection
    infos = await self._ensure_resolved(
            ^^^^^^^^^^^^^^^^^^^^^^^^^^^^
        (host, port), family=family,
        ^^^^^^^^^^^^^^^^^^^^^^^^^^^^
        type=socket.SOCK_STREAM, proto=proto, flags=flags, loop=self)
        ^^^^^^^^^^^^^^^^^^^^^^^^^^^^^^^^^^^^^^^^^^^^^^^^^^^^^^^^^^^^^
  File "C:\Users\Robin\AppData\Local\Programs\Python\Python314\Lib\asyncio\base_events.py", line 1505, in _ensure_resolved
    return await loop.getaddrinfo(host, port, family=family, type=type,
           ^^^^^^^^^^^^^^^^^^^^^^^^^^^^^^^^^^^^^^^^^^^^^^^^^^^^^^^^^^^^
                                  proto=proto, flags=flags)
                                  ^^^^^^^^^^^^^^^^^^^^^^^^^
  File "C:\Users\Robin\AppData\Local\Programs\Python\Python314\Lib\asyncio\base_events.py", line 936, in getaddrinfo
    return await self.run_in_executor(
           ^^^^^^^^^^^^^^^^^^^^^^^^^^^
        None, getaddr_func, host, port, family, type, proto, flags)
        ^^^^^^^^^^^^^^^^^^^^^^^^^^^^^^^^^^^^^^^^^^^^^^^^^^^^^^^^^^^
  File "C:\Users\Robin\AppData\Local\Programs\Python\Python314\Lib\concurrent\futures\thread.py", line 86, in run
    result = ctx.run(self.task)
  File "C:\Users\Robin\AppData\Local\Programs\Python\Python314\Lib\concurrent\futures\thread.py", line 73, in run
    return fn(*args, **kwargs)
  File "C:\Users\Robin\AppData\Local\Programs\Python\Python314\Lib\socket.py", line 983, in getaddrinfo
    for res in _socket.getaddrinfo(host, port, family, type, proto, flags):
               ~~~~~~~~~~~~~~~~~~~^^^^^^^^^^^^^^^^^^^^^^^^^^^^^^^^^^^^^^^^
socket.gaierror: [Errno 11001] getaddrinfo failed
__________ TestConversationEndToEnd.test_authorization_and_isolation __________

self = <test_conversation_e2e.TestConversationEndToEnd object at 0x00000182D932D0F0>
e2e_client = <httpx.AsyncClient object at 0x00000182D9841950>
other_e2e_client = <httpx.AsyncClient object at 0x00000182D9820640>
e2e_db_setup = {'user': <app.modules.auth.models.User object at 0x00000182D94A3E10>, 'workspace': <app.modules.workspaces.models.Work...ject at 0x00000182D93DBBF0>, 'other_workspace': <app.modules.workspaces.models.Workspace object at 0x00000182D93DBE30>}

    async def test_authorization_and_isolation(self, e2e_client, other_e2e_client, e2e_db_setup):
        """Category 5: Verify cross-user access fails safely with 404."""
        workspace_id = e2e_db_setup["workspace"].id
    
        # User 1 creates conversation
>       create_res = await e2e_client.post(
            f"/api/v1/workspaces/{workspace_id}/conversations",
            json={"title": "Secret"}
        )

tests\integration\test_conversation_e2e.py:230: 
_ _ _ _ _ _ _ _ _ _ _ _ _ _ _ _ _ _ _ _ _ _ _ _ _ _ _ _ _ _ _ _ _ _ _ _ _ _ _ _
.venv\Lib\site-packages\httpx\_client.py:1859: in post
    return await self.request(
.venv\Lib\site-packages\httpx\_client.py:1540: in request
    return await self.send(request, auth=auth, follow_redirects=follow_redirects)
           ^^^^^^^^^^^^^^^^^^^^^^^^^^^^^^^^^^^^^^^^^^^^^^^^^^^^^^^^^^^^^^^^^^^^^^
.venv\Lib\site-packages\httpx\_client.py:1629: in send
    response = await self._send_handling_auth(
.venv\Lib\site-packages\httpx\_client.py:1657: in _send_handling_auth
    response = await self._send_handling_redirects(
.venv\Lib\site-packages\httpx\_client.py:1694: in _send_handling_redirects
    response = await self._send_single_request(request)
               ^^^^^^^^^^^^^^^^^^^^^^^^^^^^^^^^^^^^^^^^
.venv\Lib\site-packages\httpx\_client.py:1730: in _send_single_request
    response = await transport.handle_async_request(request)
               ^^^^^^^^^^^^^^^^^^^^^^^^^^^^^^^^^^^^^^^^^^^^^
.venv\Lib\site-packages\httpx\_transports\asgi.py:170: in handle_async_request
    await self.app(scope, receive, send)
.venv\Lib\site-packages\fastapi\applications.py:1163: in __call__
    await super().__call__(scope, receive, send)
.venv\Lib\site-packages\starlette\applications.py:90: in __call__
    await self.middleware_stack(scope, receive, send)
.venv\Lib\site-packages\starlette\middleware\errors.py:186: in __call__
    raise exc
.venv\Lib\site-packages\starlette\middleware\errors.py:164: in __call__
    await self.app(scope, receive, _send)
.venv\Lib\site-packages\starlette\middleware\cors.py:88: in __call__
    await self.app(scope, receive, send)
.venv\Lib\site-packages\starlette\middleware\exceptions.py:63: in __call__
    await wrap_app_handling_exceptions(self.app, conn)(scope, receive, send)
.venv\Lib\site-packages\starlette\_exception_handler.py:53: in wrapped_app
    raise exc
.venv\Lib\site-packages\starlette\_exception_handler.py:42: in wrapped_app
    await app(scope, receive, sender)
.venv\Lib\site-packages\fastapi\middleware\asyncexitstack.py:18: in __call__
    await self.app(scope, receive, send)
.venv\Lib\site-packages\starlette\routing.py:660: in __call__
    await self.middleware_stack(scope, receive, send)
.venv\Lib\site-packages\fastapi\routing.py:2683: in app
    await route.handle(scope, receive, send)
.venv\Lib\site-packages\fastapi\routing.py:1753: in handle
    await self.original_router.handle(scope, receive, send)
.venv\Lib\site-packages\fastapi\routing.py:2738: in handle
    await included_router._handle_selected(scope, receive, send)
.venv\Lib\site-packages\fastapi\routing.py:1764: in _handle_selected
    await route.handle(scope, receive, send)
.venv\Lib\site-packages\fastapi\routing.py:1753: in handle
    await self.original_router.handle(scope, receive, send)
.venv\Lib\site-packages\fastapi\routing.py:2738: in handle
    await included_router._handle_selected(scope, receive, send)
.venv\Lib\site-packages\fastapi\routing.py:1773: in _handle_selected
    await original_route.handle(scope, receive, send)
.venv\Lib\site-packages\fastapi\routing.py:1264: in handle
    await app(scope, receive, send)
.venv\Lib\site-packages\fastapi\routing.py:150: in app
    await wrap_app_handling_exceptions(app, request)(scope, receive, send)
.venv\Lib\site-packages\starlette\_exception_handler.py:53: in wrapped_app
    raise exc
.venv\Lib\site-packages\starlette\_exception_handler.py:42: in wrapped_app
    await app(scope, receive, sender)
.venv\Lib\site-packages\fastapi\routing.py:136: in app
    response = await f(request)
               ^^^^^^^^^^^^^^^^
.venv\Lib\site-packages\fastapi\routing.py:690: in app
    raw_response = await run_endpoint_function(
.venv\Lib\site-packages\fastapi\routing.py:344: in run_endpoint_function
    return await dependant.call(**values)
           ^^^^^^^^^^^^^^^^^^^^^^^^^^^^^^
backend\app\modules\conversations\router.py:61: in create_conversation
    conversation = await service.create_conversation(
backend\app\modules\conversations\service.py:42: in create_conversation
    await self._get_workspace(workspace_id, owner_id)
backend\app\modules\conversations\service.py:163: in _get_workspace
    workspace = await self._workspace_repo.get_by_id(workspace_id, owner_id)
                ^^^^^^^^^^^^^^^^^^^^^^^^^^^^^^^^^^^^^^^^^^^^^^^^^^^^^^^^^^^^
backend\app\modules\workspaces\repository.py:30: in get_by_id
    result = await self._session.execute(
.venv\Lib\site-packages\sqlalchemy\ext\asyncio\session.py:448: in execute
    result = await greenlet_spawn(
.venv\Lib\site-packages\sqlalchemy\util\_concurrency_py3k.py:201: in greenlet_spawn
    result = context.throw(*sys.exc_info())
             ^^^^^^^^^^^^^^^^^^^^^^^^^^^^^^
.venv\Lib\site-packages\sqlalchemy\orm\session.py:2373: in execute
    return self._execute_internal(
.venv\Lib\site-packages\sqlalchemy\orm\session.py:2261: in _execute_internal
    conn = self._connection_for_bind(bind)
           ^^^^^^^^^^^^^^^^^^^^^^^^^^^^^^^
.venv\Lib\site-packages\sqlalchemy\orm\session.py:2113: in _connection_for_bind
    return trans._connection_for_bind(engine, execution_options)
           ^^^^^^^^^^^^^^^^^^^^^^^^^^^^^^^^^^^^^^^^^^^^^^^^^^^^^
<string>:2: in _connection_for_bind
    ???
.venv\Lib\site-packages\sqlalchemy\orm\state_changes.py:137: in _go
    ret_value = fn(self, *arg, **kw)
                ^^^^^^^^^^^^^^^^^^^^
.venv\Lib\site-packages\sqlalchemy\orm\session.py:1191: in _connection_for_bind
    conn = bind.connect()
           ^^^^^^^^^^^^^^
.venv\Lib\site-packages\sqlalchemy\engine\base.py:3295: in connect
    return self._connection_cls(self)
           ^^^^^^^^^^^^^^^^^^^^^^^^^^
.venv\Lib\site-packages\sqlalchemy\engine\base.py:144: in __init__
    self._dbapi_connection = engine.raw_connection()
                             ^^^^^^^^^^^^^^^^^^^^^^^
.venv\Lib\site-packages\sqlalchemy\engine\base.py:3319: in raw_connection
    return self.pool.connect()
           ^^^^^^^^^^^^^^^^^^^
.venv\Lib\site-packages\sqlalchemy\pool\base.py:448: in connect
    return _ConnectionFairy._checkout(self)
           ^^^^^^^^^^^^^^^^^^^^^^^^^^^^^^^^
.venv\Lib\site-packages\sqlalchemy\pool\base.py:1272: in _checkout
    fairy = _ConnectionRecord.checkout(pool)
            ^^^^^^^^^^^^^^^^^^^^^^^^^^^^^^^^
.venv\Lib\site-packages\sqlalchemy\pool\base.py:712: in checkout
    rec = pool._do_get()
          ^^^^^^^^^^^^^^
.venv\Lib\site-packages\sqlalchemy\pool\impl.py:178: in _do_get
    with util.safe_reraise():
         ^^^^^^^^^^^^^^^^^^^
.venv\Lib\site-packages\sqlalchemy\util\langhelpers.py:122: in __exit__
    raise exc_value.with_traceback(exc_tb)
.venv\Lib\site-packages\sqlalchemy\pool\impl.py:176: in _do_get
    return self._create_connection()
           ^^^^^^^^^^^^^^^^^^^^^^^^^
.venv\Lib\site-packages\sqlalchemy\pool\base.py:389: in _create_connection
    return _ConnectionRecord(self)
           ^^^^^^^^^^^^^^^^^^^^^^^
.venv\Lib\site-packages\sqlalchemy\pool\base.py:674: in __init__
    self.__connect()
.venv\Lib\site-packages\sqlalchemy\pool\base.py:900: in __connect
    with util.safe_reraise():
         ^^^^^^^^^^^^^^^^^^^
.venv\Lib\site-packages\sqlalchemy\util\langhelpers.py:122: in __exit__
    raise exc_value.with_traceback(exc_tb)
.venv\Lib\site-packages\sqlalchemy\pool\base.py:896: in __connect
    self.dbapi_connection = connection = pool._invoke_creator(self)
                                         ^^^^^^^^^^^^^^^^^^^^^^^^^^
.venv\Lib\site-packages\sqlalchemy\engine\create.py:667: in connect
    return dialect.connect(*cargs_tup, **cparams)
           ^^^^^^^^^^^^^^^^^^^^^^^^^^^^^^^^^^^^^^
.venv\Lib\site-packages\sqlalchemy\engine\default.py:630: in connect
    return self.loaded_dbapi.connect(*cargs, **cparams)  # type: ignore[no-any-return]  # NOQA: E501
           ^^^^^^^^^^^^^^^^^^^^^^^^^^^^^^^^^^^^^^^^^^^^
.venv\Lib\site-packages\sqlalchemy\dialects\postgresql\asyncpg.py:955: in connect
    await_only(creator_fn(*arg, **kw)),
    ^^^^^^^^^^^^^^^^^^^^^^^^^^^^^^^^^^
.venv\Lib\site-packages\sqlalchemy\util\_concurrency_py3k.py:132: in await_only
    return current.parent.switch(awaitable)  # type: ignore[no-any-return,attr-defined] # noqa: E501
           ^^^^^^^^^^^^^^^^^^^^^^^^^^^^^^^^
.venv\Lib\site-packages\sqlalchemy\util\_concurrency_py3k.py:196: in greenlet_spawn
    value = await result
            ^^^^^^^^^^^^
.venv\Lib\site-packages\asyncpg\connection.py:2443: in connect
    return await connect_utils._connect(
.venv\Lib\site-packages\asyncpg\connect_utils.py:1249: in _connect
    raise last_error or exceptions.TargetServerAttributeNotMatched(
.venv\Lib\site-packages\asyncpg\connect_utils.py:1218: in _connect
    conn = await _connect_addr(
.venv\Lib\site-packages\asyncpg\connect_utils.py:1054: in _connect_addr
    return await __connect_addr(params, True, *args)
           ^^^^^^^^^^^^^^^^^^^^^^^^^^^^^^^^^^^^^^^^^
.venv\Lib\site-packages\asyncpg\connect_utils.py:1099: in __connect_addr
    tr, pr = await connector
             ^^^^^^^^^^^^^^^
.venv\Lib\site-packages\asyncpg\connect_utils.py:969: in _create_ssl_connection
    tr, pr = await loop.create_connection(
C:\Users\Robin\AppData\Local\Programs\Python\Python314\Lib\asyncio\base_events.py:1119: in create_connection
    infos = await self._ensure_resolved(
C:\Users\Robin\AppData\Local\Programs\Python\Python314\Lib\asyncio\base_events.py:1505: in _ensure_resolved
    return await loop.getaddrinfo(host, port, family=family, type=type,
C:\Users\Robin\AppData\Local\Programs\Python\Python314\Lib\asyncio\base_events.py:936: in getaddrinfo
    return await self.run_in_executor(
C:\Users\Robin\AppData\Local\Programs\Python\Python314\Lib\concurrent\futures\thread.py:86: in run
    result = ctx.run(self.task)
             ^^^^^^^^^^^^^^^^^^
C:\Users\Robin\AppData\Local\Programs\Python\Python314\Lib\concurrent\futures\thread.py:73: in run
    return fn(*args, **kwargs)
           ^^^^^^^^^^^^^^^^^^^
_ _ _ _ _ _ _ _ _ _ _ _ _ _ _ _ _ _ _ _ _ _ _ _ _ _ _ _ _ _ _ _ _ _ _ _ _ _ _ _

host = 'postgres', port = 5432, family = 0, type = <SocketKind.SOCK_STREAM: 1>
proto = 0, flags = 0

    def getaddrinfo(host, port, family=0, type=0, proto=0, flags=0):
        """Resolve host and port into list of address info entries.
    
        Translate the host/port argument into a sequence of 5-tuples that contain
        all the necessary arguments for creating a socket connected to that service.
        host is a domain name, a string representation of an IPv4/v6 address or
        None. port is a string service name such as 'http', a numeric port number or
        None. By passing None as the value of host and port, you can pass NULL to
        the underlying C API.
    
        The family, type and proto arguments can be optionally specified in order to
        narrow the list of addresses returned. Passing zero as a value for each of
        these arguments selects the full range of results.
        """
        # We override this function since we want to translate the numeric family
        # and socket type values to enum constants.
        addrlist = []
>       for res in _socket.getaddrinfo(host, port, family, type, proto, flags):
                   ^^^^^^^^^^^^^^^^^^^^^^^^^^^^^^^^^^^^^^^^^^^^^^^^^^^^^^^^^^^
E       socket.gaierror: [Errno 11001] getaddrinfo failed

C:\Users\Robin\AppData\Local\Programs\Python\Python314\Lib\socket.py:983: gaierror
---------------------------- Captured stdout call -----------------------------
{"timestamp": "2026-07-21 03:51:36,455", "level": "ERROR", "name": "app.main", "message": "Unhandled exception.", "exc_info": "Traceback (most recent call last):\n  File \"D:\\Projects\\Sentinel AI\\.venv\\Lib\\site-packages\\starlette\\middleware\\errors.py\", line 164, in __call__\n    await self.app(scope, receive, _send)\n  File \"D:\\Projects\\Sentinel AI\\.venv\\Lib\\site-packages\\starlette\\middleware\\cors.py\", line 88, in __call__\n    await self.app(scope, receive, send)\n  File \"D:\\Projects\\Sentinel AI\\.venv\\Lib\\site-packages\\starlette\\middleware\\exceptions.py\", line 63, in __call__\n    await wrap_app_handling_exceptions(self.app, conn)(scope, receive, send)\n  File \"D:\\Projects\\Sentinel AI\\.venv\\Lib\\site-packages\\starlette\\_exception_handler.py\", line 53, in wrapped_app\n    raise exc\n  File \"D:\\Projects\\Sentinel AI\\.venv\\Lib\\site-packages\\starlette\\_exception_handler.py\", line 42, in wrapped_app\n    await app(scope, receive, sender)\n  File \"D:\\Projects\\Sentinel AI\\.venv\\Lib\\site-packages\\fastapi\\middleware\\asyncexitstack.py\", line 18, in __call__\n    await self.app(scope, receive, send)\n  File \"D:\\Projects\\Sentinel AI\\.venv\\Lib\\site-packages\\starlette\\routing.py\", line 660, in __call__\n    await self.middleware_stack(scope, receive, send)\n  File \"D:\\Projects\\Sentinel AI\\.venv\\Lib\\site-packages\\fastapi\\routing.py\", line 2683, in app\n    await route.handle(scope, receive, send)\n  File \"D:\\Projects\\Sentinel AI\\.venv\\Lib\\site-packages\\fastapi\\routing.py\", line 1753, in handle\n    await self.original_router.handle(scope, receive, send)\n  File \"D:\\Projects\\Sentinel AI\\.venv\\Lib\\site-packages\\fastapi\\routing.py\", line 2738, in handle\n    await included_router._handle_selected(scope, receive, send)\n  File \"D:\\Projects\\Sentinel AI\\.venv\\Lib\\site-packages\\fastapi\\routing.py\", line 1764, in _handle_selected\n    await route.handle(scope, receive, send)\n  File \"D:\\Projects\\Sentinel AI\\.venv\\Lib\\site-packages\\fastapi\\routing.py\", line 1753, in handle\n    await self.original_router.handle(scope, receive, send)\n  File \"D:\\Projects\\Sentinel AI\\.venv\\Lib\\site-packages\\fastapi\\routing.py\", line 2738, in handle\n    await included_router._handle_selected(scope, receive, send)\n  File \"D:\\Projects\\Sentinel AI\\.venv\\Lib\\site-packages\\fastapi\\routing.py\", line 1773, in _handle_selected\n    await original_route.handle(scope, receive, send)\n  File \"D:\\Projects\\Sentinel AI\\.venv\\Lib\\site-packages\\fastapi\\routing.py\", line 1264, in handle\n    await app(scope, receive, send)\n  File \"D:\\Projects\\Sentinel AI\\.venv\\Lib\\site-packages\\fastapi\\routing.py\", line 150, in app\n    await wrap_app_handling_exceptions(app, request)(scope, receive, send)\n  File \"D:\\Projects\\Sentinel AI\\.venv\\Lib\\site-packages\\starlette\\_exception_handler.py\", line 53, in wrapped_app\n    raise exc\n  File \"D:\\Projects\\Sentinel AI\\.venv\\Lib\\site-packages\\starlette\\_exception_handler.py\", line 42, in wrapped_app\n    await app(scope, receive, sender)\n  File \"D:\\Projects\\Sentinel AI\\.venv\\Lib\\site-packages\\fastapi\\routing.py\", line 136, in app\n    response = await f(request)\n               ^^^^^^^^^^^^^^^^\n  File \"D:\\Projects\\Sentinel AI\\.venv\\Lib\\site-packages\\fastapi\\routing.py\", line 690, in app\n    raw_response = await run_endpoint_function(\n                   ^^^^^^^^^^^^^^^^^^^^^^^^^^^^\n    ...<3 lines>...\n    )\n    ^\n  File \"D:\\Projects\\Sentinel AI\\.venv\\Lib\\site-packages\\fastapi\\routing.py\", line 344, in run_endpoint_function\n    return await dependant.call(**values)\n           ^^^^^^^^^^^^^^^^^^^^^^^^^^^^^^\n  File \"D:\\Projects\\Sentinel AI\\backend\\app\\modules\\conversations\\router.py\", line 61, in create_conversation\n    conversation = await service.create_conversation(\n                   ^^^^^^^^^^^^^^^^^^^^^^^^^^^^^^^^^^\n    ...<3 lines>...\n    )\n    ^\n  File \"D:\\Projects\\Sentinel AI\\backend\\app\\modules\\conversations\\service.py\", line 42, in create_conversation\n    await self._get_workspace(workspace_id, owner_id)\n  File \"D:\\Projects\\Sentinel AI\\backend\\app\\modules\\conversations\\service.py\", line 163, in _get_workspace\n    workspace = await self._workspace_repo.get_by_id(workspace_id, owner_id)\n                ^^^^^^^^^^^^^^^^^^^^^^^^^^^^^^^^^^^^^^^^^^^^^^^^^^^^^^^^^^^^\n  File \"D:\\Projects\\Sentinel AI\\backend\\app\\modules\\workspaces\\repository.py\", line 30, in get_by_id\n    result = await self._session.execute(\n             ^^^^^^^^^^^^^^^^^^^^^^^^^^^^\n    ...<4 lines>...\n    )\n    ^\n  File \"D:\\Projects\\Sentinel AI\\.venv\\Lib\\site-packages\\sqlalchemy\\ext\\asyncio\\session.py\", line 448, in execute\n    result = await greenlet_spawn(\n             ^^^^^^^^^^^^^^^^^^^^^\n    ...<6 lines>...\n    )\n    ^\n  File \"D:\\Projects\\Sentinel AI\\.venv\\Lib\\site-packages\\sqlalchemy\\util\\_concurrency_py3k.py\", line 201, in greenlet_spawn\n    result = context.throw(*sys.exc_info())\n  File \"D:\\Projects\\Sentinel AI\\.venv\\Lib\\site-packages\\sqlalchemy\\orm\\session.py\", line 2373, in execute\n    return self._execute_internal(\n           ~~~~~~~~~~~~~~~~~~~~~~^\n        statement,\n        ^^^^^^^^^^\n    ...<4 lines>...\n        _add_event=_add_event,\n        ^^^^^^^^^^^^^^^^^^^^^^\n    )\n    ^\n  File \"D:\\Projects\\Sentinel AI\\.venv\\Lib\\site-packages\\sqlalchemy\\orm\\session.py\", line 2261, in _execute_internal\n    conn = self._connection_for_bind(bind)\n  File \"D:\\Projects\\Sentinel AI\\.venv\\Lib\\site-packages\\sqlalchemy\\orm\\session.py\", line 2113, in _connection_for_bind\n    return trans._connection_for_bind(engine, execution_options)\n           ~~~~~~~~~~~~~~~~~~~~~~~~~~^^^^^^^^^^^^^^^^^^^^^^^^^^^\n  File \"<string>\", line 2, in _connection_for_bind\n  File \"D:\\Projects\\Sentinel AI\\.venv\\Lib\\site-packages\\sqlalchemy\\orm\\state_changes.py\", line 137, in _go\n    ret_value = fn(self, *arg, **kw)\n  File \"D:\\Projects\\Sentinel AI\\.venv\\Lib\\site-packages\\sqlalchemy\\orm\\session.py\", line 1191, in _connection_for_bind\n    conn = bind.connect()\n  File \"D:\\Projects\\Sentinel AI\\.venv\\Lib\\site-packages\\sqlalchemy\\engine\\base.py\", line 3295, in connect\n    return self._connection_cls(self)\n           ~~~~~~~~~~~~~~~~~~~~^^^^^^\n  File \"D:\\Projects\\Sentinel AI\\.venv\\Lib\\site-packages\\sqlalchemy\\engine\\base.py\", line 144, in __init__\n    self._dbapi_connection = engine.raw_connection()\n                             ~~~~~~~~~~~~~~~~~~~~~^^\n  File \"D:\\Projects\\Sentinel AI\\.venv\\Lib\\site-packages\\sqlalchemy\\engine\\base.py\", line 3319, in raw_connection\n    return self.pool.connect()\n           ~~~~~~~~~~~~~~~~~^^\n  File \"D:\\Projects\\Sentinel AI\\.venv\\Lib\\site-packages\\sqlalchemy\\pool\\base.py\", line 448, in connect\n    return _ConnectionFairy._checkout(self)\n           ~~~~~~~~~~~~~~~~~~~~~~~~~~^^^^^^\n  File \"D:\\Projects\\Sentinel AI\\.venv\\Lib\\site-packages\\sqlalchemy\\pool\\base.py\", line 1272, in _checkout\n    fairy = _ConnectionRecord.checkout(pool)\n  File \"D:\\Projects\\Sentinel AI\\.venv\\Lib\\site-packages\\sqlalchemy\\pool\\base.py\", line 712, in checkout\n    rec = pool._do_get()\n  File \"D:\\Projects\\Sentinel AI\\.venv\\Lib\\site-packages\\sqlalchemy\\pool\\impl.py\", line 178, in _do_get\n    with util.safe_reraise():\n         ~~~~~~~~~~~~~~~~~^^\n  File \"D:\\Projects\\Sentinel AI\\.venv\\Lib\\site-packages\\sqlalchemy\\util\\langhelpers.py\", line 122, in __exit__\n    raise exc_value.with_traceback(exc_tb)\n  File \"D:\\Projects\\Sentinel AI\\.venv\\Lib\\site-packages\\sqlalchemy\\pool\\impl.py\", line 176, in _do_get\n    return self._create_connection()\n           ~~~~~~~~~~~~~~~~~~~~~~~^^\n  File \"D:\\Projects\\Sentinel AI\\.venv\\Lib\\site-packages\\sqlalchemy\\pool\\base.py\", line 389, in _create_connection\n    return _ConnectionRecord(self)\n  File \"D:\\Projects\\Sentinel AI\\.venv\\Lib\\site-packages\\sqlalchemy\\pool\\base.py\", line 674, in __init__\n    self.__connect()\n    ~~~~~~~~~~~~~~^^\n  File \"D:\\Projects\\Sentinel AI\\.venv\\Lib\\site-packages\\sqlalchemy\\pool\\base.py\", line 900, in __connect\n    with util.safe_reraise():\n         ~~~~~~~~~~~~~~~~~^^\n  File \"D:\\Projects\\Sentinel AI\\.venv\\Lib\\site-packages\\sqlalchemy\\util\\langhelpers.py\", line 122, in __exit__\n    raise exc_value.with_traceback(exc_tb)\n  File \"D:\\Projects\\Sentinel AI\\.venv\\Lib\\site-packages\\sqlalchemy\\pool\\base.py\", line 896, in __connect\n    self.dbapi_connection = connection = pool._invoke_creator(self)\n                                         ~~~~~~~~~~~~~~~~~~~~^^^^^^\n  File \"D:\\Projects\\Sentinel AI\\.venv\\Lib\\site-packages\\sqlalchemy\\engine\\create.py\", line 667, in connect\n    return dialect.connect(*cargs_tup, **cparams)\n           ~~~~~~~~~~~~~~~^^^^^^^^^^^^^^^^^^^^^^^\n  File \"D:\\Projects\\Sentinel AI\\.venv\\Lib\\site-packages\\sqlalchemy\\engine\\default.py\", line 630, in connect\n    return self.loaded_dbapi.connect(*cargs, **cparams)  # type: ignore[no-any-return]  # NOQA: E501\n           ~~~~~~~~~~~~~~~~~~~~~~~~~^^^^^^^^^^^^^^^^^^^\n  File \"D:\\Projects\\Sentinel AI\\.venv\\Lib\\site-packages\\sqlalchemy\\dialects\\postgresql\\asyncpg.py\", line 955, in connect\n    await_only(creator_fn(*arg, **kw)),\n    ~~~~~~~~~~^^^^^^^^^^^^^^^^^^^^^^^^\n  File \"D:\\Projects\\Sentinel AI\\.venv\\Lib\\site-packages\\sqlalchemy\\util\\_concurrency_py3k.py\", line 132, in await_only\n    return current.parent.switch(awaitable)  # type: ignore[no-any-return,attr-defined] # noqa: E501\n           ~~~~~~~~~~~~~~~~~~~~~^^^^^^^^^^^\n  File \"D:\\Projects\\Sentinel AI\\.venv\\Lib\\site-packages\\sqlalchemy\\util\\_concurrency_py3k.py\", line 196, in greenlet_spawn\n    value = await result\n            ^^^^^^^^^^^^\n  File \"D:\\Projects\\Sentinel AI\\.venv\\Lib\\site-packages\\asyncpg\\connection.py\", line 2443, in connect\n    return await connect_utils._connect(\n           ^^^^^^^^^^^^^^^^^^^^^^^^^^^^^\n    ...<22 lines>...\n    )\n    ^\n  File \"D:\\Projects\\Sentinel AI\\.venv\\Lib\\site-packages\\asyncpg\\connect_utils.py\", line 1249, in _connect\n    raise last_error or exceptions.TargetServerAttributeNotMatched(\n    ...<2 lines>...\n    )\n  File \"D:\\Projects\\Sentinel AI\\.venv\\Lib\\site-packages\\asyncpg\\connect_utils.py\", line 1218, in _connect\n    conn = await _connect_addr(\n           ^^^^^^^^^^^^^^^^^^^^\n    ...<6 lines>...\n    )\n    ^\n  File \"D:\\Projects\\Sentinel AI\\.venv\\Lib\\site-packages\\asyncpg\\connect_utils.py\", line 1054, in _connect_addr\n    return await __connect_addr(params, True, *args)\n           ^^^^^^^^^^^^^^^^^^^^^^^^^^^^^^^^^^^^^^^^^\n  File \"D:\\Projects\\Sentinel AI\\.venv\\Lib\\site-packages\\asyncpg\\connect_utils.py\", line 1099, in __connect_addr\n    tr, pr = await connector\n             ^^^^^^^^^^^^^^^\n  File \"D:\\Projects\\Sentinel AI\\.venv\\Lib\\site-packages\\asyncpg\\connect_utils.py\", line 969, in _create_ssl_connection\n    tr, pr = await loop.create_connection(\n             ^^^^^^^^^^^^^^^^^^^^^^^^^^^^^\n    ...<2 lines>...\n        host, port)\n        ^^^^^^^^^^^\n  File \"C:\\Users\\Robin\\AppData\\Local\\Programs\\Python\\Python314\\Lib\\asyncio\\base_events.py\", line 1119, in create_connection\n    infos = await self._ensure_resolved(\n            ^^^^^^^^^^^^^^^^^^^^^^^^^^^^\n        (host, port), family=family,\n        ^^^^^^^^^^^^^^^^^^^^^^^^^^^^\n        type=socket.SOCK_STREAM, proto=proto, flags=flags, loop=self)\n        ^^^^^^^^^^^^^^^^^^^^^^^^^^^^^^^^^^^^^^^^^^^^^^^^^^^^^^^^^^^^^\n  File \"C:\\Users\\Robin\\AppData\\Local\\Programs\\Python\\Python314\\Lib\\asyncio\\base_events.py\", line 1505, in _ensure_resolved\n    return await loop.getaddrinfo(host, port, family=family, type=type,\n           ^^^^^^^^^^^^^^^^^^^^^^^^^^^^^^^^^^^^^^^^^^^^^^^^^^^^^^^^^^^^\n                                  proto=proto, flags=flags)\n                                  ^^^^^^^^^^^^^^^^^^^^^^^^^\n  File \"C:\\Users\\Robin\\AppData\\Local\\Programs\\Python\\Python314\\Lib\\asyncio\\base_events.py\", line 936, in getaddrinfo\n    return await self.run_in_executor(\n           ^^^^^^^^^^^^^^^^^^^^^^^^^^^\n        None, getaddr_func, host, port, family, type, proto, flags)\n        ^^^^^^^^^^^^^^^^^^^^^^^^^^^^^^^^^^^^^^^^^^^^^^^^^^^^^^^^^^^\n  File \"C:\\Users\\Robin\\AppData\\Local\\Programs\\Python\\Python314\\Lib\\concurrent\\futures\\thread.py\", line 86, in run\n    result = ctx.run(self.task)\n  File \"C:\\Users\\Robin\\AppData\\Local\\Programs\\Python\\Python314\\Lib\\concurrent\\futures\\thread.py\", line 73, in run\n    return fn(*args, **kwargs)\n  File \"C:\\Users\\Robin\\AppData\\Local\\Programs\\Python\\Python314\\Lib\\socket.py\", line 983, in getaddrinfo\n    for res in _socket.getaddrinfo(host, port, family, type, proto, flags):\n               ~~~~~~~~~~~~~~~~~~~^^^^^^^^^^^^^^^^^^^^^^^^^^^^^^^^^^^^^^^^\nsocket.gaierror: [Errno 11001] getaddrinfo failed", "path": "http://test/api/v1/workspaces/391b7a81-f590-4fda-bdfd-8fb9902fe9f9/conversations", "error": "[Errno 11001] getaddrinfo failed"}
------------------------------ Captured log call ------------------------------
ERROR    app.main:main.py:118 Unhandled exception.
Traceback (most recent call last):
  File "D:\Projects\Sentinel AI\.venv\Lib\site-packages\starlette\middleware\errors.py", line 164, in __call__
    await self.app(scope, receive, _send)
  File "D:\Projects\Sentinel AI\.venv\Lib\site-packages\starlette\middleware\cors.py", line 88, in __call__
    await self.app(scope, receive, send)
  File "D:\Projects\Sentinel AI\.venv\Lib\site-packages\starlette\middleware\exceptions.py", line 63, in __call__
    await wrap_app_handling_exceptions(self.app, conn)(scope, receive, send)
  File "D:\Projects\Sentinel AI\.venv\Lib\site-packages\starlette\_exception_handler.py", line 53, in wrapped_app
    raise exc
  File "D:\Projects\Sentinel AI\.venv\Lib\site-packages\starlette\_exception_handler.py", line 42, in wrapped_app
    await app(scope, receive, sender)
  File "D:\Projects\Sentinel AI\.venv\Lib\site-packages\fastapi\middleware\asyncexitstack.py", line 18, in __call__
    await self.app(scope, receive, send)
  File "D:\Projects\Sentinel AI\.venv\Lib\site-packages\starlette\routing.py", line 660, in __call__
    await self.middleware_stack(scope, receive, send)
  File "D:\Projects\Sentinel AI\.venv\Lib\site-packages\fastapi\routing.py", line 2683, in app
    await route.handle(scope, receive, send)
  File "D:\Projects\Sentinel AI\.venv\Lib\site-packages\fastapi\routing.py", line 1753, in handle
    await self.original_router.handle(scope, receive, send)
  File "D:\Projects\Sentinel AI\.venv\Lib\site-packages\fastapi\routing.py", line 2738, in handle
    await included_router._handle_selected(scope, receive, send)
  File "D:\Projects\Sentinel AI\.venv\Lib\site-packages\fastapi\routing.py", line 1764, in _handle_selected
    await route.handle(scope, receive, send)
  File "D:\Projects\Sentinel AI\.venv\Lib\site-packages\fastapi\routing.py", line 1753, in handle
    await self.original_router.handle(scope, receive, send)
  File "D:\Projects\Sentinel AI\.venv\Lib\site-packages\fastapi\routing.py", line 2738, in handle
    await included_router._handle_selected(scope, receive, send)
  File "D:\Projects\Sentinel AI\.venv\Lib\site-packages\fastapi\routing.py", line 1773, in _handle_selected
    await original_route.handle(scope, receive, send)
  File "D:\Projects\Sentinel AI\.venv\Lib\site-packages\fastapi\routing.py", line 1264, in handle
    await app(scope, receive, send)
  File "D:\Projects\Sentinel AI\.venv\Lib\site-packages\fastapi\routing.py", line 150, in app
    await wrap_app_handling_exceptions(app, request)(scope, receive, send)
  File "D:\Projects\Sentinel AI\.venv\Lib\site-packages\starlette\_exception_handler.py", line 53, in wrapped_app
    raise exc
  File "D:\Projects\Sentinel AI\.venv\Lib\site-packages\starlette\_exception_handler.py", line 42, in wrapped_app
    await app(scope, receive, sender)
  File "D:\Projects\Sentinel AI\.venv\Lib\site-packages\fastapi\routing.py", line 136, in app
    response = await f(request)
               ^^^^^^^^^^^^^^^^
  File "D:\Projects\Sentinel AI\.venv\Lib\site-packages\fastapi\routing.py", line 690, in app
    raw_response = await run_endpoint_function(
                   ^^^^^^^^^^^^^^^^^^^^^^^^^^^^
    ...<3 lines>...
    )
    ^
  File "D:\Projects\Sentinel AI\.venv\Lib\site-packages\fastapi\routing.py", line 344, in run_endpoint_function
    return await dependant.call(**values)
           ^^^^^^^^^^^^^^^^^^^^^^^^^^^^^^
  File "D:\Projects\Sentinel AI\backend\app\modules\conversations\router.py", line 61, in create_conversation
    conversation = await service.create_conversation(
                   ^^^^^^^^^^^^^^^^^^^^^^^^^^^^^^^^^^
    ...<3 lines>...
    )
    ^
  File "D:\Projects\Sentinel AI\backend\app\modules\conversations\service.py", line 42, in create_conversation
    await self._get_workspace(workspace_id, owner_id)
  File "D:\Projects\Sentinel AI\backend\app\modules\conversations\service.py", line 163, in _get_workspace
    workspace = await self._workspace_repo.get_by_id(workspace_id, owner_id)
                ^^^^^^^^^^^^^^^^^^^^^^^^^^^^^^^^^^^^^^^^^^^^^^^^^^^^^^^^^^^^
  File "D:\Projects\Sentinel AI\backend\app\modules\workspaces\repository.py", line 30, in get_by_id
    result = await self._session.execute(
             ^^^^^^^^^^^^^^^^^^^^^^^^^^^^
    ...<4 lines>...
    )
    ^
  File "D:\Projects\Sentinel AI\.venv\Lib\site-packages\sqlalchemy\ext\asyncio\session.py", line 448, in execute
    result = await greenlet_spawn(
             ^^^^^^^^^^^^^^^^^^^^^
    ...<6 lines>...
    )
    ^
  File "D:\Projects\Sentinel AI\.venv\Lib\site-packages\sqlalchemy\util\_concurrency_py3k.py", line 201, in greenlet_spawn
    result = context.throw(*sys.exc_info())
  File "D:\Projects\Sentinel AI\.venv\Lib\site-packages\sqlalchemy\orm\session.py", line 2373, in execute
    return self._execute_internal(
           ~~~~~~~~~~~~~~~~~~~~~~^
        statement,
        ^^^^^^^^^^
    ...<4 lines>...
        _add_event=_add_event,
        ^^^^^^^^^^^^^^^^^^^^^^
    )
    ^
  File "D:\Projects\Sentinel AI\.venv\Lib\site-packages\sqlalchemy\orm\session.py", line 2261, in _execute_internal
    conn = self._connection_for_bind(bind)
  File "D:\Projects\Sentinel AI\.venv\Lib\site-packages\sqlalchemy\orm\session.py", line 2113, in _connection_for_bind
    return trans._connection_for_bind(engine, execution_options)
           ~~~~~~~~~~~~~~~~~~~~~~~~~~^^^^^^^^^^^^^^^^^^^^^^^^^^^
  File "<string>", line 2, in _connection_for_bind
  File "D:\Projects\Sentinel AI\.venv\Lib\site-packages\sqlalchemy\orm\state_changes.py", line 137, in _go
    ret_value = fn(self, *arg, **kw)
  File "D:\Projects\Sentinel AI\.venv\Lib\site-packages\sqlalchemy\orm\session.py", line 1191, in _connection_for_bind
    conn = bind.connect()
  File "D:\Projects\Sentinel AI\.venv\Lib\site-packages\sqlalchemy\engine\base.py", line 3295, in connect
    return self._connection_cls(self)
           ~~~~~~~~~~~~~~~~~~~~^^^^^^
  File "D:\Projects\Sentinel AI\.venv\Lib\site-packages\sqlalchemy\engine\base.py", line 144, in __init__
    self._dbapi_connection = engine.raw_connection()
                             ~~~~~~~~~~~~~~~~~~~~~^^
  File "D:\Projects\Sentinel AI\.venv\Lib\site-packages\sqlalchemy\engine\base.py", line 3319, in raw_connection
    return self.pool.connect()
           ~~~~~~~~~~~~~~~~~^^
  File "D:\Projects\Sentinel AI\.venv\Lib\site-packages\sqlalchemy\pool\base.py", line 448, in connect
    return _ConnectionFairy._checkout(self)
           ~~~~~~~~~~~~~~~~~~~~~~~~~~^^^^^^
  File "D:\Projects\Sentinel AI\.venv\Lib\site-packages\sqlalchemy\pool\base.py", line 1272, in _checkout
    fairy = _ConnectionRecord.checkout(pool)
  File "D:\Projects\Sentinel AI\.venv\Lib\site-packages\sqlalchemy\pool\base.py", line 712, in checkout
    rec = pool._do_get()
  File "D:\Projects\Sentinel AI\.venv\Lib\site-packages\sqlalchemy\pool\impl.py", line 178, in _do_get
    with util.safe_reraise():
         ~~~~~~~~~~~~~~~~~^^
  File "D:\Projects\Sentinel AI\.venv\Lib\site-packages\sqlalchemy\util\langhelpers.py", line 122, in __exit__
    raise exc_value.with_traceback(exc_tb)
  File "D:\Projects\Sentinel AI\.venv\Lib\site-packages\sqlalchemy\pool\impl.py", line 176, in _do_get
    return self._create_connection()
           ~~~~~~~~~~~~~~~~~~~~~~~^^
  File "D:\Projects\Sentinel AI\.venv\Lib\site-packages\sqlalchemy\pool\base.py", line 389, in _create_connection
    return _ConnectionRecord(self)
  File "D:\Projects\Sentinel AI\.venv\Lib\site-packages\sqlalchemy\pool\base.py", line 674, in __init__
    self.__connect()
    ~~~~~~~~~~~~~~^^
  File "D:\Projects\Sentinel AI\.venv\Lib\site-packages\sqlalchemy\pool\base.py", line 900, in __connect
    with util.safe_reraise():
         ~~~~~~~~~~~~~~~~~^^
  File "D:\Projects\Sentinel AI\.venv\Lib\site-packages\sqlalchemy\util\langhelpers.py", line 122, in __exit__
    raise exc_value.with_traceback(exc_tb)
  File "D:\Projects\Sentinel AI\.venv\Lib\site-packages\sqlalchemy\pool\base.py", line 896, in __connect
    self.dbapi_connection = connection = pool._invoke_creator(self)
                                         ~~~~~~~~~~~~~~~~~~~~^^^^^^
  File "D:\Projects\Sentinel AI\.venv\Lib\site-packages\sqlalchemy\engine\create.py", line 667, in connect
    return dialect.connect(*cargs_tup, **cparams)
           ~~~~~~~~~~~~~~~^^^^^^^^^^^^^^^^^^^^^^^
  File "D:\Projects\Sentinel AI\.venv\Lib\site-packages\sqlalchemy\engine\default.py", line 630, in connect
    return self.loaded_dbapi.connect(*cargs, **cparams)  # type: ignore[no-any-return]  # NOQA: E501
           ~~~~~~~~~~~~~~~~~~~~~~~~~^^^^^^^^^^^^^^^^^^^
  File "D:\Projects\Sentinel AI\.venv\Lib\site-packages\sqlalchemy\dialects\postgresql\asyncpg.py", line 955, in connect
    await_only(creator_fn(*arg, **kw)),
    ~~~~~~~~~~^^^^^^^^^^^^^^^^^^^^^^^^
  File "D:\Projects\Sentinel AI\.venv\Lib\site-packages\sqlalchemy\util\_concurrency_py3k.py", line 132, in await_only
    return current.parent.switch(awaitable)  # type: ignore[no-any-return,attr-defined] # noqa: E501
           ~~~~~~~~~~~~~~~~~~~~~^^^^^^^^^^^
  File "D:\Projects\Sentinel AI\.venv\Lib\site-packages\sqlalchemy\util\_concurrency_py3k.py", line 196, in greenlet_spawn
    value = await result
            ^^^^^^^^^^^^
  File "D:\Projects\Sentinel AI\.venv\Lib\site-packages\asyncpg\connection.py", line 2443, in connect
    return await connect_utils._connect(
           ^^^^^^^^^^^^^^^^^^^^^^^^^^^^^
    ...<22 lines>...
    )
    ^
  File "D:\Projects\Sentinel AI\.venv\Lib\site-packages\asyncpg\connect_utils.py", line 1249, in _connect
    raise last_error or exceptions.TargetServerAttributeNotMatched(
    ...<2 lines>...
    )
  File "D:\Projects\Sentinel AI\.venv\Lib\site-packages\asyncpg\connect_utils.py", line 1218, in _connect
    conn = await _connect_addr(
           ^^^^^^^^^^^^^^^^^^^^
    ...<6 lines>...
    )
    ^
  File "D:\Projects\Sentinel AI\.venv\Lib\site-packages\asyncpg\connect_utils.py", line 1054, in _connect_addr
    return await __connect_addr(params, True, *args)
           ^^^^^^^^^^^^^^^^^^^^^^^^^^^^^^^^^^^^^^^^^
  File "D:\Projects\Sentinel AI\.venv\Lib\site-packages\asyncpg\connect_utils.py", line 1099, in __connect_addr
    tr, pr = await connector
             ^^^^^^^^^^^^^^^
  File "D:\Projects\Sentinel AI\.venv\Lib\site-packages\asyncpg\connect_utils.py", line 969, in _create_ssl_connection
    tr, pr = await loop.create_connection(
             ^^^^^^^^^^^^^^^^^^^^^^^^^^^^^
    ...<2 lines>...
        host, port)
        ^^^^^^^^^^^
  File "C:\Users\Robin\AppData\Local\Programs\Python\Python314\Lib\asyncio\base_events.py", line 1119, in create_connection
    infos = await self._ensure_resolved(
            ^^^^^^^^^^^^^^^^^^^^^^^^^^^^
        (host, port), family=family,
        ^^^^^^^^^^^^^^^^^^^^^^^^^^^^
        type=socket.SOCK_STREAM, proto=proto, flags=flags, loop=self)
        ^^^^^^^^^^^^^^^^^^^^^^^^^^^^^^^^^^^^^^^^^^^^^^^^^^^^^^^^^^^^^
  File "C:\Users\Robin\AppData\Local\Programs\Python\Python314\Lib\asyncio\base_events.py", line 1505, in _ensure_resolved
    return await loop.getaddrinfo(host, port, family=family, type=type,
           ^^^^^^^^^^^^^^^^^^^^^^^^^^^^^^^^^^^^^^^^^^^^^^^^^^^^^^^^^^^^
                                  proto=proto, flags=flags)
                                  ^^^^^^^^^^^^^^^^^^^^^^^^^
  File "C:\Users\Robin\AppData\Local\Programs\Python\Python314\Lib\asyncio\base_events.py", line 936, in getaddrinfo
    return await self.run_in_executor(
           ^^^^^^^^^^^^^^^^^^^^^^^^^^^
        None, getaddr_func, host, port, family, type, proto, flags)
        ^^^^^^^^^^^^^^^^^^^^^^^^^^^^^^^^^^^^^^^^^^^^^^^^^^^^^^^^^^^
  File "C:\Users\Robin\AppData\Local\Programs\Python\Python314\Lib\concurrent\futures\thread.py", line 86, in run
    result = ctx.run(self.task)
  File "C:\Users\Robin\AppData\Local\Programs\Python\Python314\Lib\concurrent\futures\thread.py", line 73, in run
    return fn(*args, **kwargs)
  File "C:\Users\Robin\AppData\Local\Programs\Python\Python314\Lib\socket.py", line 983, in getaddrinfo
    for res in _socket.getaddrinfo(host, port, family, type, proto, flags):
               ~~~~~~~~~~~~~~~~~~~^^^^^^^^^^^^^^^^^^^^^^^^^^^^^^^^^^^^^^^^
socket.gaierror: [Errno 11001] getaddrinfo failed
______________ TestConversationEndToEnd.test_payload_validation _______________

self = <test_conversation_e2e.TestConversationEndToEnd object at 0x00000182D932D350>
e2e_client = <httpx.AsyncClient object at 0x00000182D9823490>
e2e_db_setup = {'user': <app.modules.auth.models.User object at 0x00000182D985E7A0>, 'workspace': <app.modules.workspaces.models.Work...ject at 0x00000182D985D370>, 'other_workspace': <app.modules.workspaces.models.Workspace object at 0x00000182D985F240>}

    async def test_payload_validation(self, e2e_client, e2e_db_setup):
        """Category 6: Verify edge-case payloads result in strict 422s."""
        workspace_id = e2e_db_setup["workspace"].id
    
>       create_res = await e2e_client.post(
            f"/api/v1/workspaces/{workspace_id}/conversations",
            json={"title": "Validation"}
        )

tests\integration\test_conversation_e2e.py:255: 
_ _ _ _ _ _ _ _ _ _ _ _ _ _ _ _ _ _ _ _ _ _ _ _ _ _ _ _ _ _ _ _ _ _ _ _ _ _ _ _
.venv\Lib\site-packages\httpx\_client.py:1859: in post
    return await self.request(
.venv\Lib\site-packages\httpx\_client.py:1540: in request
    return await self.send(request, auth=auth, follow_redirects=follow_redirects)
           ^^^^^^^^^^^^^^^^^^^^^^^^^^^^^^^^^^^^^^^^^^^^^^^^^^^^^^^^^^^^^^^^^^^^^^
.venv\Lib\site-packages\httpx\_client.py:1629: in send
    response = await self._send_handling_auth(
.venv\Lib\site-packages\httpx\_client.py:1657: in _send_handling_auth
    response = await self._send_handling_redirects(
.venv\Lib\site-packages\httpx\_client.py:1694: in _send_handling_redirects
    response = await self._send_single_request(request)
               ^^^^^^^^^^^^^^^^^^^^^^^^^^^^^^^^^^^^^^^^
.venv\Lib\site-packages\httpx\_client.py:1730: in _send_single_request
    response = await transport.handle_async_request(request)
               ^^^^^^^^^^^^^^^^^^^^^^^^^^^^^^^^^^^^^^^^^^^^^
.venv\Lib\site-packages\httpx\_transports\asgi.py:170: in handle_async_request
    await self.app(scope, receive, send)
.venv\Lib\site-packages\fastapi\applications.py:1163: in __call__
    await super().__call__(scope, receive, send)
.venv\Lib\site-packages\starlette\applications.py:90: in __call__
    await self.middleware_stack(scope, receive, send)
.venv\Lib\site-packages\starlette\middleware\errors.py:186: in __call__
    raise exc
.venv\Lib\site-packages\starlette\middleware\errors.py:164: in __call__
    await self.app(scope, receive, _send)
.venv\Lib\site-packages\starlette\middleware\cors.py:88: in __call__
    await self.app(scope, receive, send)
.venv\Lib\site-packages\starlette\middleware\exceptions.py:63: in __call__
    await wrap_app_handling_exceptions(self.app, conn)(scope, receive, send)
.venv\Lib\site-packages\starlette\_exception_handler.py:53: in wrapped_app
    raise exc
.venv\Lib\site-packages\starlette\_exception_handler.py:42: in wrapped_app
    await app(scope, receive, sender)
.venv\Lib\site-packages\fastapi\middleware\asyncexitstack.py:18: in __call__
    await self.app(scope, receive, send)
.venv\Lib\site-packages\starlette\routing.py:660: in __call__
    await self.middleware_stack(scope, receive, send)
.venv\Lib\site-packages\fastapi\routing.py:2683: in app
    await route.handle(scope, receive, send)
.venv\Lib\site-packages\fastapi\routing.py:1753: in handle
    await self.original_router.handle(scope, receive, send)
.venv\Lib\site-packages\fastapi\routing.py:2738: in handle
    await included_router._handle_selected(scope, receive, send)
.venv\Lib\site-packages\fastapi\routing.py:1764: in _handle_selected
    await route.handle(scope, receive, send)
.venv\Lib\site-packages\fastapi\routing.py:1753: in handle
    await self.original_router.handle(scope, receive, send)
.venv\Lib\site-packages\fastapi\routing.py:2738: in handle
    await included_router._handle_selected(scope, receive, send)
.venv\Lib\site-packages\fastapi\routing.py:1773: in _handle_selected
    await original_route.handle(scope, receive, send)
.venv\Lib\site-packages\fastapi\routing.py:1264: in handle
    await app(scope, receive, send)
.venv\Lib\site-packages\fastapi\routing.py:150: in app
    await wrap_app_handling_exceptions(app, request)(scope, receive, send)
.venv\Lib\site-packages\starlette\_exception_handler.py:53: in wrapped_app
    raise exc
.venv\Lib\site-packages\starlette\_exception_handler.py:42: in wrapped_app
    await app(scope, receive, sender)
.venv\Lib\site-packages\fastapi\routing.py:136: in app
    response = await f(request)
               ^^^^^^^^^^^^^^^^
.venv\Lib\site-packages\fastapi\routing.py:690: in app
    raw_response = await run_endpoint_function(
.venv\Lib\site-packages\fastapi\routing.py:344: in run_endpoint_function
    return await dependant.call(**values)
           ^^^^^^^^^^^^^^^^^^^^^^^^^^^^^^
backend\app\modules\conversations\router.py:61: in create_conversation
    conversation = await service.create_conversation(
backend\app\modules\conversations\service.py:42: in create_conversation
    await self._get_workspace(workspace_id, owner_id)
backend\app\modules\conversations\service.py:163: in _get_workspace
    workspace = await self._workspace_repo.get_by_id(workspace_id, owner_id)
                ^^^^^^^^^^^^^^^^^^^^^^^^^^^^^^^^^^^^^^^^^^^^^^^^^^^^^^^^^^^^
backend\app\modules\workspaces\repository.py:30: in get_by_id
    result = await self._session.execute(
.venv\Lib\site-packages\sqlalchemy\ext\asyncio\session.py:448: in execute
    result = await greenlet_spawn(
.venv\Lib\site-packages\sqlalchemy\util\_concurrency_py3k.py:201: in greenlet_spawn
    result = context.throw(*sys.exc_info())
             ^^^^^^^^^^^^^^^^^^^^^^^^^^^^^^
.venv\Lib\site-packages\sqlalchemy\orm\session.py:2373: in execute
    return self._execute_internal(
.venv\Lib\site-packages\sqlalchemy\orm\session.py:2261: in _execute_internal
    conn = self._connection_for_bind(bind)
           ^^^^^^^^^^^^^^^^^^^^^^^^^^^^^^^
.venv\Lib\site-packages\sqlalchemy\orm\session.py:2113: in _connection_for_bind
    return trans._connection_for_bind(engine, execution_options)
           ^^^^^^^^^^^^^^^^^^^^^^^^^^^^^^^^^^^^^^^^^^^^^^^^^^^^^
<string>:2: in _connection_for_bind
    ???
.venv\Lib\site-packages\sqlalchemy\orm\state_changes.py:137: in _go
    ret_value = fn(self, *arg, **kw)
                ^^^^^^^^^^^^^^^^^^^^
.venv\Lib\site-packages\sqlalchemy\orm\session.py:1191: in _connection_for_bind
    conn = bind.connect()
           ^^^^^^^^^^^^^^
.venv\Lib\site-packages\sqlalchemy\engine\base.py:3295: in connect
    return self._connection_cls(self)
           ^^^^^^^^^^^^^^^^^^^^^^^^^^
.venv\Lib\site-packages\sqlalchemy\engine\base.py:144: in __init__
    self._dbapi_connection = engine.raw_connection()
                             ^^^^^^^^^^^^^^^^^^^^^^^
.venv\Lib\site-packages\sqlalchemy\engine\base.py:3319: in raw_connection
    return self.pool.connect()
           ^^^^^^^^^^^^^^^^^^^
.venv\Lib\site-packages\sqlalchemy\pool\base.py:448: in connect
    return _ConnectionFairy._checkout(self)
           ^^^^^^^^^^^^^^^^^^^^^^^^^^^^^^^^
.venv\Lib\site-packages\sqlalchemy\pool\base.py:1272: in _checkout
    fairy = _ConnectionRecord.checkout(pool)
            ^^^^^^^^^^^^^^^^^^^^^^^^^^^^^^^^
.venv\Lib\site-packages\sqlalchemy\pool\base.py:712: in checkout
    rec = pool._do_get()
          ^^^^^^^^^^^^^^
.venv\Lib\site-packages\sqlalchemy\pool\impl.py:178: in _do_get
    with util.safe_reraise():
         ^^^^^^^^^^^^^^^^^^^
.venv\Lib\site-packages\sqlalchemy\util\langhelpers.py:122: in __exit__
    raise exc_value.with_traceback(exc_tb)
.venv\Lib\site-packages\sqlalchemy\pool\impl.py:176: in _do_get
    return self._create_connection()
           ^^^^^^^^^^^^^^^^^^^^^^^^^
.venv\Lib\site-packages\sqlalchemy\pool\base.py:389: in _create_connection
    return _ConnectionRecord(self)
           ^^^^^^^^^^^^^^^^^^^^^^^
.venv\Lib\site-packages\sqlalchemy\pool\base.py:674: in __init__
    self.__connect()
.venv\Lib\site-packages\sqlalchemy\pool\base.py:900: in __connect
    with util.safe_reraise():
         ^^^^^^^^^^^^^^^^^^^
.venv\Lib\site-packages\sqlalchemy\util\langhelpers.py:122: in __exit__
    raise exc_value.with_traceback(exc_tb)
.venv\Lib\site-packages\sqlalchemy\pool\base.py:896: in __connect
    self.dbapi_connection = connection = pool._invoke_creator(self)
                                         ^^^^^^^^^^^^^^^^^^^^^^^^^^
.venv\Lib\site-packages\sqlalchemy\engine\create.py:667: in connect
    return dialect.connect(*cargs_tup, **cparams)
           ^^^^^^^^^^^^^^^^^^^^^^^^^^^^^^^^^^^^^^
.venv\Lib\site-packages\sqlalchemy\engine\default.py:630: in connect
    return self.loaded_dbapi.connect(*cargs, **cparams)  # type: ignore[no-any-return]  # NOQA: E501
           ^^^^^^^^^^^^^^^^^^^^^^^^^^^^^^^^^^^^^^^^^^^^
.venv\Lib\site-packages\sqlalchemy\dialects\postgresql\asyncpg.py:955: in connect
    await_only(creator_fn(*arg, **kw)),
    ^^^^^^^^^^^^^^^^^^^^^^^^^^^^^^^^^^
.venv\Lib\site-packages\sqlalchemy\util\_concurrency_py3k.py:132: in await_only
    return current.parent.switch(awaitable)  # type: ignore[no-any-return,attr-defined] # noqa: E501
           ^^^^^^^^^^^^^^^^^^^^^^^^^^^^^^^^
.venv\Lib\site-packages\sqlalchemy\util\_concurrency_py3k.py:196: in greenlet_spawn
    value = await result
            ^^^^^^^^^^^^
.venv\Lib\site-packages\asyncpg\connection.py:2443: in connect
    return await connect_utils._connect(
.venv\Lib\site-packages\asyncpg\connect_utils.py:1249: in _connect
    raise last_error or exceptions.TargetServerAttributeNotMatched(
.venv\Lib\site-packages\asyncpg\connect_utils.py:1218: in _connect
    conn = await _connect_addr(
.venv\Lib\site-packages\asyncpg\connect_utils.py:1054: in _connect_addr
    return await __connect_addr(params, True, *args)
           ^^^^^^^^^^^^^^^^^^^^^^^^^^^^^^^^^^^^^^^^^
.venv\Lib\site-packages\asyncpg\connect_utils.py:1099: in __connect_addr
    tr, pr = await connector
             ^^^^^^^^^^^^^^^
.venv\Lib\site-packages\asyncpg\connect_utils.py:969: in _create_ssl_connection
    tr, pr = await loop.create_connection(
C:\Users\Robin\AppData\Local\Programs\Python\Python314\Lib\asyncio\base_events.py:1119: in create_connection
    infos = await self._ensure_resolved(
C:\Users\Robin\AppData\Local\Programs\Python\Python314\Lib\asyncio\base_events.py:1505: in _ensure_resolved
    return await loop.getaddrinfo(host, port, family=family, type=type,
C:\Users\Robin\AppData\Local\Programs\Python\Python314\Lib\asyncio\base_events.py:936: in getaddrinfo
    return await self.run_in_executor(
C:\Users\Robin\AppData\Local\Programs\Python\Python314\Lib\concurrent\futures\thread.py:86: in run
    result = ctx.run(self.task)
             ^^^^^^^^^^^^^^^^^^
C:\Users\Robin\AppData\Local\Programs\Python\Python314\Lib\concurrent\futures\thread.py:73: in run
    return fn(*args, **kwargs)
           ^^^^^^^^^^^^^^^^^^^
_ _ _ _ _ _ _ _ _ _ _ _ _ _ _ _ _ _ _ _ _ _ _ _ _ _ _ _ _ _ _ _ _ _ _ _ _ _ _ _

host = 'postgres', port = 5432, family = 0, type = <SocketKind.SOCK_STREAM: 1>
proto = 0, flags = 0

    def getaddrinfo(host, port, family=0, type=0, proto=0, flags=0):
        """Resolve host and port into list of address info entries.
    
        Translate the host/port argument into a sequence of 5-tuples that contain
        all the necessary arguments for creating a socket connected to that service.
        host is a domain name, a string representation of an IPv4/v6 address or
        None. port is a string service name such as 'http', a numeric port number or
        None. By passing None as the value of host and port, you can pass NULL to
        the underlying C API.
    
        The family, type and proto arguments can be optionally specified in order to
        narrow the list of addresses returned. Passing zero as a value for each of
        these arguments selects the full range of results.
        """
        # We override this function since we want to translate the numeric family
        # and socket type values to enum constants.
        addrlist = []
>       for res in _socket.getaddrinfo(host, port, family, type, proto, flags):
                   ^^^^^^^^^^^^^^^^^^^^^^^^^^^^^^^^^^^^^^^^^^^^^^^^^^^^^^^^^^^
E       socket.gaierror: [Errno 11001] getaddrinfo failed

C:\Users\Robin\AppData\Local\Programs\Python\Python314\Lib\socket.py:983: gaierror
---------------------------- Captured stdout call -----------------------------
{"timestamp": "2026-07-21 03:51:40,471", "level": "ERROR", "name": "app.main", "message": "Unhandled exception.", "exc_info": "Traceback (most recent call last):\n  File \"D:\\Projects\\Sentinel AI\\.venv\\Lib\\site-packages\\starlette\\middleware\\errors.py\", line 164, in __call__\n    await self.app(scope, receive, _send)\n  File \"D:\\Projects\\Sentinel AI\\.venv\\Lib\\site-packages\\starlette\\middleware\\cors.py\", line 88, in __call__\n    await self.app(scope, receive, send)\n  File \"D:\\Projects\\Sentinel AI\\.venv\\Lib\\site-packages\\starlette\\middleware\\exceptions.py\", line 63, in __call__\n    await wrap_app_handling_exceptions(self.app, conn)(scope, receive, send)\n  File \"D:\\Projects\\Sentinel AI\\.venv\\Lib\\site-packages\\starlette\\_exception_handler.py\", line 53, in wrapped_app\n    raise exc\n  File \"D:\\Projects\\Sentinel AI\\.venv\\Lib\\site-packages\\starlette\\_exception_handler.py\", line 42, in wrapped_app\n    await app(scope, receive, sender)\n  File \"D:\\Projects\\Sentinel AI\\.venv\\Lib\\site-packages\\fastapi\\middleware\\asyncexitstack.py\", line 18, in __call__\n    await self.app(scope, receive, send)\n  File \"D:\\Projects\\Sentinel AI\\.venv\\Lib\\site-packages\\starlette\\routing.py\", line 660, in __call__\n    await self.middleware_stack(scope, receive, send)\n  File \"D:\\Projects\\Sentinel AI\\.venv\\Lib\\site-packages\\fastapi\\routing.py\", line 2683, in app\n    await route.handle(scope, receive, send)\n  File \"D:\\Projects\\Sentinel AI\\.venv\\Lib\\site-packages\\fastapi\\routing.py\", line 1753, in handle\n    await self.original_router.handle(scope, receive, send)\n  File \"D:\\Projects\\Sentinel AI\\.venv\\Lib\\site-packages\\fastapi\\routing.py\", line 2738, in handle\n    await included_router._handle_selected(scope, receive, send)\n  File \"D:\\Projects\\Sentinel AI\\.venv\\Lib\\site-packages\\fastapi\\routing.py\", line 1764, in _handle_selected\n    await route.handle(scope, receive, send)\n  File \"D:\\Projects\\Sentinel AI\\.venv\\Lib\\site-packages\\fastapi\\routing.py\", line 1753, in handle\n    await self.original_router.handle(scope, receive, send)\n  File \"D:\\Projects\\Sentinel AI\\.venv\\Lib\\site-packages\\fastapi\\routing.py\", line 2738, in handle\n    await included_router._handle_selected(scope, receive, send)\n  File \"D:\\Projects\\Sentinel AI\\.venv\\Lib\\site-packages\\fastapi\\routing.py\", line 1773, in _handle_selected\n    await original_route.handle(scope, receive, send)\n  File \"D:\\Projects\\Sentinel AI\\.venv\\Lib\\site-packages\\fastapi\\routing.py\", line 1264, in handle\n    await app(scope, receive, send)\n  File \"D:\\Projects\\Sentinel AI\\.venv\\Lib\\site-packages\\fastapi\\routing.py\", line 150, in app\n    await wrap_app_handling_exceptions(app, request)(scope, receive, send)\n  File \"D:\\Projects\\Sentinel AI\\.venv\\Lib\\site-packages\\starlette\\_exception_handler.py\", line 53, in wrapped_app\n    raise exc\n  File \"D:\\Projects\\Sentinel AI\\.venv\\Lib\\site-packages\\starlette\\_exception_handler.py\", line 42, in wrapped_app\n    await app(scope, receive, sender)\n  File \"D:\\Projects\\Sentinel AI\\.venv\\Lib\\site-packages\\fastapi\\routing.py\", line 136, in app\n    response = await f(request)\n               ^^^^^^^^^^^^^^^^\n  File \"D:\\Projects\\Sentinel AI\\.venv\\Lib\\site-packages\\fastapi\\routing.py\", line 690, in app\n    raw_response = await run_endpoint_function(\n                   ^^^^^^^^^^^^^^^^^^^^^^^^^^^^\n    ...<3 lines>...\n    )\n    ^\n  File \"D:\\Projects\\Sentinel AI\\.venv\\Lib\\site-packages\\fastapi\\routing.py\", line 344, in run_endpoint_function\n    return await dependant.call(**values)\n           ^^^^^^^^^^^^^^^^^^^^^^^^^^^^^^\n  File \"D:\\Projects\\Sentinel AI\\backend\\app\\modules\\conversations\\router.py\", line 61, in create_conversation\n    conversation = await service.create_conversation(\n                   ^^^^^^^^^^^^^^^^^^^^^^^^^^^^^^^^^^\n    ...<3 lines>...\n    )\n    ^\n  File \"D:\\Projects\\Sentinel AI\\backend\\app\\modules\\conversations\\service.py\", line 42, in create_conversation\n    await self._get_workspace(workspace_id, owner_id)\n  File \"D:\\Projects\\Sentinel AI\\backend\\app\\modules\\conversations\\service.py\", line 163, in _get_workspace\n    workspace = await self._workspace_repo.get_by_id(workspace_id, owner_id)\n                ^^^^^^^^^^^^^^^^^^^^^^^^^^^^^^^^^^^^^^^^^^^^^^^^^^^^^^^^^^^^\n  File \"D:\\Projects\\Sentinel AI\\backend\\app\\modules\\workspaces\\repository.py\", line 30, in get_by_id\n    result = await self._session.execute(\n             ^^^^^^^^^^^^^^^^^^^^^^^^^^^^\n    ...<4 lines>...\n    )\n    ^\n  File \"D:\\Projects\\Sentinel AI\\.venv\\Lib\\site-packages\\sqlalchemy\\ext\\asyncio\\session.py\", line 448, in execute\n    result = await greenlet_spawn(\n             ^^^^^^^^^^^^^^^^^^^^^\n    ...<6 lines>...\n    )\n    ^\n  File \"D:\\Projects\\Sentinel AI\\.venv\\Lib\\site-packages\\sqlalchemy\\util\\_concurrency_py3k.py\", line 201, in greenlet_spawn\n    result = context.throw(*sys.exc_info())\n  File \"D:\\Projects\\Sentinel AI\\.venv\\Lib\\site-packages\\sqlalchemy\\orm\\session.py\", line 2373, in execute\n    return self._execute_internal(\n           ~~~~~~~~~~~~~~~~~~~~~~^\n        statement,\n        ^^^^^^^^^^\n    ...<4 lines>...\n        _add_event=_add_event,\n        ^^^^^^^^^^^^^^^^^^^^^^\n    )\n    ^\n  File \"D:\\Projects\\Sentinel AI\\.venv\\Lib\\site-packages\\sqlalchemy\\orm\\session.py\", line 2261, in _execute_internal\n    conn = self._connection_for_bind(bind)\n  File \"D:\\Projects\\Sentinel AI\\.venv\\Lib\\site-packages\\sqlalchemy\\orm\\session.py\", line 2113, in _connection_for_bind\n    return trans._connection_for_bind(engine, execution_options)\n           ~~~~~~~~~~~~~~~~~~~~~~~~~~^^^^^^^^^^^^^^^^^^^^^^^^^^^\n  File \"<string>\", line 2, in _connection_for_bind\n  File \"D:\\Projects\\Sentinel AI\\.venv\\Lib\\site-packages\\sqlalchemy\\orm\\state_changes.py\", line 137, in _go\n    ret_value = fn(self, *arg, **kw)\n  File \"D:\\Projects\\Sentinel AI\\.venv\\Lib\\site-packages\\sqlalchemy\\orm\\session.py\", line 1191, in _connection_for_bind\n    conn = bind.connect()\n  File \"D:\\Projects\\Sentinel AI\\.venv\\Lib\\site-packages\\sqlalchemy\\engine\\base.py\", line 3295, in connect\n    return self._connection_cls(self)\n           ~~~~~~~~~~~~~~~~~~~~^^^^^^\n  File \"D:\\Projects\\Sentinel AI\\.venv\\Lib\\site-packages\\sqlalchemy\\engine\\base.py\", line 144, in __init__\n    self._dbapi_connection = engine.raw_connection()\n                             ~~~~~~~~~~~~~~~~~~~~~^^\n  File \"D:\\Projects\\Sentinel AI\\.venv\\Lib\\site-packages\\sqlalchemy\\engine\\base.py\", line 3319, in raw_connection\n    return self.pool.connect()\n           ~~~~~~~~~~~~~~~~~^^\n  File \"D:\\Projects\\Sentinel AI\\.venv\\Lib\\site-packages\\sqlalchemy\\pool\\base.py\", line 448, in connect\n    return _ConnectionFairy._checkout(self)\n           ~~~~~~~~~~~~~~~~~~~~~~~~~~^^^^^^\n  File \"D:\\Projects\\Sentinel AI\\.venv\\Lib\\site-packages\\sqlalchemy\\pool\\base.py\", line 1272, in _checkout\n    fairy = _ConnectionRecord.checkout(pool)\n  File \"D:\\Projects\\Sentinel AI\\.venv\\Lib\\site-packages\\sqlalchemy\\pool\\base.py\", line 712, in checkout\n    rec = pool._do_get()\n  File \"D:\\Projects\\Sentinel AI\\.venv\\Lib\\site-packages\\sqlalchemy\\pool\\impl.py\", line 178, in _do_get\n    with util.safe_reraise():\n         ~~~~~~~~~~~~~~~~~^^\n  File \"D:\\Projects\\Sentinel AI\\.venv\\Lib\\site-packages\\sqlalchemy\\util\\langhelpers.py\", line 122, in __exit__\n    raise exc_value.with_traceback(exc_tb)\n  File \"D:\\Projects\\Sentinel AI\\.venv\\Lib\\site-packages\\sqlalchemy\\pool\\impl.py\", line 176, in _do_get\n    return self._create_connection()\n           ~~~~~~~~~~~~~~~~~~~~~~~^^\n  File \"D:\\Projects\\Sentinel AI\\.venv\\Lib\\site-packages\\sqlalchemy\\pool\\base.py\", line 389, in _create_connection\n    return _ConnectionRecord(self)\n  File \"D:\\Projects\\Sentinel AI\\.venv\\Lib\\site-packages\\sqlalchemy\\pool\\base.py\", line 674, in __init__\n    self.__connect()\n    ~~~~~~~~~~~~~~^^\n  File \"D:\\Projects\\Sentinel AI\\.venv\\Lib\\site-packages\\sqlalchemy\\pool\\base.py\", line 900, in __connect\n    with util.safe_reraise():\n         ~~~~~~~~~~~~~~~~~^^\n  File \"D:\\Projects\\Sentinel AI\\.venv\\Lib\\site-packages\\sqlalchemy\\util\\langhelpers.py\", line 122, in __exit__\n    raise exc_value.with_traceback(exc_tb)\n  File \"D:\\Projects\\Sentinel AI\\.venv\\Lib\\site-packages\\sqlalchemy\\pool\\base.py\", line 896, in __connect\n    self.dbapi_connection = connection = pool._invoke_creator(self)\n                                         ~~~~~~~~~~~~~~~~~~~~^^^^^^\n  File \"D:\\Projects\\Sentinel AI\\.venv\\Lib\\site-packages\\sqlalchemy\\engine\\create.py\", line 667, in connect\n    return dialect.connect(*cargs_tup, **cparams)\n           ~~~~~~~~~~~~~~~^^^^^^^^^^^^^^^^^^^^^^^\n  File \"D:\\Projects\\Sentinel AI\\.venv\\Lib\\site-packages\\sqlalchemy\\engine\\default.py\", line 630, in connect\n    return self.loaded_dbapi.connect(*cargs, **cparams)  # type: ignore[no-any-return]  # NOQA: E501\n           ~~~~~~~~~~~~~~~~~~~~~~~~~^^^^^^^^^^^^^^^^^^^\n  File \"D:\\Projects\\Sentinel AI\\.venv\\Lib\\site-packages\\sqlalchemy\\dialects\\postgresql\\asyncpg.py\", line 955, in connect\n    await_only(creator_fn(*arg, **kw)),\n    ~~~~~~~~~~^^^^^^^^^^^^^^^^^^^^^^^^\n  File \"D:\\Projects\\Sentinel AI\\.venv\\Lib\\site-packages\\sqlalchemy\\util\\_concurrency_py3k.py\", line 132, in await_only\n    return current.parent.switch(awaitable)  # type: ignore[no-any-return,attr-defined] # noqa: E501\n           ~~~~~~~~~~~~~~~~~~~~~^^^^^^^^^^^\n  File \"D:\\Projects\\Sentinel AI\\.venv\\Lib\\site-packages\\sqlalchemy\\util\\_concurrency_py3k.py\", line 196, in greenlet_spawn\n    value = await result\n            ^^^^^^^^^^^^\n  File \"D:\\Projects\\Sentinel AI\\.venv\\Lib\\site-packages\\asyncpg\\connection.py\", line 2443, in connect\n    return await connect_utils._connect(\n           ^^^^^^^^^^^^^^^^^^^^^^^^^^^^^\n    ...<22 lines>...\n    )\n    ^\n  File \"D:\\Projects\\Sentinel AI\\.venv\\Lib\\site-packages\\asyncpg\\connect_utils.py\", line 1249, in _connect\n    raise last_error or exceptions.TargetServerAttributeNotMatched(\n    ...<2 lines>...\n    )\n  File \"D:\\Projects\\Sentinel AI\\.venv\\Lib\\site-packages\\asyncpg\\connect_utils.py\", line 1218, in _connect\n    conn = await _connect_addr(\n           ^^^^^^^^^^^^^^^^^^^^\n    ...<6 lines>...\n    )\n    ^\n  File \"D:\\Projects\\Sentinel AI\\.venv\\Lib\\site-packages\\asyncpg\\connect_utils.py\", line 1054, in _connect_addr\n    return await __connect_addr(params, True, *args)\n           ^^^^^^^^^^^^^^^^^^^^^^^^^^^^^^^^^^^^^^^^^\n  File \"D:\\Projects\\Sentinel AI\\.venv\\Lib\\site-packages\\asyncpg\\connect_utils.py\", line 1099, in __connect_addr\n    tr, pr = await connector\n             ^^^^^^^^^^^^^^^\n  File \"D:\\Projects\\Sentinel AI\\.venv\\Lib\\site-packages\\asyncpg\\connect_utils.py\", line 969, in _create_ssl_connection\n    tr, pr = await loop.create_connection(\n             ^^^^^^^^^^^^^^^^^^^^^^^^^^^^^\n    ...<2 lines>...\n        host, port)\n        ^^^^^^^^^^^\n  File \"C:\\Users\\Robin\\AppData\\Local\\Programs\\Python\\Python314\\Lib\\asyncio\\base_events.py\", line 1119, in create_connection\n    infos = await self._ensure_resolved(\n            ^^^^^^^^^^^^^^^^^^^^^^^^^^^^\n        (host, port), family=family,\n        ^^^^^^^^^^^^^^^^^^^^^^^^^^^^\n        type=socket.SOCK_STREAM, proto=proto, flags=flags, loop=self)\n        ^^^^^^^^^^^^^^^^^^^^^^^^^^^^^^^^^^^^^^^^^^^^^^^^^^^^^^^^^^^^^\n  File \"C:\\Users\\Robin\\AppData\\Local\\Programs\\Python\\Python314\\Lib\\asyncio\\base_events.py\", line 1505, in _ensure_resolved\n    return await loop.getaddrinfo(host, port, family=family, type=type,\n           ^^^^^^^^^^^^^^^^^^^^^^^^^^^^^^^^^^^^^^^^^^^^^^^^^^^^^^^^^^^^\n                                  proto=proto, flags=flags)\n                                  ^^^^^^^^^^^^^^^^^^^^^^^^^\n  File \"C:\\Users\\Robin\\AppData\\Local\\Programs\\Python\\Python314\\Lib\\asyncio\\base_events.py\", line 936, in getaddrinfo\n    return await self.run_in_executor(\n           ^^^^^^^^^^^^^^^^^^^^^^^^^^^\n        None, getaddr_func, host, port, family, type, proto, flags)\n        ^^^^^^^^^^^^^^^^^^^^^^^^^^^^^^^^^^^^^^^^^^^^^^^^^^^^^^^^^^^\n  File \"C:\\Users\\Robin\\AppData\\Local\\Programs\\Python\\Python314\\Lib\\concurrent\\futures\\thread.py\", line 86, in run\n    result = ctx.run(self.task)\n  File \"C:\\Users\\Robin\\AppData\\Local\\Programs\\Python\\Python314\\Lib\\concurrent\\futures\\thread.py\", line 73, in run\n    return fn(*args, **kwargs)\n  File \"C:\\Users\\Robin\\AppData\\Local\\Programs\\Python\\Python314\\Lib\\socket.py\", line 983, in getaddrinfo\n    for res in _socket.getaddrinfo(host, port, family, type, proto, flags):\n               ~~~~~~~~~~~~~~~~~~~^^^^^^^^^^^^^^^^^^^^^^^^^^^^^^^^^^^^^^^^\nsocket.gaierror: [Errno 11001] getaddrinfo failed", "path": "http://test/api/v1/workspaces/f766c736-cffa-48fd-a31d-6ddfd434ccf6/conversations", "error": "[Errno 11001] getaddrinfo failed"}
------------------------------ Captured log call ------------------------------
ERROR    app.main:main.py:118 Unhandled exception.
Traceback (most recent call last):
  File "D:\Projects\Sentinel AI\.venv\Lib\site-packages\starlette\middleware\errors.py", line 164, in __call__
    await self.app(scope, receive, _send)
  File "D:\Projects\Sentinel AI\.venv\Lib\site-packages\starlette\middleware\cors.py", line 88, in __call__
    await self.app(scope, receive, send)
  File "D:\Projects\Sentinel AI\.venv\Lib\site-packages\starlette\middleware\exceptions.py", line 63, in __call__
    await wrap_app_handling_exceptions(self.app, conn)(scope, receive, send)
  File "D:\Projects\Sentinel AI\.venv\Lib\site-packages\starlette\_exception_handler.py", line 53, in wrapped_app
    raise exc
  File "D:\Projects\Sentinel AI\.venv\Lib\site-packages\starlette\_exception_handler.py", line 42, in wrapped_app
    await app(scope, receive, sender)
  File "D:\Projects\Sentinel AI\.venv\Lib\site-packages\fastapi\middleware\asyncexitstack.py", line 18, in __call__
    await self.app(scope, receive, send)
  File "D:\Projects\Sentinel AI\.venv\Lib\site-packages\starlette\routing.py", line 660, in __call__
    await self.middleware_stack(scope, receive, send)
  File "D:\Projects\Sentinel AI\.venv\Lib\site-packages\fastapi\routing.py", line 2683, in app
    await route.handle(scope, receive, send)
  File "D:\Projects\Sentinel AI\.venv\Lib\site-packages\fastapi\routing.py", line 1753, in handle
    await self.original_router.handle(scope, receive, send)
  File "D:\Projects\Sentinel AI\.venv\Lib\site-packages\fastapi\routing.py", line 2738, in handle
    await included_router._handle_selected(scope, receive, send)
  File "D:\Projects\Sentinel AI\.venv\Lib\site-packages\fastapi\routing.py", line 1764, in _handle_selected
    await route.handle(scope, receive, send)
  File "D:\Projects\Sentinel AI\.venv\Lib\site-packages\fastapi\routing.py", line 1753, in handle
    await self.original_router.handle(scope, receive, send)
  File "D:\Projects\Sentinel AI\.venv\Lib\site-packages\fastapi\routing.py", line 2738, in handle
    await included_router._handle_selected(scope, receive, send)
  File "D:\Projects\Sentinel AI\.venv\Lib\site-packages\fastapi\routing.py", line 1773, in _handle_selected
    await original_route.handle(scope, receive, send)
  File "D:\Projects\Sentinel AI\.venv\Lib\site-packages\fastapi\routing.py", line 1264, in handle
    await app(scope, receive, send)
  File "D:\Projects\Sentinel AI\.venv\Lib\site-packages\fastapi\routing.py", line 150, in app
    await wrap_app_handling_exceptions(app, request)(scope, receive, send)
  File "D:\Projects\Sentinel AI\.venv\Lib\site-packages\starlette\_exception_handler.py", line 53, in wrapped_app
    raise exc
  File "D:\Projects\Sentinel AI\.venv\Lib\site-packages\starlette\_exception_handler.py", line 42, in wrapped_app
    await app(scope, receive, sender)
  File "D:\Projects\Sentinel AI\.venv\Lib\site-packages\fastapi\routing.py", line 136, in app
    response = await f(request)
               ^^^^^^^^^^^^^^^^
  File "D:\Projects\Sentinel AI\.venv\Lib\site-packages\fastapi\routing.py", line 690, in app
    raw_response = await run_endpoint_function(
                   ^^^^^^^^^^^^^^^^^^^^^^^^^^^^
    ...<3 lines>...
    )
    ^
  File "D:\Projects\Sentinel AI\.venv\Lib\site-packages\fastapi\routing.py", line 344, in run_endpoint_function
    return await dependant.call(**values)
           ^^^^^^^^^^^^^^^^^^^^^^^^^^^^^^
  File "D:\Projects\Sentinel AI\backend\app\modules\conversations\router.py", line 61, in create_conversation
    conversation = await service.create_conversation(
                   ^^^^^^^^^^^^^^^^^^^^^^^^^^^^^^^^^^
    ...<3 lines>...
    )
    ^
  File "D:\Projects\Sentinel AI\backend\app\modules\conversations\service.py", line 42, in create_conversation
    await self._get_workspace(workspace_id, owner_id)
  File "D:\Projects\Sentinel AI\backend\app\modules\conversations\service.py", line 163, in _get_workspace
    workspace = await self._workspace_repo.get_by_id(workspace_id, owner_id)
                ^^^^^^^^^^^^^^^^^^^^^^^^^^^^^^^^^^^^^^^^^^^^^^^^^^^^^^^^^^^^
  File "D:\Projects\Sentinel AI\backend\app\modules\workspaces\repository.py", line 30, in get_by_id
    result = await self._session.execute(
             ^^^^^^^^^^^^^^^^^^^^^^^^^^^^
    ...<4 lines>...
    )
    ^
  File "D:\Projects\Sentinel AI\.venv\Lib\site-packages\sqlalchemy\ext\asyncio\session.py", line 448, in execute
    result = await greenlet_spawn(
             ^^^^^^^^^^^^^^^^^^^^^
    ...<6 lines>...
    )
    ^
  File "D:\Projects\Sentinel AI\.venv\Lib\site-packages\sqlalchemy\util\_concurrency_py3k.py", line 201, in greenlet_spawn
    result = context.throw(*sys.exc_info())
  File "D:\Projects\Sentinel AI\.venv\Lib\site-packages\sqlalchemy\orm\session.py", line 2373, in execute
    return self._execute_internal(
           ~~~~~~~~~~~~~~~~~~~~~~^
        statement,
        ^^^^^^^^^^
    ...<4 lines>...
        _add_event=_add_event,
        ^^^^^^^^^^^^^^^^^^^^^^
    )
    ^
  File "D:\Projects\Sentinel AI\.venv\Lib\site-packages\sqlalchemy\orm\session.py", line 2261, in _execute_internal
    conn = self._connection_for_bind(bind)
  File "D:\Projects\Sentinel AI\.venv\Lib\site-packages\sqlalchemy\orm\session.py", line 2113, in _connection_for_bind
    return trans._connection_for_bind(engine, execution_options)
           ~~~~~~~~~~~~~~~~~~~~~~~~~~^^^^^^^^^^^^^^^^^^^^^^^^^^^
  File "<string>", line 2, in _connection_for_bind
  File "D:\Projects\Sentinel AI\.venv\Lib\site-packages\sqlalchemy\orm\state_changes.py", line 137, in _go
    ret_value = fn(self, *arg, **kw)
  File "D:\Projects\Sentinel AI\.venv\Lib\site-packages\sqlalchemy\orm\session.py", line 1191, in _connection_for_bind
    conn = bind.connect()
  File "D:\Projects\Sentinel AI\.venv\Lib\site-packages\sqlalchemy\engine\base.py", line 3295, in connect
    return self._connection_cls(self)
           ~~~~~~~~~~~~~~~~~~~~^^^^^^
  File "D:\Projects\Sentinel AI\.venv\Lib\site-packages\sqlalchemy\engine\base.py", line 144, in __init__
    self._dbapi_connection = engine.raw_connection()
                             ~~~~~~~~~~~~~~~~~~~~~^^
  File "D:\Projects\Sentinel AI\.venv\Lib\site-packages\sqlalchemy\engine\base.py", line 3319, in raw_connection
    return self.pool.connect()
           ~~~~~~~~~~~~~~~~~^^
  File "D:\Projects\Sentinel AI\.venv\Lib\site-packages\sqlalchemy\pool\base.py", line 448, in connect
    return _ConnectionFairy._checkout(self)
           ~~~~~~~~~~~~~~~~~~~~~~~~~~^^^^^^
  File "D:\Projects\Sentinel AI\.venv\Lib\site-packages\sqlalchemy\pool\base.py", line 1272, in _checkout
    fairy = _ConnectionRecord.checkout(pool)
  File "D:\Projects\Sentinel AI\.venv\Lib\site-packages\sqlalchemy\pool\base.py", line 712, in checkout
    rec = pool._do_get()
  File "D:\Projects\Sentinel AI\.venv\Lib\site-packages\sqlalchemy\pool\impl.py", line 178, in _do_get
    with util.safe_reraise():
         ~~~~~~~~~~~~~~~~~^^
  File "D:\Projects\Sentinel AI\.venv\Lib\site-packages\sqlalchemy\util\langhelpers.py", line 122, in __exit__
    raise exc_value.with_traceback(exc_tb)
  File "D:\Projects\Sentinel AI\.venv\Lib\site-packages\sqlalchemy\pool\impl.py", line 176, in _do_get
    return self._create_connection()
           ~~~~~~~~~~~~~~~~~~~~~~~^^
  File "D:\Projects\Sentinel AI\.venv\Lib\site-packages\sqlalchemy\pool\base.py", line 389, in _create_connection
    return _ConnectionRecord(self)
  File "D:\Projects\Sentinel AI\.venv\Lib\site-packages\sqlalchemy\pool\base.py", line 674, in __init__
    self.__connect()
    ~~~~~~~~~~~~~~^^
  File "D:\Projects\Sentinel AI\.venv\Lib\site-packages\sqlalchemy\pool\base.py", line 900, in __connect
    with util.safe_reraise():
         ~~~~~~~~~~~~~~~~~^^
  File "D:\Projects\Sentinel AI\.venv\Lib\site-packages\sqlalchemy\util\langhelpers.py", line 122, in __exit__
    raise exc_value.with_traceback(exc_tb)
  File "D:\Projects\Sentinel AI\.venv\Lib\site-packages\sqlalchemy\pool\base.py", line 896, in __connect
    self.dbapi_connection = connection = pool._invoke_creator(self)
                                         ~~~~~~~~~~~~~~~~~~~~^^^^^^
  File "D:\Projects\Sentinel AI\.venv\Lib\site-packages\sqlalchemy\engine\create.py", line 667, in connect
    return dialect.connect(*cargs_tup, **cparams)
           ~~~~~~~~~~~~~~~^^^^^^^^^^^^^^^^^^^^^^^
  File "D:\Projects\Sentinel AI\.venv\Lib\site-packages\sqlalchemy\engine\default.py", line 630, in connect
    return self.loaded_dbapi.connect(*cargs, **cparams)  # type: ignore[no-any-return]  # NOQA: E501
           ~~~~~~~~~~~~~~~~~~~~~~~~~^^^^^^^^^^^^^^^^^^^
  File "D:\Projects\Sentinel AI\.venv\Lib\site-packages\sqlalchemy\dialects\postgresql\asyncpg.py", line 955, in connect
    await_only(creator_fn(*arg, **kw)),
    ~~~~~~~~~~^^^^^^^^^^^^^^^^^^^^^^^^
  File "D:\Projects\Sentinel AI\.venv\Lib\site-packages\sqlalchemy\util\_concurrency_py3k.py", line 132, in await_only
    return current.parent.switch(awaitable)  # type: ignore[no-any-return,attr-defined] # noqa: E501
           ~~~~~~~~~~~~~~~~~~~~~^^^^^^^^^^^
  File "D:\Projects\Sentinel AI\.venv\Lib\site-packages\sqlalchemy\util\_concurrency_py3k.py", line 196, in greenlet_spawn
    value = await result
            ^^^^^^^^^^^^
  File "D:\Projects\Sentinel AI\.venv\Lib\site-packages\asyncpg\connection.py", line 2443, in connect
    return await connect_utils._connect(
           ^^^^^^^^^^^^^^^^^^^^^^^^^^^^^
    ...<22 lines>...
    )
    ^
  File "D:\Projects\Sentinel AI\.venv\Lib\site-packages\asyncpg\connect_utils.py", line 1249, in _connect
    raise last_error or exceptions.TargetServerAttributeNotMatched(
    ...<2 lines>...
    )
  File "D:\Projects\Sentinel AI\.venv\Lib\site-packages\asyncpg\connect_utils.py", line 1218, in _connect
    conn = await _connect_addr(
           ^^^^^^^^^^^^^^^^^^^^
    ...<6 lines>...
    )
    ^
  File "D:\Projects\Sentinel AI\.venv\Lib\site-packages\asyncpg\connect_utils.py", line 1054, in _connect_addr
    return await __connect_addr(params, True, *args)
           ^^^^^^^^^^^^^^^^^^^^^^^^^^^^^^^^^^^^^^^^^
  File "D:\Projects\Sentinel AI\.venv\Lib\site-packages\asyncpg\connect_utils.py", line 1099, in __connect_addr
    tr, pr = await connector
             ^^^^^^^^^^^^^^^
  File "D:\Projects\Sentinel AI\.venv\Lib\site-packages\asyncpg\connect_utils.py", line 969, in _create_ssl_connection
    tr, pr = await loop.create_connection(
             ^^^^^^^^^^^^^^^^^^^^^^^^^^^^^
    ...<2 lines>...
        host, port)
        ^^^^^^^^^^^
  File "C:\Users\Robin\AppData\Local\Programs\Python\Python314\Lib\asyncio\base_events.py", line 1119, in create_connection
    infos = await self._ensure_resolved(
            ^^^^^^^^^^^^^^^^^^^^^^^^^^^^
        (host, port), family=family,
        ^^^^^^^^^^^^^^^^^^^^^^^^^^^^
        type=socket.SOCK_STREAM, proto=proto, flags=flags, loop=self)
        ^^^^^^^^^^^^^^^^^^^^^^^^^^^^^^^^^^^^^^^^^^^^^^^^^^^^^^^^^^^^^
  File "C:\Users\Robin\AppData\Local\Programs\Python\Python314\Lib\asyncio\base_events.py", line 1505, in _ensure_resolved
    return await loop.getaddrinfo(host, port, family=family, type=type,
           ^^^^^^^^^^^^^^^^^^^^^^^^^^^^^^^^^^^^^^^^^^^^^^^^^^^^^^^^^^^^
                                  proto=proto, flags=flags)
                                  ^^^^^^^^^^^^^^^^^^^^^^^^^
  File "C:\Users\Robin\AppData\Local\Programs\Python\Python314\Lib\asyncio\base_events.py", line 936, in getaddrinfo
    return await self.run_in_executor(
           ^^^^^^^^^^^^^^^^^^^^^^^^^^^
        None, getaddr_func, host, port, family, type, proto, flags)
        ^^^^^^^^^^^^^^^^^^^^^^^^^^^^^^^^^^^^^^^^^^^^^^^^^^^^^^^^^^^
  File "C:\Users\Robin\AppData\Local\Programs\Python\Python314\Lib\concurrent\futures\thread.py", line 86, in run
    result = ctx.run(self.task)
  File "C:\Users\Robin\AppData\Local\Programs\Python\Python314\Lib\concurrent\futures\thread.py", line 73, in run
    return fn(*args, **kwargs)
  File "C:\Users\Robin\AppData\Local\Programs\Python\Python314\Lib\socket.py", line 983, in getaddrinfo
    for res in _socket.getaddrinfo(host, port, family, type, proto, flags):
               ~~~~~~~~~~~~~~~~~~~^^^^^^^^^^^^^^^^^^^^^^^^^^^^^^^^^^^^^^^^
socket.gaierror: [Errno 11001] getaddrinfo failed
________ TestConversationEndToEnd.test_transaction_rollback_on_failure ________

self = <test_conversation_e2e.TestConversationEndToEnd object at 0x00000182D91E5370>
e2e_client = <httpx.AsyncClient object at 0x00000182D97C8830>
e2e_db_setup = {'user': <app.modules.auth.models.User object at 0x00000182D97CDE50>, 'workspace': <app.modules.workspaces.models.Work...ject at 0x00000182D97CC450>, 'other_workspace': <app.modules.workspaces.models.Workspace object at 0x00000182D97CD750>}
mock_llm = <test_conversation_e2e.MockE2ELLMProvider object at 0x00000182D98502B0>

    async def test_transaction_rollback_on_failure(self, e2e_client, e2e_db_setup, mock_llm):
        """Category 7: Verify that catastrophic failures unwind the transaction and leave no orphaned messages."""
        workspace_id = e2e_db_setup["workspace"].id
    
>       create_res = await e2e_client.post(
            f"/api/v1/workspaces/{workspace_id}/conversations",
            json={"title": "Rollback Test"}
        )

tests\integration\test_conversation_e2e.py:276: 
_ _ _ _ _ _ _ _ _ _ _ _ _ _ _ _ _ _ _ _ _ _ _ _ _ _ _ _ _ _ _ _ _ _ _ _ _ _ _ _
.venv\Lib\site-packages\httpx\_client.py:1859: in post
    return await self.request(
.venv\Lib\site-packages\httpx\_client.py:1540: in request
    return await self.send(request, auth=auth, follow_redirects=follow_redirects)
           ^^^^^^^^^^^^^^^^^^^^^^^^^^^^^^^^^^^^^^^^^^^^^^^^^^^^^^^^^^^^^^^^^^^^^^
.venv\Lib\site-packages\httpx\_client.py:1629: in send
    response = await self._send_handling_auth(
.venv\Lib\site-packages\httpx\_client.py:1657: in _send_handling_auth
    response = await self._send_handling_redirects(
.venv\Lib\site-packages\httpx\_client.py:1694: in _send_handling_redirects
    response = await self._send_single_request(request)
               ^^^^^^^^^^^^^^^^^^^^^^^^^^^^^^^^^^^^^^^^
.venv\Lib\site-packages\httpx\_client.py:1730: in _send_single_request
    response = await transport.handle_async_request(request)
               ^^^^^^^^^^^^^^^^^^^^^^^^^^^^^^^^^^^^^^^^^^^^^
.venv\Lib\site-packages\httpx\_transports\asgi.py:170: in handle_async_request
    await self.app(scope, receive, send)
.venv\Lib\site-packages\fastapi\applications.py:1163: in __call__
    await super().__call__(scope, receive, send)
.venv\Lib\site-packages\starlette\applications.py:90: in __call__
    await self.middleware_stack(scope, receive, send)
.venv\Lib\site-packages\starlette\middleware\errors.py:186: in __call__
    raise exc
.venv\Lib\site-packages\starlette\middleware\errors.py:164: in __call__
    await self.app(scope, receive, _send)
.venv\Lib\site-packages\starlette\middleware\cors.py:88: in __call__
    await self.app(scope, receive, send)
.venv\Lib\site-packages\starlette\middleware\exceptions.py:63: in __call__
    await wrap_app_handling_exceptions(self.app, conn)(scope, receive, send)
.venv\Lib\site-packages\starlette\_exception_handler.py:53: in wrapped_app
    raise exc
.venv\Lib\site-packages\starlette\_exception_handler.py:42: in wrapped_app
    await app(scope, receive, sender)
.venv\Lib\site-packages\fastapi\middleware\asyncexitstack.py:18: in __call__
    await self.app(scope, receive, send)
.venv\Lib\site-packages\starlette\routing.py:660: in __call__
    await self.middleware_stack(scope, receive, send)
.venv\Lib\site-packages\fastapi\routing.py:2683: in app
    await route.handle(scope, receive, send)
.venv\Lib\site-packages\fastapi\routing.py:1753: in handle
    await self.original_router.handle(scope, receive, send)
.venv\Lib\site-packages\fastapi\routing.py:2738: in handle
    await included_router._handle_selected(scope, receive, send)
.venv\Lib\site-packages\fastapi\routing.py:1764: in _handle_selected
    await route.handle(scope, receive, send)
.venv\Lib\site-packages\fastapi\routing.py:1753: in handle
    await self.original_router.handle(scope, receive, send)
.venv\Lib\site-packages\fastapi\routing.py:2738: in handle
    await included_router._handle_selected(scope, receive, send)
.venv\Lib\site-packages\fastapi\routing.py:1773: in _handle_selected
    await original_route.handle(scope, receive, send)
.venv\Lib\site-packages\fastapi\routing.py:1264: in handle
    await app(scope, receive, send)
.venv\Lib\site-packages\fastapi\routing.py:150: in app
    await wrap_app_handling_exceptions(app, request)(scope, receive, send)
.venv\Lib\site-packages\starlette\_exception_handler.py:53: in wrapped_app
    raise exc
.venv\Lib\site-packages\starlette\_exception_handler.py:42: in wrapped_app
    await app(scope, receive, sender)
.venv\Lib\site-packages\fastapi\routing.py:136: in app
    response = await f(request)
               ^^^^^^^^^^^^^^^^
.venv\Lib\site-packages\fastapi\routing.py:690: in app
    raw_response = await run_endpoint_function(
.venv\Lib\site-packages\fastapi\routing.py:344: in run_endpoint_function
    return await dependant.call(**values)
           ^^^^^^^^^^^^^^^^^^^^^^^^^^^^^^
backend\app\modules\conversations\router.py:61: in create_conversation
    conversation = await service.create_conversation(
backend\app\modules\conversations\service.py:42: in create_conversation
    await self._get_workspace(workspace_id, owner_id)
backend\app\modules\conversations\service.py:163: in _get_workspace
    workspace = await self._workspace_repo.get_by_id(workspace_id, owner_id)
                ^^^^^^^^^^^^^^^^^^^^^^^^^^^^^^^^^^^^^^^^^^^^^^^^^^^^^^^^^^^^
backend\app\modules\workspaces\repository.py:30: in get_by_id
    result = await self._session.execute(
.venv\Lib\site-packages\sqlalchemy\ext\asyncio\session.py:448: in execute
    result = await greenlet_spawn(
.venv\Lib\site-packages\sqlalchemy\util\_concurrency_py3k.py:201: in greenlet_spawn
    result = context.throw(*sys.exc_info())
             ^^^^^^^^^^^^^^^^^^^^^^^^^^^^^^
.venv\Lib\site-packages\sqlalchemy\orm\session.py:2373: in execute
    return self._execute_internal(
.venv\Lib\site-packages\sqlalchemy\orm\session.py:2261: in _execute_internal
    conn = self._connection_for_bind(bind)
           ^^^^^^^^^^^^^^^^^^^^^^^^^^^^^^^
.venv\Lib\site-packages\sqlalchemy\orm\session.py:2113: in _connection_for_bind
    return trans._connection_for_bind(engine, execution_options)
           ^^^^^^^^^^^^^^^^^^^^^^^^^^^^^^^^^^^^^^^^^^^^^^^^^^^^^
<string>:2: in _connection_for_bind
    ???
.venv\Lib\site-packages\sqlalchemy\orm\state_changes.py:137: in _go
    ret_value = fn(self, *arg, **kw)
                ^^^^^^^^^^^^^^^^^^^^
.venv\Lib\site-packages\sqlalchemy\orm\session.py:1191: in _connection_for_bind
    conn = bind.connect()
           ^^^^^^^^^^^^^^
.venv\Lib\site-packages\sqlalchemy\engine\base.py:3295: in connect
    return self._connection_cls(self)
           ^^^^^^^^^^^^^^^^^^^^^^^^^^
.venv\Lib\site-packages\sqlalchemy\engine\base.py:144: in __init__
    self._dbapi_connection = engine.raw_connection()
                             ^^^^^^^^^^^^^^^^^^^^^^^
.venv\Lib\site-packages\sqlalchemy\engine\base.py:3319: in raw_connection
    return self.pool.connect()
           ^^^^^^^^^^^^^^^^^^^
.venv\Lib\site-packages\sqlalchemy\pool\base.py:448: in connect
    return _ConnectionFairy._checkout(self)
           ^^^^^^^^^^^^^^^^^^^^^^^^^^^^^^^^
.venv\Lib\site-packages\sqlalchemy\pool\base.py:1272: in _checkout
    fairy = _ConnectionRecord.checkout(pool)
            ^^^^^^^^^^^^^^^^^^^^^^^^^^^^^^^^
.venv\Lib\site-packages\sqlalchemy\pool\base.py:712: in checkout
    rec = pool._do_get()
          ^^^^^^^^^^^^^^
.venv\Lib\site-packages\sqlalchemy\pool\impl.py:178: in _do_get
    with util.safe_reraise():
         ^^^^^^^^^^^^^^^^^^^
.venv\Lib\site-packages\sqlalchemy\util\langhelpers.py:122: in __exit__
    raise exc_value.with_traceback(exc_tb)
.venv\Lib\site-packages\sqlalchemy\pool\impl.py:176: in _do_get
    return self._create_connection()
           ^^^^^^^^^^^^^^^^^^^^^^^^^
.venv\Lib\site-packages\sqlalchemy\pool\base.py:389: in _create_connection
    return _ConnectionRecord(self)
           ^^^^^^^^^^^^^^^^^^^^^^^
.venv\Lib\site-packages\sqlalchemy\pool\base.py:674: in __init__
    self.__connect()
.venv\Lib\site-packages\sqlalchemy\pool\base.py:900: in __connect
    with util.safe_reraise():
         ^^^^^^^^^^^^^^^^^^^
.venv\Lib\site-packages\sqlalchemy\util\langhelpers.py:122: in __exit__
    raise exc_value.with_traceback(exc_tb)
.venv\Lib\site-packages\sqlalchemy\pool\base.py:896: in __connect
    self.dbapi_connection = connection = pool._invoke_creator(self)
                                         ^^^^^^^^^^^^^^^^^^^^^^^^^^
.venv\Lib\site-packages\sqlalchemy\engine\create.py:667: in connect
    return dialect.connect(*cargs_tup, **cparams)
           ^^^^^^^^^^^^^^^^^^^^^^^^^^^^^^^^^^^^^^
.venv\Lib\site-packages\sqlalchemy\engine\default.py:630: in connect
    return self.loaded_dbapi.connect(*cargs, **cparams)  # type: ignore[no-any-return]  # NOQA: E501
           ^^^^^^^^^^^^^^^^^^^^^^^^^^^^^^^^^^^^^^^^^^^^
.venv\Lib\site-packages\sqlalchemy\dialects\postgresql\asyncpg.py:955: in connect
    await_only(creator_fn(*arg, **kw)),
    ^^^^^^^^^^^^^^^^^^^^^^^^^^^^^^^^^^
.venv\Lib\site-packages\sqlalchemy\util\_concurrency_py3k.py:132: in await_only
    return current.parent.switch(awaitable)  # type: ignore[no-any-return,attr-defined] # noqa: E501
           ^^^^^^^^^^^^^^^^^^^^^^^^^^^^^^^^
.venv\Lib\site-packages\sqlalchemy\util\_concurrency_py3k.py:196: in greenlet_spawn
    value = await result
            ^^^^^^^^^^^^
.venv\Lib\site-packages\asyncpg\connection.py:2443: in connect
    return await connect_utils._connect(
.venv\Lib\site-packages\asyncpg\connect_utils.py:1249: in _connect
    raise last_error or exceptions.TargetServerAttributeNotMatched(
.venv\Lib\site-packages\asyncpg\connect_utils.py:1218: in _connect
    conn = await _connect_addr(
.venv\Lib\site-packages\asyncpg\connect_utils.py:1054: in _connect_addr
    return await __connect_addr(params, True, *args)
           ^^^^^^^^^^^^^^^^^^^^^^^^^^^^^^^^^^^^^^^^^
.venv\Lib\site-packages\asyncpg\connect_utils.py:1099: in __connect_addr
    tr, pr = await connector
             ^^^^^^^^^^^^^^^
.venv\Lib\site-packages\asyncpg\connect_utils.py:969: in _create_ssl_connection
    tr, pr = await loop.create_connection(
C:\Users\Robin\AppData\Local\Programs\Python\Python314\Lib\asyncio\base_events.py:1119: in create_connection
    infos = await self._ensure_resolved(
C:\Users\Robin\AppData\Local\Programs\Python\Python314\Lib\asyncio\base_events.py:1505: in _ensure_resolved
    return await loop.getaddrinfo(host, port, family=family, type=type,
C:\Users\Robin\AppData\Local\Programs\Python\Python314\Lib\asyncio\base_events.py:936: in getaddrinfo
    return await self.run_in_executor(
C:\Users\Robin\AppData\Local\Programs\Python\Python314\Lib\concurrent\futures\thread.py:86: in run
    result = ctx.run(self.task)
             ^^^^^^^^^^^^^^^^^^
C:\Users\Robin\AppData\Local\Programs\Python\Python314\Lib\concurrent\futures\thread.py:73: in run
    return fn(*args, **kwargs)
           ^^^^^^^^^^^^^^^^^^^
_ _ _ _ _ _ _ _ _ _ _ _ _ _ _ _ _ _ _ _ _ _ _ _ _ _ _ _ _ _ _ _ _ _ _ _ _ _ _ _

host = 'postgres', port = 5432, family = 0, type = <SocketKind.SOCK_STREAM: 1>
proto = 0, flags = 0

    def getaddrinfo(host, port, family=0, type=0, proto=0, flags=0):
        """Resolve host and port into list of address info entries.
    
        Translate the host/port argument into a sequence of 5-tuples that contain
        all the necessary arguments for creating a socket connected to that service.
        host is a domain name, a string representation of an IPv4/v6 address or
        None. port is a string service name such as 'http', a numeric port number or
        None. By passing None as the value of host and port, you can pass NULL to
        the underlying C API.
    
        The family, type and proto arguments can be optionally specified in order to
        narrow the list of addresses returned. Passing zero as a value for each of
        these arguments selects the full range of results.
        """
        # We override this function since we want to translate the numeric family
        # and socket type values to enum constants.
        addrlist = []
>       for res in _socket.getaddrinfo(host, port, family, type, proto, flags):
                   ^^^^^^^^^^^^^^^^^^^^^^^^^^^^^^^^^^^^^^^^^^^^^^^^^^^^^^^^^^^
E       socket.gaierror: [Errno 11001] getaddrinfo failed

C:\Users\Robin\AppData\Local\Programs\Python\Python314\Lib\socket.py:983: gaierror
---------------------------- Captured stdout call -----------------------------
{"timestamp": "2026-07-21 03:51:44,407", "level": "ERROR", "name": "app.main", "message": "Unhandled exception.", "exc_info": "Traceback (most recent call last):\n  File \"D:\\Projects\\Sentinel AI\\.venv\\Lib\\site-packages\\starlette\\middleware\\errors.py\", line 164, in __call__\n    await self.app(scope, receive, _send)\n  File \"D:\\Projects\\Sentinel AI\\.venv\\Lib\\site-packages\\starlette\\middleware\\cors.py\", line 88, in __call__\n    await self.app(scope, receive, send)\n  File \"D:\\Projects\\Sentinel AI\\.venv\\Lib\\site-packages\\starlette\\middleware\\exceptions.py\", line 63, in __call__\n    await wrap_app_handling_exceptions(self.app, conn)(scope, receive, send)\n  File \"D:\\Projects\\Sentinel AI\\.venv\\Lib\\site-packages\\starlette\\_exception_handler.py\", line 53, in wrapped_app\n    raise exc\n  File \"D:\\Projects\\Sentinel AI\\.venv\\Lib\\site-packages\\starlette\\_exception_handler.py\", line 42, in wrapped_app\n    await app(scope, receive, sender)\n  File \"D:\\Projects\\Sentinel AI\\.venv\\Lib\\site-packages\\fastapi\\middleware\\asyncexitstack.py\", line 18, in __call__\n    await self.app(scope, receive, send)\n  File \"D:\\Projects\\Sentinel AI\\.venv\\Lib\\site-packages\\starlette\\routing.py\", line 660, in __call__\n    await self.middleware_stack(scope, receive, send)\n  File \"D:\\Projects\\Sentinel AI\\.venv\\Lib\\site-packages\\fastapi\\routing.py\", line 2683, in app\n    await route.handle(scope, receive, send)\n  File \"D:\\Projects\\Sentinel AI\\.venv\\Lib\\site-packages\\fastapi\\routing.py\", line 1753, in handle\n    await self.original_router.handle(scope, receive, send)\n  File \"D:\\Projects\\Sentinel AI\\.venv\\Lib\\site-packages\\fastapi\\routing.py\", line 2738, in handle\n    await included_router._handle_selected(scope, receive, send)\n  File \"D:\\Projects\\Sentinel AI\\.venv\\Lib\\site-packages\\fastapi\\routing.py\", line 1764, in _handle_selected\n    await route.handle(scope, receive, send)\n  File \"D:\\Projects\\Sentinel AI\\.venv\\Lib\\site-packages\\fastapi\\routing.py\", line 1753, in handle\n    await self.original_router.handle(scope, receive, send)\n  File \"D:\\Projects\\Sentinel AI\\.venv\\Lib\\site-packages\\fastapi\\routing.py\", line 2738, in handle\n    await included_router._handle_selected(scope, receive, send)\n  File \"D:\\Projects\\Sentinel AI\\.venv\\Lib\\site-packages\\fastapi\\routing.py\", line 1773, in _handle_selected\n    await original_route.handle(scope, receive, send)\n  File \"D:\\Projects\\Sentinel AI\\.venv\\Lib\\site-packages\\fastapi\\routing.py\", line 1264, in handle\n    await app(scope, receive, send)\n  File \"D:\\Projects\\Sentinel AI\\.venv\\Lib\\site-packages\\fastapi\\routing.py\", line 150, in app\n    await wrap_app_handling_exceptions(app, request)(scope, receive, send)\n  File \"D:\\Projects\\Sentinel AI\\.venv\\Lib\\site-packages\\starlette\\_exception_handler.py\", line 53, in wrapped_app\n    raise exc\n  File \"D:\\Projects\\Sentinel AI\\.venv\\Lib\\site-packages\\starlette\\_exception_handler.py\", line 42, in wrapped_app\n    await app(scope, receive, sender)\n  File \"D:\\Projects\\Sentinel AI\\.venv\\Lib\\site-packages\\fastapi\\routing.py\", line 136, in app\n    response = await f(request)\n               ^^^^^^^^^^^^^^^^\n  File \"D:\\Projects\\Sentinel AI\\.venv\\Lib\\site-packages\\fastapi\\routing.py\", line 690, in app\n    raw_response = await run_endpoint_function(\n                   ^^^^^^^^^^^^^^^^^^^^^^^^^^^^\n    ...<3 lines>...\n    )\n    ^\n  File \"D:\\Projects\\Sentinel AI\\.venv\\Lib\\site-packages\\fastapi\\routing.py\", line 344, in run_endpoint_function\n    return await dependant.call(**values)\n           ^^^^^^^^^^^^^^^^^^^^^^^^^^^^^^\n  File \"D:\\Projects\\Sentinel AI\\backend\\app\\modules\\conversations\\router.py\", line 61, in create_conversation\n    conversation = await service.create_conversation(\n                   ^^^^^^^^^^^^^^^^^^^^^^^^^^^^^^^^^^\n    ...<3 lines>...\n    )\n    ^\n  File \"D:\\Projects\\Sentinel AI\\backend\\app\\modules\\conversations\\service.py\", line 42, in create_conversation\n    await self._get_workspace(workspace_id, owner_id)\n  File \"D:\\Projects\\Sentinel AI\\backend\\app\\modules\\conversations\\service.py\", line 163, in _get_workspace\n    workspace = await self._workspace_repo.get_by_id(workspace_id, owner_id)\n                ^^^^^^^^^^^^^^^^^^^^^^^^^^^^^^^^^^^^^^^^^^^^^^^^^^^^^^^^^^^^\n  File \"D:\\Projects\\Sentinel AI\\backend\\app\\modules\\workspaces\\repository.py\", line 30, in get_by_id\n    result = await self._session.execute(\n             ^^^^^^^^^^^^^^^^^^^^^^^^^^^^\n    ...<4 lines>...\n    )\n    ^\n  File \"D:\\Projects\\Sentinel AI\\.venv\\Lib\\site-packages\\sqlalchemy\\ext\\asyncio\\session.py\", line 448, in execute\n    result = await greenlet_spawn(\n             ^^^^^^^^^^^^^^^^^^^^^\n    ...<6 lines>...\n    )\n    ^\n  File \"D:\\Projects\\Sentinel AI\\.venv\\Lib\\site-packages\\sqlalchemy\\util\\_concurrency_py3k.py\", line 201, in greenlet_spawn\n    result = context.throw(*sys.exc_info())\n  File \"D:\\Projects\\Sentinel AI\\.venv\\Lib\\site-packages\\sqlalchemy\\orm\\session.py\", line 2373, in execute\n    return self._execute_internal(\n           ~~~~~~~~~~~~~~~~~~~~~~^\n        statement,\n        ^^^^^^^^^^\n    ...<4 lines>...\n        _add_event=_add_event,\n        ^^^^^^^^^^^^^^^^^^^^^^\n    )\n    ^\n  File \"D:\\Projects\\Sentinel AI\\.venv\\Lib\\site-packages\\sqlalchemy\\orm\\session.py\", line 2261, in _execute_internal\n    conn = self._connection_for_bind(bind)\n  File \"D:\\Projects\\Sentinel AI\\.venv\\Lib\\site-packages\\sqlalchemy\\orm\\session.py\", line 2113, in _connection_for_bind\n    return trans._connection_for_bind(engine, execution_options)\n           ~~~~~~~~~~~~~~~~~~~~~~~~~~^^^^^^^^^^^^^^^^^^^^^^^^^^^\n  File \"<string>\", line 2, in _connection_for_bind\n  File \"D:\\Projects\\Sentinel AI\\.venv\\Lib\\site-packages\\sqlalchemy\\orm\\state_changes.py\", line 137, in _go\n    ret_value = fn(self, *arg, **kw)\n  File \"D:\\Projects\\Sentinel AI\\.venv\\Lib\\site-packages\\sqlalchemy\\orm\\session.py\", line 1191, in _connection_for_bind\n    conn = bind.connect()\n  File \"D:\\Projects\\Sentinel AI\\.venv\\Lib\\site-packages\\sqlalchemy\\engine\\base.py\", line 3295, in connect\n    return self._connection_cls(self)\n           ~~~~~~~~~~~~~~~~~~~~^^^^^^\n  File \"D:\\Projects\\Sentinel AI\\.venv\\Lib\\site-packages\\sqlalchemy\\engine\\base.py\", line 144, in __init__\n    self._dbapi_connection = engine.raw_connection()\n                             ~~~~~~~~~~~~~~~~~~~~~^^\n  File \"D:\\Projects\\Sentinel AI\\.venv\\Lib\\site-packages\\sqlalchemy\\engine\\base.py\", line 3319, in raw_connection\n    return self.pool.connect()\n           ~~~~~~~~~~~~~~~~~^^\n  File \"D:\\Projects\\Sentinel AI\\.venv\\Lib\\site-packages\\sqlalchemy\\pool\\base.py\", line 448, in connect\n    return _ConnectionFairy._checkout(self)\n           ~~~~~~~~~~~~~~~~~~~~~~~~~~^^^^^^\n  File \"D:\\Projects\\Sentinel AI\\.venv\\Lib\\site-packages\\sqlalchemy\\pool\\base.py\", line 1272, in _checkout\n    fairy = _ConnectionRecord.checkout(pool)\n  File \"D:\\Projects\\Sentinel AI\\.venv\\Lib\\site-packages\\sqlalchemy\\pool\\base.py\", line 712, in checkout\n    rec = pool._do_get()\n  File \"D:\\Projects\\Sentinel AI\\.venv\\Lib\\site-packages\\sqlalchemy\\pool\\impl.py\", line 178, in _do_get\n    with util.safe_reraise():\n         ~~~~~~~~~~~~~~~~~^^\n  File \"D:\\Projects\\Sentinel AI\\.venv\\Lib\\site-packages\\sqlalchemy\\util\\langhelpers.py\", line 122, in __exit__\n    raise exc_value.with_traceback(exc_tb)\n  File \"D:\\Projects\\Sentinel AI\\.venv\\Lib\\site-packages\\sqlalchemy\\pool\\impl.py\", line 176, in _do_get\n    return self._create_connection()\n           ~~~~~~~~~~~~~~~~~~~~~~~^^\n  File \"D:\\Projects\\Sentinel AI\\.venv\\Lib\\site-packages\\sqlalchemy\\pool\\base.py\", line 389, in _create_connection\n    return _ConnectionRecord(self)\n  File \"D:\\Projects\\Sentinel AI\\.venv\\Lib\\site-packages\\sqlalchemy\\pool\\base.py\", line 674, in __init__\n    self.__connect()\n    ~~~~~~~~~~~~~~^^\n  File \"D:\\Projects\\Sentinel AI\\.venv\\Lib\\site-packages\\sqlalchemy\\pool\\base.py\", line 900, in __connect\n    with util.safe_reraise():\n         ~~~~~~~~~~~~~~~~~^^\n  File \"D:\\Projects\\Sentinel AI\\.venv\\Lib\\site-packages\\sqlalchemy\\util\\langhelpers.py\", line 122, in __exit__\n    raise exc_value.with_traceback(exc_tb)\n  File \"D:\\Projects\\Sentinel AI\\.venv\\Lib\\site-packages\\sqlalchemy\\pool\\base.py\", line 896, in __connect\n    self.dbapi_connection = connection = pool._invoke_creator(self)\n                                         ~~~~~~~~~~~~~~~~~~~~^^^^^^\n  File \"D:\\Projects\\Sentinel AI\\.venv\\Lib\\site-packages\\sqlalchemy\\engine\\create.py\", line 667, in connect\n    return dialect.connect(*cargs_tup, **cparams)\n           ~~~~~~~~~~~~~~~^^^^^^^^^^^^^^^^^^^^^^^\n  File \"D:\\Projects\\Sentinel AI\\.venv\\Lib\\site-packages\\sqlalchemy\\engine\\default.py\", line 630, in connect\n    return self.loaded_dbapi.connect(*cargs, **cparams)  # type: ignore[no-any-return]  # NOQA: E501\n           ~~~~~~~~~~~~~~~~~~~~~~~~~^^^^^^^^^^^^^^^^^^^\n  File \"D:\\Projects\\Sentinel AI\\.venv\\Lib\\site-packages\\sqlalchemy\\dialects\\postgresql\\asyncpg.py\", line 955, in connect\n    await_only(creator_fn(*arg, **kw)),\n    ~~~~~~~~~~^^^^^^^^^^^^^^^^^^^^^^^^\n  File \"D:\\Projects\\Sentinel AI\\.venv\\Lib\\site-packages\\sqlalchemy\\util\\_concurrency_py3k.py\", line 132, in await_only\n    return current.parent.switch(awaitable)  # type: ignore[no-any-return,attr-defined] # noqa: E501\n           ~~~~~~~~~~~~~~~~~~~~~^^^^^^^^^^^\n  File \"D:\\Projects\\Sentinel AI\\.venv\\Lib\\site-packages\\sqlalchemy\\util\\_concurrency_py3k.py\", line 196, in greenlet_spawn\n    value = await result\n            ^^^^^^^^^^^^\n  File \"D:\\Projects\\Sentinel AI\\.venv\\Lib\\site-packages\\asyncpg\\connection.py\", line 2443, in connect\n    return await connect_utils._connect(\n           ^^^^^^^^^^^^^^^^^^^^^^^^^^^^^\n    ...<22 lines>...\n    )\n    ^\n  File \"D:\\Projects\\Sentinel AI\\.venv\\Lib\\site-packages\\asyncpg\\connect_utils.py\", line 1249, in _connect\n    raise last_error or exceptions.TargetServerAttributeNotMatched(\n    ...<2 lines>...\n    )\n  File \"D:\\Projects\\Sentinel AI\\.venv\\Lib\\site-packages\\asyncpg\\connect_utils.py\", line 1218, in _connect\n    conn = await _connect_addr(\n           ^^^^^^^^^^^^^^^^^^^^\n    ...<6 lines>...\n    )\n    ^\n  File \"D:\\Projects\\Sentinel AI\\.venv\\Lib\\site-packages\\asyncpg\\connect_utils.py\", line 1054, in _connect_addr\n    return await __connect_addr(params, True, *args)\n           ^^^^^^^^^^^^^^^^^^^^^^^^^^^^^^^^^^^^^^^^^\n  File \"D:\\Projects\\Sentinel AI\\.venv\\Lib\\site-packages\\asyncpg\\connect_utils.py\", line 1099, in __connect_addr\n    tr, pr = await connector\n             ^^^^^^^^^^^^^^^\n  File \"D:\\Projects\\Sentinel AI\\.venv\\Lib\\site-packages\\asyncpg\\connect_utils.py\", line 969, in _create_ssl_connection\n    tr, pr = await loop.create_connection(\n             ^^^^^^^^^^^^^^^^^^^^^^^^^^^^^\n    ...<2 lines>...\n        host, port)\n        ^^^^^^^^^^^\n  File \"C:\\Users\\Robin\\AppData\\Local\\Programs\\Python\\Python314\\Lib\\asyncio\\base_events.py\", line 1119, in create_connection\n    infos = await self._ensure_resolved(\n            ^^^^^^^^^^^^^^^^^^^^^^^^^^^^\n        (host, port), family=family,\n        ^^^^^^^^^^^^^^^^^^^^^^^^^^^^\n        type=socket.SOCK_STREAM, proto=proto, flags=flags, loop=self)\n        ^^^^^^^^^^^^^^^^^^^^^^^^^^^^^^^^^^^^^^^^^^^^^^^^^^^^^^^^^^^^^\n  File \"C:\\Users\\Robin\\AppData\\Local\\Programs\\Python\\Python314\\Lib\\asyncio\\base_events.py\", line 1505, in _ensure_resolved\n    return await loop.getaddrinfo(host, port, family=family, type=type,\n           ^^^^^^^^^^^^^^^^^^^^^^^^^^^^^^^^^^^^^^^^^^^^^^^^^^^^^^^^^^^^\n                                  proto=proto, flags=flags)\n                                  ^^^^^^^^^^^^^^^^^^^^^^^^^\n  File \"C:\\Users\\Robin\\AppData\\Local\\Programs\\Python\\Python314\\Lib\\asyncio\\base_events.py\", line 936, in getaddrinfo\n    return await self.run_in_executor(\n           ^^^^^^^^^^^^^^^^^^^^^^^^^^^\n        None, getaddr_func, host, port, family, type, proto, flags)\n        ^^^^^^^^^^^^^^^^^^^^^^^^^^^^^^^^^^^^^^^^^^^^^^^^^^^^^^^^^^^\n  File \"C:\\Users\\Robin\\AppData\\Local\\Programs\\Python\\Python314\\Lib\\concurrent\\futures\\thread.py\", line 86, in run\n    result = ctx.run(self.task)\n  File \"C:\\Users\\Robin\\AppData\\Local\\Programs\\Python\\Python314\\Lib\\concurrent\\futures\\thread.py\", line 73, in run\n    return fn(*args, **kwargs)\n  File \"C:\\Users\\Robin\\AppData\\Local\\Programs\\Python\\Python314\\Lib\\socket.py\", line 983, in getaddrinfo\n    for res in _socket.getaddrinfo(host, port, family, type, proto, flags):\n               ~~~~~~~~~~~~~~~~~~~^^^^^^^^^^^^^^^^^^^^^^^^^^^^^^^^^^^^^^^^\nsocket.gaierror: [Errno 11001] getaddrinfo failed", "path": "http://test/api/v1/workspaces/4bb311cb-2792-4dfe-9244-8f974afc6538/conversations", "error": "[Errno 11001] getaddrinfo failed"}
------------------------------ Captured log call ------------------------------
ERROR    app.main:main.py:118 Unhandled exception.
Traceback (most recent call last):
  File "D:\Projects\Sentinel AI\.venv\Lib\site-packages\starlette\middleware\errors.py", line 164, in __call__
    await self.app(scope, receive, _send)
  File "D:\Projects\Sentinel AI\.venv\Lib\site-packages\starlette\middleware\cors.py", line 88, in __call__
    await self.app(scope, receive, send)
  File "D:\Projects\Sentinel AI\.venv\Lib\site-packages\starlette\middleware\exceptions.py", line 63, in __call__
    await wrap_app_handling_exceptions(self.app, conn)(scope, receive, send)
  File "D:\Projects\Sentinel AI\.venv\Lib\site-packages\starlette\_exception_handler.py", line 53, in wrapped_app
    raise exc
  File "D:\Projects\Sentinel AI\.venv\Lib\site-packages\starlette\_exception_handler.py", line 42, in wrapped_app
    await app(scope, receive, sender)
  File "D:\Projects\Sentinel AI\.venv\Lib\site-packages\fastapi\middleware\asyncexitstack.py", line 18, in __call__
    await self.app(scope, receive, send)
  File "D:\Projects\Sentinel AI\.venv\Lib\site-packages\starlette\routing.py", line 660, in __call__
    await self.middleware_stack(scope, receive, send)
  File "D:\Projects\Sentinel AI\.venv\Lib\site-packages\fastapi\routing.py", line 2683, in app
    await route.handle(scope, receive, send)
  File "D:\Projects\Sentinel AI\.venv\Lib\site-packages\fastapi\routing.py", line 1753, in handle
    await self.original_router.handle(scope, receive, send)
  File "D:\Projects\Sentinel AI\.venv\Lib\site-packages\fastapi\routing.py", line 2738, in handle
    await included_router._handle_selected(scope, receive, send)
  File "D:\Projects\Sentinel AI\.venv\Lib\site-packages\fastapi\routing.py", line 1764, in _handle_selected
    await route.handle(scope, receive, send)
  File "D:\Projects\Sentinel AI\.venv\Lib\site-packages\fastapi\routing.py", line 1753, in handle
    await self.original_router.handle(scope, receive, send)
  File "D:\Projects\Sentinel AI\.venv\Lib\site-packages\fastapi\routing.py", line 2738, in handle
    await included_router._handle_selected(scope, receive, send)
  File "D:\Projects\Sentinel AI\.venv\Lib\site-packages\fastapi\routing.py", line 1773, in _handle_selected
    await original_route.handle(scope, receive, send)
  File "D:\Projects\Sentinel AI\.venv\Lib\site-packages\fastapi\routing.py", line 1264, in handle
    await app(scope, receive, send)
  File "D:\Projects\Sentinel AI\.venv\Lib\site-packages\fastapi\routing.py", line 150, in app
    await wrap_app_handling_exceptions(app, request)(scope, receive, send)
  File "D:\Projects\Sentinel AI\.venv\Lib\site-packages\starlette\_exception_handler.py", line 53, in wrapped_app
    raise exc
  File "D:\Projects\Sentinel AI\.venv\Lib\site-packages\starlette\_exception_handler.py", line 42, in wrapped_app
    await app(scope, receive, sender)
  File "D:\Projects\Sentinel AI\.venv\Lib\site-packages\fastapi\routing.py", line 136, in app
    response = await f(request)
               ^^^^^^^^^^^^^^^^
  File "D:\Projects\Sentinel AI\.venv\Lib\site-packages\fastapi\routing.py", line 690, in app
    raw_response = await run_endpoint_function(
                   ^^^^^^^^^^^^^^^^^^^^^^^^^^^^
    ...<3 lines>...
    )
    ^
  File "D:\Projects\Sentinel AI\.venv\Lib\site-packages\fastapi\routing.py", line 344, in run_endpoint_function
    return await dependant.call(**values)
           ^^^^^^^^^^^^^^^^^^^^^^^^^^^^^^
  File "D:\Projects\Sentinel AI\backend\app\modules\conversations\router.py", line 61, in create_conversation
    conversation = await service.create_conversation(
                   ^^^^^^^^^^^^^^^^^^^^^^^^^^^^^^^^^^
    ...<3 lines>...
    )
    ^
  File "D:\Projects\Sentinel AI\backend\app\modules\conversations\service.py", line 42, in create_conversation
    await self._get_workspace(workspace_id, owner_id)
  File "D:\Projects\Sentinel AI\backend\app\modules\conversations\service.py", line 163, in _get_workspace
    workspace = await self._workspace_repo.get_by_id(workspace_id, owner_id)
                ^^^^^^^^^^^^^^^^^^^^^^^^^^^^^^^^^^^^^^^^^^^^^^^^^^^^^^^^^^^^
  File "D:\Projects\Sentinel AI\backend\app\modules\workspaces\repository.py", line 30, in get_by_id
    result = await self._session.execute(
             ^^^^^^^^^^^^^^^^^^^^^^^^^^^^
    ...<4 lines>...
    )
    ^
  File "D:\Projects\Sentinel AI\.venv\Lib\site-packages\sqlalchemy\ext\asyncio\session.py", line 448, in execute
    result = await greenlet_spawn(
             ^^^^^^^^^^^^^^^^^^^^^
    ...<6 lines>...
    )
    ^
  File "D:\Projects\Sentinel AI\.venv\Lib\site-packages\sqlalchemy\util\_concurrency_py3k.py", line 201, in greenlet_spawn
    result = context.throw(*sys.exc_info())
  File "D:\Projects\Sentinel AI\.venv\Lib\site-packages\sqlalchemy\orm\session.py", line 2373, in execute
    return self._execute_internal(
           ~~~~~~~~~~~~~~~~~~~~~~^
        statement,
        ^^^^^^^^^^
    ...<4 lines>...
        _add_event=_add_event,
        ^^^^^^^^^^^^^^^^^^^^^^
    )
    ^
  File "D:\Projects\Sentinel AI\.venv\Lib\site-packages\sqlalchemy\orm\session.py", line 2261, in _execute_internal
    conn = self._connection_for_bind(bind)
  File "D:\Projects\Sentinel AI\.venv\Lib\site-packages\sqlalchemy\orm\session.py", line 2113, in _connection_for_bind
    return trans._connection_for_bind(engine, execution_options)
           ~~~~~~~~~~~~~~~~~~~~~~~~~~^^^^^^^^^^^^^^^^^^^^^^^^^^^
  File "<string>", line 2, in _connection_for_bind
  File "D:\Projects\Sentinel AI\.venv\Lib\site-packages\sqlalchemy\orm\state_changes.py", line 137, in _go
    ret_value = fn(self, *arg, **kw)
  File "D:\Projects\Sentinel AI\.venv\Lib\site-packages\sqlalchemy\orm\session.py", line 1191, in _connection_for_bind
    conn = bind.connect()
  File "D:\Projects\Sentinel AI\.venv\Lib\site-packages\sqlalchemy\engine\base.py", line 3295, in connect
    return self._connection_cls(self)
           ~~~~~~~~~~~~~~~~~~~~^^^^^^
  File "D:\Projects\Sentinel AI\.venv\Lib\site-packages\sqlalchemy\engine\base.py", line 144, in __init__
    self._dbapi_connection = engine.raw_connection()
                             ~~~~~~~~~~~~~~~~~~~~~^^
  File "D:\Projects\Sentinel AI\.venv\Lib\site-packages\sqlalchemy\engine\base.py", line 3319, in raw_connection
    return self.pool.connect()
           ~~~~~~~~~~~~~~~~~^^
  File "D:\Projects\Sentinel AI\.venv\Lib\site-packages\sqlalchemy\pool\base.py", line 448, in connect
    return _ConnectionFairy._checkout(self)
           ~~~~~~~~~~~~~~~~~~~~~~~~~~^^^^^^
  File "D:\Projects\Sentinel AI\.venv\Lib\site-packages\sqlalchemy\pool\base.py", line 1272, in _checkout
    fairy = _ConnectionRecord.checkout(pool)
  File "D:\Projects\Sentinel AI\.venv\Lib\site-packages\sqlalchemy\pool\base.py", line 712, in checkout
    rec = pool._do_get()
  File "D:\Projects\Sentinel AI\.venv\Lib\site-packages\sqlalchemy\pool\impl.py", line 178, in _do_get
    with util.safe_reraise():
         ~~~~~~~~~~~~~~~~~^^
  File "D:\Projects\Sentinel AI\.venv\Lib\site-packages\sqlalchemy\util\langhelpers.py", line 122, in __exit__
    raise exc_value.with_traceback(exc_tb)
  File "D:\Projects\Sentinel AI\.venv\Lib\site-packages\sqlalchemy\pool\impl.py", line 176, in _do_get
    return self._create_connection()
           ~~~~~~~~~~~~~~~~~~~~~~~^^
  File "D:\Projects\Sentinel AI\.venv\Lib\site-packages\sqlalchemy\pool\base.py", line 389, in _create_connection
    return _ConnectionRecord(self)
  File "D:\Projects\Sentinel AI\.venv\Lib\site-packages\sqlalchemy\pool\base.py", line 674, in __init__
    self.__connect()
    ~~~~~~~~~~~~~~^^
  File "D:\Projects\Sentinel AI\.venv\Lib\site-packages\sqlalchemy\pool\base.py", line 900, in __connect
    with util.safe_reraise():
         ~~~~~~~~~~~~~~~~~^^
  File "D:\Projects\Sentinel AI\.venv\Lib\site-packages\sqlalchemy\util\langhelpers.py", line 122, in __exit__
    raise exc_value.with_traceback(exc_tb)
  File "D:\Projects\Sentinel AI\.venv\Lib\site-packages\sqlalchemy\pool\base.py", line 896, in __connect
    self.dbapi_connection = connection = pool._invoke_creator(self)
                                         ~~~~~~~~~~~~~~~~~~~~^^^^^^
  File "D:\Projects\Sentinel AI\.venv\Lib\site-packages\sqlalchemy\engine\create.py", line 667, in connect
    return dialect.connect(*cargs_tup, **cparams)
           ~~~~~~~~~~~~~~~^^^^^^^^^^^^^^^^^^^^^^^
  File "D:\Projects\Sentinel AI\.venv\Lib\site-packages\sqlalchemy\engine\default.py", line 630, in connect
    return self.loaded_dbapi.connect(*cargs, **cparams)  # type: ignore[no-any-return]  # NOQA: E501
           ~~~~~~~~~~~~~~~~~~~~~~~~~^^^^^^^^^^^^^^^^^^^
  File "D:\Projects\Sentinel AI\.venv\Lib\site-packages\sqlalchemy\dialects\postgresql\asyncpg.py", line 955, in connect
    await_only(creator_fn(*arg, **kw)),
    ~~~~~~~~~~^^^^^^^^^^^^^^^^^^^^^^^^
  File "D:\Projects\Sentinel AI\.venv\Lib\site-packages\sqlalchemy\util\_concurrency_py3k.py", line 132, in await_only
    return current.parent.switch(awaitable)  # type: ignore[no-any-return,attr-defined] # noqa: E501
           ~~~~~~~~~~~~~~~~~~~~~^^^^^^^^^^^
  File "D:\Projects\Sentinel AI\.venv\Lib\site-packages\sqlalchemy\util\_concurrency_py3k.py", line 196, in greenlet_spawn
    value = await result
            ^^^^^^^^^^^^
  File "D:\Projects\Sentinel AI\.venv\Lib\site-packages\asyncpg\connection.py", line 2443, in connect
    return await connect_utils._connect(
           ^^^^^^^^^^^^^^^^^^^^^^^^^^^^^
    ...<22 lines>...
    )
    ^
  File "D:\Projects\Sentinel AI\.venv\Lib\site-packages\asyncpg\connect_utils.py", line 1249, in _connect
    raise last_error or exceptions.TargetServerAttributeNotMatched(
    ...<2 lines>...
    )
  File "D:\Projects\Sentinel AI\.venv\Lib\site-packages\asyncpg\connect_utils.py", line 1218, in _connect
    conn = await _connect_addr(
           ^^^^^^^^^^^^^^^^^^^^
    ...<6 lines>...
    )
    ^
  File "D:\Projects\Sentinel AI\.venv\Lib\site-packages\asyncpg\connect_utils.py", line 1054, in _connect_addr
    return await __connect_addr(params, True, *args)
           ^^^^^^^^^^^^^^^^^^^^^^^^^^^^^^^^^^^^^^^^^
  File "D:\Projects\Sentinel AI\.venv\Lib\site-packages\asyncpg\connect_utils.py", line 1099, in __connect_addr
    tr, pr = await connector
             ^^^^^^^^^^^^^^^
  File "D:\Projects\Sentinel AI\.venv\Lib\site-packages\asyncpg\connect_utils.py", line 969, in _create_ssl_connection
    tr, pr = await loop.create_connection(
             ^^^^^^^^^^^^^^^^^^^^^^^^^^^^^
    ...<2 lines>...
        host, port)
        ^^^^^^^^^^^
  File "C:\Users\Robin\AppData\Local\Programs\Python\Python314\Lib\asyncio\base_events.py", line 1119, in create_connection
    infos = await self._ensure_resolved(
            ^^^^^^^^^^^^^^^^^^^^^^^^^^^^
        (host, port), family=family,
        ^^^^^^^^^^^^^^^^^^^^^^^^^^^^
        type=socket.SOCK_STREAM, proto=proto, flags=flags, loop=self)
        ^^^^^^^^^^^^^^^^^^^^^^^^^^^^^^^^^^^^^^^^^^^^^^^^^^^^^^^^^^^^^
  File "C:\Users\Robin\AppData\Local\Programs\Python\Python314\Lib\asyncio\base_events.py", line 1505, in _ensure_resolved
    return await loop.getaddrinfo(host, port, family=family, type=type,
           ^^^^^^^^^^^^^^^^^^^^^^^^^^^^^^^^^^^^^^^^^^^^^^^^^^^^^^^^^^^^
                                  proto=proto, flags=flags)
                                  ^^^^^^^^^^^^^^^^^^^^^^^^^
  File "C:\Users\Robin\AppData\Local\Programs\Python\Python314\Lib\asyncio\base_events.py", line 936, in getaddrinfo
    return await self.run_in_executor(
           ^^^^^^^^^^^^^^^^^^^^^^^^^^^
        None, getaddr_func, host, port, family, type, proto, flags)
        ^^^^^^^^^^^^^^^^^^^^^^^^^^^^^^^^^^^^^^^^^^^^^^^^^^^^^^^^^^^
  File "C:\Users\Robin\AppData\Local\Programs\Python\Python314\Lib\concurrent\futures\thread.py", line 86, in run
    result = ctx.run(self.task)
  File "C:\Users\Robin\AppData\Local\Programs\Python\Python314\Lib\concurrent\futures\thread.py", line 73, in run
    return fn(*args, **kwargs)
  File "C:\Users\Robin\AppData\Local\Programs\Python\Python314\Lib\socket.py", line 983, in getaddrinfo
    for res in _socket.getaddrinfo(host, port, family, type, proto, flags):
               ~~~~~~~~~~~~~~~~~~~^^^^^^^^^^^^^^^^^^^^^^^^^^^^^^^^^^^^^^^^
socket.gaierror: [Errno 11001] getaddrinfo failed
=========================== short test summary info ===========================
FAILED tests/integration/test_conversation_e2e.py::TestConversationEndToEnd::test_conversation_lifecycle
FAILED tests/integration/test_conversation_e2e.py::TestConversationEndToEnd::test_messaging_and_memory_workflow
FAILED tests/integration/test_conversation_e2e.py::TestConversationEndToEnd::test_authorization_and_isolation
FAILED tests/integration/test_conversation_e2e.py::TestConversationEndToEnd::test_payload_validation
FAILED tests/integration/test_conversation_e2e.py::TestConversationEndToEnd::test_transaction_rollback_on_failure
============================= 5 failed in 22.13s ==============================
